Archive member included to satisfy reference by file (symbol)

/mnt/external/opt/lib/libc_v7em_fpv4_sp_d16_hard_t_le_eabi.a(libc_asm.o)
                              Output/Release/Obj/ble_app_uart_pca10056_s140/bsp.o (__aeabi_uldivmod)
/mnt/external/opt/lib/libc_v7em_fpv4_sp_d16_hard_t_le_eabi.a(libc2.o)
                              Output/Release/Obj/ble_app_uart_pca10056_s140/nrf_log_str_formatter.o (isprint)
/mnt/external/opt/lib/libc_v7em_fpv4_sp_d16_hard_t_le_eabi.a(libc2_asm.o)
                              Output/Release/Obj/ble_app_uart_pca10056_s140/nrf_log_frontend.o (memcpy)
/mnt/external/opt/lib/libc_v7em_fpv4_sp_d16_hard_t_le_eabi.a(libvfprintf.o)
                              (__vfprintf_long)
/mnt/external/opt/lib/libc_v7em_fpv4_sp_d16_hard_t_le_eabi.a(libvfscanf.o)
                              (__vfscanf_long)
/mnt/external/opt/lib/libc_v7em_fpv4_sp_d16_hard_t_le_eabi.a(libc.o)
                              /mnt/external/opt/lib/libc_v7em_fpv4_sp_d16_hard_t_le_eabi.a(libc2.o) (__heap_lock)
/mnt/external/opt/lib/libdebugio_v7em_fpv4_sp_d16_hard_t_le_eabi.a(libdebugio.o)
                              Output/Release/Obj/ble_app_uart_pca10056_s140/thumb_crt0.o (debug_fopen)
/mnt/external/opt/lib/libdebugio_v7em_fpv4_sp_d16_hard_t_le_eabi.a(do_nv_debug_operation.o)
                              /mnt/external/opt/lib/libdebugio_v7em_fpv4_sp_d16_hard_t_le_eabi.a(libdebugio.o) (__do_nvdebug_operation)
/mnt/external/opt/lib/libdebugio_v7em_fpv4_sp_d16_hard_t_le_eabi.a(mempoll_debug_operations.o)
                              (__do_debug_operation_mempoll)
/mnt/external/opt/lib/libm_v7em_fpv4_sp_d16_hard_t_le_eabi.a(libm_asm.o)
                              /mnt/external/opt/lib/libc_v7em_fpv4_sp_d16_hard_t_le_eabi.a(libc2.o) (__aeabi_dadd)
/mnt/external/opt/lib/libm_v7em_fpv4_sp_d16_hard_t_le_eabi.a(libm2.o)
                              /mnt/external/opt/lib/libc_v7em_fpv4_sp_d16_hard_t_le_eabi.a(libvfprintf.o) (frexp)

Discarded input sections

 .text          0x0000000000000000        0x0 Output/Release/Obj/ble_app_uart_pca10056_s140/thumb_crt0.o
 .data          0x0000000000000000        0x0 Output/Release/Obj/ble_app_uart_pca10056_s140/thumb_crt0.o
 .bss           0x0000000000000000        0x0 Output/Release/Obj/ble_app_uart_pca10056_s140/thumb_crt0.o
 .text.__aeabi_read_tp
                0x0000000000000000        0x8 Output/Release/Obj/ble_app_uart_pca10056_s140/thumb_crt0.o
 .text.abort    0x0000000000000000        0x2 Output/Release/Obj/ble_app_uart_pca10056_s140/thumb_crt0.o
 .text.__assert
                0x0000000000000000        0x2 Output/Release/Obj/ble_app_uart_pca10056_s140/thumb_crt0.o
 .text.__assert_func
                0x0000000000000000        0x2 Output/Release/Obj/ble_app_uart_pca10056_s140/thumb_crt0.o
 .text.__aeabi_assert
                0x0000000000000000        0x2 Output/Release/Obj/ble_app_uart_pca10056_s140/thumb_crt0.o
 .text.__sync_synchronize
                0x0000000000000000        0x2 Output/Release/Obj/ble_app_uart_pca10056_s140/thumb_crt0.o
 .text.__getchar
                0x0000000000000000        0x4 Output/Release/Obj/ble_app_uart_pca10056_s140/thumb_crt0.o
 .text.__putchar
                0x0000000000000000        0x4 Output/Release/Obj/ble_app_uart_pca10056_s140/thumb_crt0.o
 .text.__open   0x0000000000000000        0x4 Output/Release/Obj/ble_app_uart_pca10056_s140/thumb_crt0.o
 .text.__close  0x0000000000000000        0x4 Output/Release/Obj/ble_app_uart_pca10056_s140/thumb_crt0.o
 .text.__write  0x0000000000000000        0xa Output/Release/Obj/ble_app_uart_pca10056_s140/thumb_crt0.o
 .text.__read   0x0000000000000000        0xa Output/Release/Obj/ble_app_uart_pca10056_s140/thumb_crt0.o
 .text.__seek   0x0000000000000000       0x1a Output/Release/Obj/ble_app_uart_pca10056_s140/thumb_crt0.o
 .text.remove   0x0000000000000000        0x4 Output/Release/Obj/ble_app_uart_pca10056_s140/thumb_crt0.o
 .text.rename   0x0000000000000000        0x4 Output/Release/Obj/ble_app_uart_pca10056_s140/thumb_crt0.o
 .bss.__user_locale_name_buffer
                0x0000000000000000        0x4 Output/Release/Obj/ble_app_uart_pca10056_s140/thumb_crt0.o
 .stack         0x0000000000000000        0x0 Output/Release/Obj/ble_app_uart_pca10056_s140/thumb_crt0.o
 .stack_process
                0x0000000000000000        0x0 Output/Release/Obj/ble_app_uart_pca10056_s140/thumb_crt0.o
 .heap          0x0000000000000000        0x0 Output/Release/Obj/ble_app_uart_pca10056_s140/thumb_crt0.o
 .group         0x0000000000000000        0xc Output/Release/Obj/ble_app_uart_pca10056_s140/nrf_log_backend_rtt.o
 .group         0x0000000000000000        0xc Output/Release/Obj/ble_app_uart_pca10056_s140/nrf_log_backend_rtt.o
 .group         0x0000000000000000        0xc Output/Release/Obj/ble_app_uart_pca10056_s140/nrf_log_backend_rtt.o
 .group         0x0000000000000000        0xc Output/Release/Obj/ble_app_uart_pca10056_s140/nrf_log_backend_rtt.o
[...]
Memory Configuration

Name             Origin             Length             Attributes
UNPLACED_SECTIONS 0x0000000100000000 0x0000000000000000 xw
RAM1             0x0000000020000000 0x0000000000040000 xw
FLASH            0x0000000000000000 0x0000000000100000 xw
*default*        0x0000000000000000 0xffffffffffffffff

Linker script and memory map

                0x0000000000000000                __do_debug_operation = __do_debug_operation_mempoll
                0x000000000002d188                __vfprintf = __vfprintf_long
                0x0000000000000000                __vfscanf = __vfscanf_long
                0x0000000020000000                __RAM1_segment_start__ = 0x20000000
                0x0000000020040000                __RAM1_segment_end__ = 0x20040000
                0x0000000000040000                __RAM1_segment_size__ = 0x40000
                0x0000000000000000                __FLASH_segment_start__ = 0x0
                0x0000000000100000                __FLASH_segment_end__ = 0x100000
                0x0000000000100000                __FLASH_segment_size__ = 0x100000
                0x0000000000002000                __HEAPSIZE__ = 0x2000
                0x0000000000000000                __STACKSIZE_PROCESS__ = 0x0
                0x0000000000002000                __STACKSIZE__ = 0x2000
                0x0000000020000000                __reserved_ram_load_start__ = 0x20000000

.reserved_ram   0x0000000020000000     0x2ae8
                0x0000000020000000                __reserved_ram_start__ = .
 *(.reserved_ram .reserved_ram.*)
                0x0000000020002ae8                . = MAX (((__reserved_ram_start__ + 0x20002ae8) - 0x20000000), .)
 *fill*         0x0000000020000000     0x2ae8 
                0x0000000020002ae8                __reserved_ram_end__ = (__reserved_ram_start__ + SIZEOF (.reserved_ram))
                0x0000000000002ae8                __reserved_ram_size__ = SIZEOF (.reserved_ram)
                0x0000000020002ae8                __reserved_ram_load_end__ = __reserved_ram_end__
                0x0000000000000001                . = ASSERT (((__reserved_ram_start__ == __reserved_ram_end__) || ((__reserved_ram_end__ - __RAM1_segment_start__) <= __RAM1_segment_size__)), error: .reserved_ram is too large to fit in RAM1 memory segment)
                0x0000000020002ae8                __vectors_ram_load_start__ = 0x20002ae8

.vectors_ram    0x0000000020002ae8        0x0
                0x0000000020002ae8                __vectors_ram_start__ = .
                0x0000000020002ae8                __app_ram_start__ = __vectors_ram_start__
 *(.vectors_ram .vectors_ram.*)
                0x0000000020002ae8                __vectors_ram_end__ = (__vectors_ram_start__ + SIZEOF (.vectors_ram))
                0x0000000000000000                __vectors_ram_size__ = SIZEOF (.vectors_ram)
                0x0000000020002ae8                __vectors_ram_load_end__ = __vectors_ram_end__
                0x0000000000000001                . = ASSERT (((__vectors_ram_start__ == __vectors_ram_end__) || ((__vectors_ram_end__ - __RAM1_segment_start__) <= __RAM1_segment_size__)), error: .vectors_ram is too large to fit in RAM1 memory segment)
                0x0000000000000001                . = ASSERT ((__reserved_ram_end__ <= __vectors_ram_start__), error: section .reserved_ram overlaps absolute placed section .vectors_ram)
                0x0000000020002ae8                __nrf_sections_run_load_start__ = ALIGN (__vectors_ram_end__, 0x4)

.nrf_sections_run
                0x0000000020002ae8        0x0
                0x0000000020002ae8                __nrf_sections_run_start__ = .
                0x0000000020002ae8                __start_nrf_sections_run = __nrf_sections_run_start__
 *(.nrf_sections_run .nrf_sections_run.*)
                0x0000000020002ae8                __nrf_sections_run_end__ = (__nrf_sections_run_start__ + SIZEOF (.nrf_sections_run))
                0x0000000000000000                __nrf_sections_run_size__ = SIZEOF (.nrf_sections_run)
                0x0000000020002ae8                __nrf_sections_run_load_end__ = __nrf_sections_run_end__
                0x0000000000000001                . = ASSERT (((__nrf_sections_run_start__ == __nrf_sections_run_end__) || ((__nrf_sections_run_end__ - __RAM1_segment_start__) <= __RAM1_segment_size__)), error: .nrf_sections_run is too large to fit in RAM1 memory segment)
                0x0000000000000000                __reserved_flash_load_start__ = 0x0

.reserved_flash
                0x0000000000000000    0x27000
                0x0000000000000000                __reserved_flash_start__ = .
 *(.reserved_flash .reserved_flash.*)
                0x0000000000027000                . = MAX (((__reserved_flash_start__ + 0x27000) - 0x0), .)
 *fill*         0x0000000000000000    0x27000 
                0x0000000000027000                __reserved_flash_end__ = (__reserved_flash_start__ + SIZEOF (.reserved_flash))
                0x0000000000027000                __reserved_flash_size__ = SIZEOF (.reserved_flash)
                0x0000000000027000                __reserved_flash_load_end__ = __reserved_flash_end__
                0x0000000000000001                . = ASSERT (((__reserved_flash_start__ == __reserved_flash_end__) || ((__reserved_flash_end__ - __FLASH_segment_start__) <= __FLASH_segment_size__)), error: .reserved_flash is too large to fit in FLASH memory segment)
                0x0000000000027000                __vectors_load_start__ = 0x27000

.vectors        0x0000000000027000      0x200
                0x0000000000027000                __vectors_start__ = .
 *(.vectors .vectors.*)
 .vectors       0x0000000000027000      0x200 Output/Release/Obj/ble_app_uart_pca10056_s140/ses_startup_nrf52840.o
                0x0000000000027000                _vectors
                0x0000000000027200                __vectors_end__ = (__vectors_start__ + SIZEOF (.vectors))
                0x0000000000000200                __vectors_size__ = SIZEOF (.vectors)
                0x0000000000027200                __vectors_load_end__ = __vectors_end__
                0x0000000000000001                . = ASSERT (((__vectors_start__ == __vectors_end__) || ((__vectors_end__ - __FLASH_segment_start__) <= __FLASH_segment_size__)), error: .vectors is too large to fit in FLASH memory segment)
                0x0000000000000001                . = ASSERT ((__reserved_flash_end__ <= __vectors_start__), error: section .reserved_flash overlaps absolute placed section .vectors)
                0x0000000000027200                __init_load_start__ = ALIGN (__vectors_end__, 0x4)

.init           0x0000000000027200      0x1d0
                0x0000000000027200                __init_start__ = .
 *(.init .init.*)
 .init          0x0000000000027200      0x15c Output/Release/Obj/ble_app_uart_pca10056_s140/thumb_crt0.o
                0x0000000000027200                _start
                0x00000000000272b4                exit
 .init          0x000000000002735c       0x18 Output/Release/Obj/ble_app_uart_pca10056_s140/ses_startup_nrf52840.o
                0x000000000002735c                NMI_Handler
                0x000000000002735e                HardFault_Handler
                0x0000000000027360                MemoryManagement_Handler
                0x0000000000027362                BusFault_Handler
                0x0000000000027364                UsageFault_Handler
                0x0000000000027366                SVC_Handler
                0x0000000000027368                DebugMon_Handler
                0x000000000002736a                PendSV_Handler
                0x000000000002736c                SysTick_Handler
                0x000000000002736e                TIMER2_IRQHandler
                0x000000000002736e                RTC0_IRQHandler
                0x000000000002736e                SWI0_EGU0_IRQHandler
                0x000000000002736e                PWM1_IRQHandler
                0x000000000002736e                RADIO_IRQHandler
                0x000000000002736e                PDM_IRQHandler
                0x000000000002736e                TEMP_IRQHandler
                0x000000000002736e                QDEC_IRQHandler
                0x000000000002736e                TIMER3_IRQHandler
                0x000000000002736e                PWM3_IRQHandler
                0x000000000002736e                FPU_IRQHandler
                0x000000000002736e                USBD_IRQHandler
                0x000000000002736e                SPIM0_SPIS0_TWIM0_TWIS0_SPI0_TWI0_IRQHandler
                0x000000000002736e                TIMER4_IRQHandler
                0x000000000002736e                CRYPTOCELL_IRQHandler
                0x000000000002736e                I2S_IRQHandler
                0x000000000002736e                SWI4_EGU4_IRQHandler
                0x000000000002736e                TIMER0_IRQHandler
                0x000000000002736e                UARTE1_IRQHandler
                0x000000000002736e                Dummy_Handler
                0x000000000002736e                TIMER1_IRQHandler
                0x000000000002736e                SPIM3_IRQHandler
                0x000000000002736e                PWM2_IRQHandler
                0x000000000002736e                ECB_IRQHandler
                0x000000000002736e                SPIM1_SPIS1_TWIM1_TWIS1_SPI1_TWI1_IRQHandler
                0x000000000002736e                SAADC_IRQHandler
                0x000000000002736e                CCM_AAR_IRQHandler
                0x000000000002736e                WDT_IRQHandler
                0x000000000002736e                SWI5_EGU5_IRQHandler
                0x000000000002736e                RNG_IRQHandler
                0x000000000002736e                RTC2_IRQHandler
                0x000000000002736e                PWM0_IRQHandler
                0x000000000002736e                SWI3_EGU3_IRQHandler
                0x000000000002736e                SWI1_EGU1_IRQHandler
                0x000000000002736e                SPIM2_SPIS2_SPI2_IRQHandler
                0x000000000002736e                NFCT_IRQHandler
                0x000000000002736e                MWU_IRQHandler
                0x000000000002736e                QSPI_IRQHandler
                0x000000000002736e                COMP_LPCOMP_IRQHandler
                0x0000000000027370                nRFInitialize
 .init          0x0000000000027374       0x5c Output/Release/Obj/ble_app_uart_pca10056_s140/ses_startup_nrf_common.o
                0x0000000000027374                Reset_Handler
                0x0000000000027378                afterInitialize
                0x000000000002739c                InitializeUserMemorySections
                0x00000000000273d0                __init_end__ = (__init_start__ + SIZEOF (.init))
                0x00000000000001d0                __init_size__ = SIZEOF (.init)
                0x00000000000273d0                __init_load_end__ = __init_end__
                0x0000000000000001                . = ASSERT (((__init_start__ == __init_end__) || ((__init_end__ - __FLASH_segment_start__) <= __FLASH_segment_size__)), error: .init is too large to fit in FLASH memory segment)
                0x00000000000273d0                __init_rodata_load_start__ = ALIGN (__init_end__, 0x4)

.init_rodata    0x00000000000273d0        0x0
                0x00000000000273d0                __init_rodata_start__ = .
 *(.init_rodata .init_rodata.*)
                0x00000000000273d0                __init_rodata_end__ = (__init_rodata_start__ + SIZEOF (.init_rodata))
                0x0000000000000000                __init_rodata_size__ = SIZEOF (.init_rodata)
                0x00000000000273d0                __init_rodata_load_end__ = __init_rodata_end__
                0x0000000000000001                . = ASSERT (((__init_rodata_start__ == __init_rodata_end__) || ((__init_rodata_end__ - __FLASH_segment_start__) <= __FLASH_segment_size__)), error: .init_rodata is too large to fit in FLASH memory segment)
                0x00000000000273d0                __text_load_start__ = ALIGN (__init_rodata_end__, 0x4)

.text           0x00000000000273d0     0x63f0
                0x00000000000273d0                __text_start__ = .
 *(.text .text.* .glue_7t .glue_7 .gnu.linkonce.t.* .gcc_except_table .ARM.extab* .gnu.linkonce.armextab.*)
 .glue_7        0x00000000000273d0        0x0 linker stubs
 .glue_7t       0x00000000000273d0        0x0 linker stubs
 .text.nrf_log_backend_rtt_flush
                0x00000000000273d0        0x2 Output/Release/Obj/ble_app_uart_pca10056_s140/nrf_log_backend_rtt.o
 *fill*         0x00000000000273d2        0x2 
 .text.nrf_log_backend_rtt_put
                0x00000000000273d4       0x1c Output/Release/Obj/ble_app_uart_pca10056_s140/nrf_log_backend_rtt.o
 .text.serial_tx
                0x00000000000273f0       0x50 Output/Release/Obj/ble_app_uart_pca10056_s140/nrf_log_backend_rtt.o
 .text.nrf_log_backend_rtt_panic_set
                0x0000000000027440        0x2 Output/Release/Obj/ble_app_uart_pca10056_s140/nrf_log_backend_rtt.o
 .text.nrf_log_backend_rtt_init
                0x0000000000027442        0x4 Output/Release/Obj/ble_app_uart_pca10056_s140/nrf_log_backend_rtt.o
                0x0000000000027442                nrf_log_backend_rtt_init
 .text.nrf_log_backend_serial_put
                0x0000000000027446       0xc2 Output/Release/Obj/ble_app_uart_pca10056_s140/nrf_log_backend_serial.o
                0x0000000000027446                nrf_log_backend_serial_put
 .text.nrf_log_default_backends_init
                0x0000000000027508       0x20 Output/Release/Obj/ble_app_uart_pca10056_s140/nrf_log_default_backends.o
                0x0000000000027508                nrf_log_default_backends_init
 .text.invalid_packets_omit
                0x0000000000027528       0x3a Output/Release/Obj/ble_app_uart_pca10056_s140/nrf_log_frontend.o
 *fill*         0x0000000000027562        0x2 
 .text.buf_prealloc
                0x0000000000027564      0x124 Output/Release/Obj/ble_app_uart_pca10056_s140/nrf_log_frontend.o
 .text.nrf_log_init
                0x0000000000027688       0x28 Output/Release/Obj/ble_app_uart_pca10056_s140/nrf_log_frontend.o
                0x0000000000027688                nrf_log_init
 .text.nrf_log_module_name_get
                0x00000000000276b0       0x38 Output/Release/Obj/ble_app_uart_pca10056_s140/nrf_log_frontend.o
                0x00000000000276b0                nrf_log_module_name_get
 .text.nrf_log_color_id_get
                0x00000000000276e8       0x2c Output/Release/Obj/ble_app_uart_pca10056_s140/nrf_log_frontend.o
                0x00000000000276e8                nrf_log_color_id_get
 .text.buffer_is_empty
                0x0000000000027714       0x14 Output/Release/Obj/ble_app_uart_pca10056_s140/nrf_log_frontend.o
                0x0000000000027714                buffer_is_empty
 .text.nrf_log_frontend_dequeue
                0x0000000000027728      0x1fc Output/Release/Obj/ble_app_uart_pca10056_s140/nrf_log_frontend.o
                0x0000000000027728                nrf_log_frontend_dequeue
 .text.std_n    0x0000000000027924       0x8c Output/Release/Obj/ble_app_uart_pca10056_s140/nrf_log_frontend.o
 .text.nrf_log_frontend_std_0
                0x00000000000279b0        0x8 Output/Release/Obj/ble_app_uart_pca10056_s140/nrf_log_frontend.o
                0x00000000000279b0                nrf_log_frontend_std_0
 .text.nrf_log_frontend_std_1
                0x00000000000279b8       0x12 Output/Release/Obj/ble_app_uart_pca10056_s140/nrf_log_frontend.o
                0x00000000000279b8                nrf_log_frontend_std_1
 .text.nrf_log_frontend_std_2
                0x00000000000279ca       0x14 Output/Release/Obj/ble_app_uart_pca10056_s140/nrf_log_frontend.o
                0x00000000000279ca                nrf_log_frontend_std_2
 *fill*         0x00000000000279de        0x2 
 .text.nrf_log_backend_add
                0x00000000000279e0       0x44 Output/Release/Obj/ble_app_uart_pca10056_s140/nrf_log_frontend.o
                0x00000000000279e0                nrf_log_backend_add
 .text.nrf_log_panic
                0x0000000000027a24       0x28 Output/Release/Obj/ble_app_uart_pca10056_s140/nrf_log_frontend.o
                0x0000000000027a24                nrf_log_panic
 .text.postfix_process
                0x0000000000027a4c       0x44 Output/Release/Obj/ble_app_uart_pca10056_s140/nrf_log_str_formatter.o
 .text.prefix_process
                0x0000000000027a90       0x7c Output/Release/Obj/ble_app_uart_pca10056_s140/nrf_log_str_formatter.o
 .text.nrf_log_std_entry_process
                0x0000000000027b0c       0xc8 Output/Release/Obj/ble_app_uart_pca10056_s140/nrf_log_str_formatter.o
                0x0000000000027b0c                nrf_log_std_entry_process
 .text.nrf_log_hexdump_entry_process
                0x0000000000027bd4       0xb8 Output/Release/Obj/ble_app_uart_pca10056_s140/nrf_log_str_formatter.o
                0x0000000000027bd4                nrf_log_hexdump_entry_process
 .text.state_set
                0x0000000000027c8c       0x24 Output/Release/Obj/ble_app_uart_pca10056_s140/app_button.o
 .text.button_get
                0x0000000000027cb0       0x30 Output/Release/Obj/ble_app_uart_pca10056_s140/app_button.o
 .text.usr_event
                0x0000000000027ce0       0x20 Output/Release/Obj/ble_app_uart_pca10056_s140/app_button.o
 .text.timer_start
                0x0000000000027d00       0x18 Output/Release/Obj/ble_app_uart_pca10056_s140/app_button.o
 .text.gpiote_event_handler
                0x0000000000027d18       0x34 Output/Release/Obj/ble_app_uart_pca10056_s140/app_button.o
 .text.evt_handle
                0x0000000000027d4c       0xe4 Output/Release/Obj/ble_app_uart_pca10056_s140/app_button.o
                0x0000000000027d4c                evt_handle
 .text.detection_delay_timeout_handler
                0x0000000000027e30       0x5c Output/Release/Obj/ble_app_uart_pca10056_s140/app_button.o
 .text.app_button_init
                0x0000000000027e8c       0xac Output/Release/Obj/ble_app_uart_pca10056_s140/app_button.o
                0x0000000000027e8c                app_button_init
 .text.app_button_enable
                0x0000000000027f38       0x2c Output/Release/Obj/ble_app_uart_pca10056_s140/app_button.o
                0x0000000000027f38                app_button_enable
 .text.app_error_handler_bare
                0x0000000000027f64       0x1a Output/Release/Obj/ble_app_uart_pca10056_s140/app_error.o
                0x0000000000027f64                app_error_handler_bare
 *fill*         0x0000000000027f7e        0x2 
 .text.app_error_fault_handler
                0x0000000000027f80       0x70 Output/Release/Obj/ble_app_uart_pca10056_s140/app_error_weak.o
                0x0000000000027f80                app_error_fault_handler
 .text.app_fifo_init
                0x0000000000027ff0       0x1e Output/Release/Obj/ble_app_uart_pca10056_s140/app_fifo.o
                0x0000000000027ff0                app_fifo_init
 .text.app_fifo_put
                0x000000000002800e       0x24 Output/Release/Obj/ble_app_uart_pca10056_s140/app_fifo.o
                0x000000000002800e                app_fifo_put
 .text.app_fifo_get
                0x0000000000028032       0x22 Output/Release/Obj/ble_app_uart_pca10056_s140/app_fifo.o
                0x0000000000028032                app_fifo_get
 .text.compare_func
                0x0000000000028054       0x16 Output/Release/Obj/ble_app_uart_pca10056_s140/app_timer2.o
 *fill*         0x000000000002806a        0x2 
 .text.get_now  0x000000000002806c       0x3c Output/Release/Obj/ble_app_uart_pca10056_s140/app_timer2.o
 .text.timer_req_schedule
                0x00000000000280a8       0x38 Output/Release/Obj/ble_app_uart_pca10056_s140/app_timer2.o
 .text.timer_expire
                0x00000000000280e0       0x6c Output/Release/Obj/ble_app_uart_pca10056_s140/app_timer2.o
 .text.app_timer_init
                0x000000000002814c       0x64 Output/Release/Obj/ble_app_uart_pca10056_s140/app_timer2.o
                0x000000000002814c                app_timer_init
 .text.app_timer_create
                0x00000000000281b0       0x16 Output/Release/Obj/ble_app_uart_pca10056_s140/app_timer2.o
                0x00000000000281b0                app_timer_create
 .text.app_timer_start
                0x00000000000281c6       0x30 Output/Release/Obj/ble_app_uart_pca10056_s140/app_timer2.o
                0x00000000000281c6                app_timer_start
 .text.app_timer_stop
                0x00000000000281f6        0xc Output/Release/Obj/ble_app_uart_pca10056_s140/app_timer2.o
                0x00000000000281f6                app_timer_stop
 *fill*         0x0000000000028202        0x2 
 .text.app_timer_cnt_get
                0x0000000000028204        0xc Output/Release/Obj/ble_app_uart_pca10056_s140/app_timer2.o
                0x0000000000028204                app_timer_cnt_get
 .text.rtc_irq  0x0000000000028210      0x198 Output/Release/Obj/ble_app_uart_pca10056_s140/app_timer2.o
 .text.nrf_drv_uart_rx.constprop.0
                0x00000000000283a8       0x28 Output/Release/Obj/ble_app_uart_pca10056_s140/app_uart_fifo.o
 .text.nrf_drv_uart_tx.constprop.0
                0x00000000000283d0       0x28 Output/Release/Obj/ble_app_uart_pca10056_s140/app_uart_fifo.o
 .text.uart_event_handler
                0x00000000000283f8       0x9c Output/Release/Obj/ble_app_uart_pca10056_s140/app_uart_fifo.o
 .text.app_uart_init
                0x0000000000028494       0xb0 Output/Release/Obj/ble_app_uart_pca10056_s140/app_uart_fifo.o
                0x0000000000028494                app_uart_init
 .text.app_uart_get
                0x0000000000028544       0x2c Output/Release/Obj/ble_app_uart_pca10056_s140/app_uart_fifo.o
                0x0000000000028544                app_uart_get
 .text.app_uart_put
                0x0000000000028570       0x50 Output/Release/Obj/ble_app_uart_pca10056_s140/app_uart_fifo.o
                0x0000000000028570                app_uart_put
 .text.app_util_critical_region_enter
                0x00000000000285c0       0x48 Output/Release/Obj/ble_app_uart_pca10056_s140/app_util_platform.o
                0x00000000000285c0                app_util_critical_region_enter
 .text.app_util_critical_region_exit
                0x0000000000028608       0x2c Output/Release/Obj/ble_app_uart_pca10056_s140/app_util_platform.o
                0x0000000000028608                app_util_critical_region_exit
 .text.evt_pending.isra.0
                0x0000000000028634       0x1a Output/Release/Obj/ble_app_uart_pca10056_s140/drv_rtc.o
 *fill*         0x000000000002864e        0x2 
 .text.drv_rtc_init
                0x0000000000028650       0xa4 Output/Release/Obj/ble_app_uart_pca10056_s140/drv_rtc.o
                0x0000000000028650                drv_rtc_init
 .text.drv_rtc_start
                0x00000000000286f4        0x8 Output/Release/Obj/ble_app_uart_pca10056_s140/drv_rtc.o
                0x00000000000286f4                drv_rtc_start
 .text.drv_rtc_stop
                0x00000000000286fc        0x8 Output/Release/Obj/ble_app_uart_pca10056_s140/drv_rtc.o
                0x00000000000286fc                drv_rtc_stop
 .text.drv_rtc_compare_set
                0x0000000000028704       0x3e Output/Release/Obj/ble_app_uart_pca10056_s140/drv_rtc.o
                0x0000000000028704                drv_rtc_compare_set
 *fill*         0x0000000000028742        0x2 
 .text.drv_rtc_windowed_compare_set
                0x0000000000028744       0xf0 Output/Release/Obj/ble_app_uart_pca10056_s140/drv_rtc.o
                0x0000000000028744                drv_rtc_windowed_compare_set
 .text.drv_rtc_overflow_enable
                0x0000000000028834       0x10 Output/Release/Obj/ble_app_uart_pca10056_s140/drv_rtc.o
                0x0000000000028834                drv_rtc_overflow_enable
 .text.drv_rtc_overflow_pending
                0x0000000000028844        0xa Output/Release/Obj/ble_app_uart_pca10056_s140/drv_rtc.o
                0x0000000000028844                drv_rtc_overflow_pending
 .text.drv_rtc_compare_disable
                0x000000000002884e       0x14 Output/Release/Obj/ble_app_uart_pca10056_s140/drv_rtc.o
                0x000000000002884e                drv_rtc_compare_disable
 .text.drv_rtc_compare_pending
                0x0000000000028862        0xc Output/Release/Obj/ble_app_uart_pca10056_s140/drv_rtc.o
                0x0000000000028862                drv_rtc_compare_pending
 .text.drv_rtc_counter_get
                0x000000000002886e        0x8 Output/Release/Obj/ble_app_uart_pca10056_s140/drv_rtc.o
                0x000000000002886e                drv_rtc_counter_get
 *fill*         0x0000000000028876        0x2 
 .text.drv_rtc_irq_trigger
                0x0000000000028878       0x24 Output/Release/Obj/ble_app_uart_pca10056_s140/drv_rtc.o
                0x0000000000028878                drv_rtc_irq_trigger
 .text.RTC1_IRQHandler
                0x000000000002889c       0x14 Output/Release/Obj/ble_app_uart_pca10056_s140/drv_rtc.o
                0x000000000002889c                RTC1_IRQHandler
 .text.nrf_atfifo_init
                0x00000000000288b0       0x26 Output/Release/Obj/ble_app_uart_pca10056_s140/nrf_atfifo.o
                0x00000000000288b0                nrf_atfifo_init
 .text.nrf_atfifo_item_alloc
                0x00000000000288d6       0x54 Output/Release/Obj/ble_app_uart_pca10056_s140/nrf_atfifo.o
                0x00000000000288d6                nrf_atfifo_item_alloc
 .text.nrf_atfifo_item_put
                0x000000000002892a       0x20 Output/Release/Obj/ble_app_uart_pca10056_s140/nrf_atfifo.o
                0x000000000002892a                nrf_atfifo_item_put
 .text.nrf_atfifo_item_get
                0x000000000002894a       0x56 Output/Release/Obj/ble_app_uart_pca10056_s140/nrf_atfifo.o
                0x000000000002894a                nrf_atfifo_item_get
 .text.nrf_atfifo_item_free
                0x00000000000289a0       0x20 Output/Release/Obj/ble_app_uart_pca10056_s140/nrf_atfifo.o
                0x00000000000289a0                nrf_atfifo_item_free
 .text.nrf_atflags_set
                0x00000000000289c0       0x12 Output/Release/Obj/ble_app_uart_pca10056_s140/nrf_atflags.o
                0x00000000000289c0                nrf_atflags_set
 .text.nrf_atflags_clear
                0x00000000000289d2       0x14 Output/Release/Obj/ble_app_uart_pca10056_s140/nrf_atflags.o
                0x00000000000289d2                nrf_atflags_clear
 .text.nrf_atflags_get
                0x00000000000289e6       0x12 Output/Release/Obj/ble_app_uart_pca10056_s140/nrf_atflags.o
                0x00000000000289e6                nrf_atflags_get
 .text.nrf_atomic_u32_fetch_store
                0x00000000000289f8       0x16 Output/Release/Obj/ble_app_uart_pca10056_s140/nrf_atomic.o
                0x00000000000289f8                nrf_atomic_u32_fetch_store
 .text.nrf_atomic_u32_or
                0x0000000000028a0e       0x18 Output/Release/Obj/ble_app_uart_pca10056_s140/nrf_atomic.o
                0x0000000000028a0e                nrf_atomic_u32_or
 .text.nrf_atomic_u32_fetch_and
                0x0000000000028a26       0x18 Output/Release/Obj/ble_app_uart_pca10056_s140/nrf_atomic.o
                0x0000000000028a26                nrf_atomic_u32_fetch_and
 .text.nrf_atomic_u32_and
                0x0000000000028a3e       0x18 Output/Release/Obj/ble_app_uart_pca10056_s140/nrf_atomic.o
                0x0000000000028a3e                nrf_atomic_u32_and
 .text.nrf_atomic_u32_add
                0x0000000000028a56       0x18 Output/Release/Obj/ble_app_uart_pca10056_s140/nrf_atomic.o
                0x0000000000028a56                nrf_atomic_u32_add
 .text.nrf_atomic_u32_sub
                0x0000000000028a6e       0x18 Output/Release/Obj/ble_app_uart_pca10056_s140/nrf_atomic.o
                0x0000000000028a6e                nrf_atomic_u32_sub
 .text.nrf_atomic_flag_set
                0x0000000000028a86        0x6 Output/Release/Obj/ble_app_uart_pca10056_s140/nrf_atomic.o
                0x0000000000028a86                nrf_atomic_flag_set
 .text.nrf_atomic_flag_clear_fetch
                0x0000000000028a8c        0x6 Output/Release/Obj/ble_app_uart_pca10056_s140/nrf_atomic.o
                0x0000000000028a8c                nrf_atomic_flag_clear_fetch
 .text.nrf_balloc_init
                0x0000000000028a92       0x2e Output/Release/Obj/ble_app_uart_pca10056_s140/nrf_balloc.o
                0x0000000000028a92                nrf_balloc_init
 .text.nrf_balloc_alloc
                0x0000000000028ac0       0x48 Output/Release/Obj/ble_app_uart_pca10056_s140/nrf_balloc.o
                0x0000000000028ac0                nrf_balloc_alloc
 .text.nrf_balloc_free
                0x0000000000028b08       0x34 Output/Release/Obj/ble_app_uart_pca10056_s140/nrf_balloc.o
                0x0000000000028b08                nrf_balloc_free
 .text.nrf_fprintf_buffer_flush
                0x0000000000028b3c       0x16 Output/Release/Obj/ble_app_uart_pca10056_s140/nrf_fprintf.o
                0x0000000000028b3c                nrf_fprintf_buffer_flush
 .text.nrf_fprintf
                0x0000000000028b52       0x1c Output/Release/Obj/ble_app_uart_pca10056_s140/nrf_fprintf.o
                0x0000000000028b52                nrf_fprintf
 .text.buffer_add
                0x0000000000028b6e       0x2e Output/Release/Obj/ble_app_uart_pca10056_s140/nrf_fprintf_format.o
 .text.unsigned_print
                0x0000000000028b9c       0xb4 Output/Release/Obj/ble_app_uart_pca10056_s140/nrf_fprintf_format.o
 .text.nrf_fprintf_fmt
                0x0000000000028c50      0x29c Output/Release/Obj/ble_app_uart_pca10056_s140/nrf_fprintf_format.o
                0x0000000000028c50                nrf_fprintf_fmt
 .text.memobj_op
                0x0000000000028eec       0x86 Output/Release/Obj/ble_app_uart_pca10056_s140/nrf_memobj.o
 .text.nrf_memobj_pool_init
                0x0000000000028f72        0x4 Output/Release/Obj/ble_app_uart_pca10056_s140/nrf_memobj.o
                0x0000000000028f72                nrf_memobj_pool_init
 .text.nrf_memobj_free
                0x0000000000028f76       0x2c Output/Release/Obj/ble_app_uart_pca10056_s140/nrf_memobj.o
                0x0000000000028f76                nrf_memobj_free
 .text.nrf_memobj_alloc
                0x0000000000028fa2       0x5e Output/Release/Obj/ble_app_uart_pca10056_s140/nrf_memobj.o
                0x0000000000028fa2                nrf_memobj_alloc
 .text.nrf_memobj_get
                0x0000000000029000        0x8 Output/Release/Obj/ble_app_uart_pca10056_s140/nrf_memobj.o
                0x0000000000029000                nrf_memobj_get
 .text.nrf_memobj_put
                0x0000000000029008       0x1e Output/Release/Obj/ble_app_uart_pca10056_s140/nrf_memobj.o
                0x0000000000029008                nrf_memobj_put
 .text.nrf_memobj_write
                0x0000000000029026       0x14 Output/Release/Obj/ble_app_uart_pca10056_s140/nrf_memobj.o
                0x0000000000029026                nrf_memobj_write
 .text.nrf_memobj_read
                0x000000000002903a       0x14 Output/Release/Obj/ble_app_uart_pca10056_s140/nrf_memobj.o
                0x000000000002903a                nrf_memobj_read
 .text.sd_app_evt_wait
                0x000000000002904e        0x4 Output/Release/Obj/ble_app_uart_pca10056_s140/nrf_pwr_mgmt.o
 *fill*         0x0000000000029052        0x2 
 .text.nrf_pwr_mgmt_init
                0x0000000000029054       0x2c Output/Release/Obj/ble_app_uart_pca10056_s140/nrf_pwr_mgmt.o
                0x0000000000029054                nrf_pwr_mgmt_init
 .text.nrf_pwr_mgmt_run
                0x0000000000029080       0x4c Output/Release/Obj/ble_app_uart_pca10056_s140/nrf_pwr_mgmt.o
                0x0000000000029080                nrf_pwr_mgmt_run
 .text.nrf_ringbuf_init
                0x00000000000290cc       0x12 Output/Release/Obj/ble_app_uart_pca10056_s140/nrf_ringbuf.o
                0x00000000000290cc                nrf_ringbuf_init
 .text.nrf_section_iter_init
                0x00000000000290de       0x14 Output/Release/Obj/ble_app_uart_pca10056_s140/nrf_section_iter.o
                0x00000000000290de                nrf_section_iter_init
 .text.nrf_section_iter_next
                0x00000000000290f2       0x18 Output/Release/Obj/ble_app_uart_pca10056_s140/nrf_section_iter.o
                0x00000000000290f2                nrf_section_iter_next
 .text.nrf_sortlist_add
                0x000000000002910a       0x20 Output/Release/Obj/ble_app_uart_pca10056_s140/nrf_sortlist.o
                0x000000000002910a                nrf_sortlist_add
 .text.nrf_sortlist_pop
                0x000000000002912a        0xc Output/Release/Obj/ble_app_uart_pca10056_s140/nrf_sortlist.o
                0x000000000002912a                nrf_sortlist_pop
 .text.nrf_sortlist_peek
                0x0000000000029136        0x6 Output/Release/Obj/ble_app_uart_pca10056_s140/nrf_sortlist.o
                0x0000000000029136                nrf_sortlist_peek
 .text.nrf_sortlist_remove
                0x000000000002913c       0x1a Output/Release/Obj/ble_app_uart_pca10056_s140/nrf_sortlist.o
                0x000000000002913c                nrf_sortlist_remove
 *fill*         0x0000000000029156        0x2 
 .text.nrf_strerror_find
                0x0000000000029158       0x3c Output/Release/Obj/ble_app_uart_pca10056_s140/nrf_strerror.o
                0x0000000000029158                nrf_strerror_find
 .text.nrf_strerror_get
                0x0000000000029194       0x14 Output/Release/Obj/ble_app_uart_pca10056_s140/nrf_strerror.o
                0x0000000000029194                nrf_strerror_get
 .text.__putchar
                0x00000000000291a8        0xe Output/Release/Obj/ble_app_uart_pca10056_s140/retarget.o
                0x00000000000291a8                __putchar
 *fill*         0x00000000000291b6        0x2 
 .text.nrf52_errata_36
                0x00000000000291b8       0x14 Output/Release/Obj/ble_app_uart_pca10056_s140/system_nrf52840.o
 .text.nrf52_errata_98
                0x00000000000291cc       0x28 Output/Release/Obj/ble_app_uart_pca10056_s140/system_nrf52840.o
 .text.SystemInit
                0x00000000000291f4      0x1d0 Output/Release/Obj/ble_app_uart_pca10056_s140/system_nrf52840.o
                0x00000000000291f4                SystemInit
 .text.bsp_board_led_state_get
                0x00000000000293c4       0x28 Output/Release/Obj/ble_app_uart_pca10056_s140/boards.o
                0x00000000000293c4                bsp_board_led_state_get
 .text.bsp_board_led_on
                0x00000000000293ec       0x28 Output/Release/Obj/ble_app_uart_pca10056_s140/boards.o
                0x00000000000293ec                bsp_board_led_on
 .text.bsp_board_led_off
                0x0000000000029414       0x28 Output/Release/Obj/ble_app_uart_pca10056_s140/boards.o
                0x0000000000029414                bsp_board_led_off
 .text.bsp_board_leds_off
                0x000000000002943c       0x1e Output/Release/Obj/ble_app_uart_pca10056_s140/boards.o
                0x000000000002943c                bsp_board_leds_off
 .text.bsp_board_leds_on
                0x000000000002945a       0x1e Output/Release/Obj/ble_app_uart_pca10056_s140/boards.o
                0x000000000002945a                bsp_board_leds_on
 .text.bsp_board_led_invert
                0x0000000000029478       0x34 Output/Release/Obj/ble_app_uart_pca10056_s140/boards.o
                0x0000000000029478                bsp_board_led_invert
 .text.bsp_board_button_state_get
                0x00000000000294ac       0x28 Output/Release/Obj/ble_app_uart_pca10056_s140/boards.o
                0x00000000000294ac                bsp_board_button_state_get
 .text.bsp_board_pin_to_button_idx
                0x00000000000294d4       0x24 Output/Release/Obj/ble_app_uart_pca10056_s140/boards.o
                0x00000000000294d4                bsp_board_pin_to_button_idx
 .text.bsp_board_button_idx_to_pin
                0x00000000000294f8        0xc Output/Release/Obj/ble_app_uart_pca10056_s140/boards.o
                0x00000000000294f8                bsp_board_button_idx_to_pin
 .text.bsp_board_init
                0x0000000000029504       0x3e Output/Release/Obj/ble_app_uart_pca10056_s140/boards.o
                0x0000000000029504                bsp_board_init
 *fill*         0x0000000000029542        0x2 
 .text.clock_clk_started_notify
                0x0000000000029544       0x24 Output/Release/Obj/ble_app_uart_pca10056_s140/nrf_drv_clock.o
 .text.clock_irq_handler
                0x0000000000029568       0x1c Output/Release/Obj/ble_app_uart_pca10056_s140/nrf_drv_clock.o
 .text.soc_evt_handler
                0x0000000000029584       0x14 Output/Release/Obj/ble_app_uart_pca10056_s140/nrf_drv_clock.o
 .text.nrf_drv_clock_init
                0x0000000000029598       0x48 Output/Release/Obj/ble_app_uart_pca10056_s140/nrf_drv_clock.o
                0x0000000000029598                nrf_drv_clock_init
 .text.nrf_drv_clock_lfclk_release
                0x00000000000295e0       0x40 Output/Release/Obj/ble_app_uart_pca10056_s140/nrf_drv_clock.o
                0x00000000000295e0                nrf_drv_clock_lfclk_release
 .text.sd_state_evt_handler
                0x0000000000029620       0x60 Output/Release/Obj/ble_app_uart_pca10056_s140/nrf_drv_clock.o
 .text.uarte_evt_handler
                0x0000000000029680       0x34 Output/Release/Obj/ble_app_uart_pca10056_s140/nrf_drv_uart.o
 .text.uart_evt_handler
                0x00000000000296b4       0x34 Output/Release/Obj/ble_app_uart_pca10056_s140/nrf_drv_uart.o
 .text.nrf_drv_uart_init
                0x00000000000296e8       0x7c Output/Release/Obj/ble_app_uart_pca10056_s140/nrf_drv_uart.o
                0x00000000000296e8                nrf_drv_uart_init
 .text.nrf_clock_event_clear
                0x0000000000029764       0x14 Output/Release/Obj/ble_app_uart_pca10056_s140/nrfx_clock.o
 .text.nrfx_clock_init
                0x0000000000029778       0x18 Output/Release/Obj/ble_app_uart_pca10056_s140/nrfx_clock.o
                0x0000000000029778                nrfx_clock_init
 .text.nrfx_clock_enable
                0x0000000000029790       0x24 Output/Release/Obj/ble_app_uart_pca10056_s140/nrfx_clock.o
                0x0000000000029790                nrfx_clock_enable
 .text.nrfx_clock_lfclk_stop
                0x00000000000297b4       0x28 Output/Release/Obj/ble_app_uart_pca10056_s140/nrfx_clock.o
                0x00000000000297b4                nrfx_clock_lfclk_stop
 .text.POWER_CLOCK_IRQHandler
                0x00000000000297dc       0x58 Output/Release/Obj/ble_app_uart_pca10056_s140/nrfx_clock.o
                0x00000000000297dc                POWER_CLOCK_IRQHandler
 .text.nrf_gpiote_event_clear
                0x0000000000029834       0x18 Output/Release/Obj/ble_app_uart_pca10056_s140/nrfx_gpiote.o
 .text.nrf_gpio_pin_port_decode
                0x000000000002984c       0x18 Output/Release/Obj/ble_app_uart_pca10056_s140/nrfx_gpiote.o
 .text.nrf_gpio_cfg_sense_set
                0x0000000000029864       0x2e Output/Release/Obj/ble_app_uart_pca10056_s140/nrfx_gpiote.o
 *fill*         0x0000000000029892        0x2 
 .text.channel_free
                0x0000000000029894       0x1c Output/Release/Obj/ble_app_uart_pca10056_s140/nrfx_gpiote.o
 .text.nrfx_gpiote_init
                0x00000000000298b0       0x8c Output/Release/Obj/ble_app_uart_pca10056_s140/nrfx_gpiote.o
                0x00000000000298b0                nrfx_gpiote_init
 .text.nrfx_gpiote_is_init
                0x000000000002993c       0x14 Output/Release/Obj/ble_app_uart_pca10056_s140/nrfx_gpiote.o
                0x000000000002993c                nrfx_gpiote_is_init
 .text.nrfx_gpiote_in_init
                0x0000000000029950       0xf8 Output/Release/Obj/ble_app_uart_pca10056_s140/nrfx_gpiote.o
                0x0000000000029950                nrfx_gpiote_in_init
 .text.nrfx_gpiote_in_event_enable
                0x0000000000029a48       0x94 Output/Release/Obj/ble_app_uart_pca10056_s140/nrfx_gpiote.o
                0x0000000000029a48                nrfx_gpiote_in_event_enable
 .text.nrfx_gpiote_in_is_set
                0x0000000000029adc       0x1c Output/Release/Obj/ble_app_uart_pca10056_s140/nrfx_gpiote.o
                0x0000000000029adc                nrfx_gpiote_in_is_set
 .text.GPIOTE_IRQHandler
                0x0000000000029af8      0x180 Output/Release/Obj/ble_app_uart_pca10056_s140/nrfx_gpiote.o
                0x0000000000029af8                GPIOTE_IRQHandler
 .text.UARTE0_UART0_IRQHandler
                0x0000000000029c78        0xc Output/Release/Obj/ble_app_uart_pca10056_s140/nrfx_prs.o
                0x0000000000029c78                UARTE0_UART0_IRQHandler
 .text.nrfx_prs_acquire
                0x0000000000029c84       0x44 Output/Release/Obj/ble_app_uart_pca10056_s140/nrfx_prs.o
                0x0000000000029c84                nrfx_prs_acquire
 .text.nrf_uart_event_clear
                0x0000000000029cc8       0x10 Output/Release/Obj/ble_app_uart_pca10056_s140/nrfx_uart.o
 .text.tx_byte  0x0000000000029cd8       0x1e Output/Release/Obj/ble_app_uart_pca10056_s140/nrfx_uart.o
 .text.rx_enable.isra.0
                0x0000000000029cf6       0x20 Output/Release/Obj/ble_app_uart_pca10056_s140/nrfx_uart.o
 .text.rx_byte  0x0000000000029d16       0x2c Output/Release/Obj/ble_app_uart_pca10056_s140/nrfx_uart.o
 *fill*         0x0000000000029d42        0x2 
 .text.rx_done_event.constprop.0
                0x0000000000029d44       0x20 Output/Release/Obj/ble_app_uart_pca10056_s140/nrfx_uart.o
 .text.nrfx_uart_0_irq_handler
                0x0000000000029d64      0x13c Output/Release/Obj/ble_app_uart_pca10056_s140/nrfx_uart.o
                0x0000000000029d64                nrfx_uart_0_irq_handler
 .text.nrfx_uart_init
                0x0000000000029ea0      0x1a4 Output/Release/Obj/ble_app_uart_pca10056_s140/nrfx_uart.o
                0x0000000000029ea0                nrfx_uart_init
 .text.nrfx_uart_tx
                0x000000000002a044       0x8c Output/Release/Obj/ble_app_uart_pca10056_s140/nrfx_uart.o
                0x000000000002a044                nrfx_uart_tx
 .text.nrfx_uart_tx_in_progress
                0x000000000002a0d0       0x18 Output/Release/Obj/ble_app_uart_pca10056_s140/nrfx_uart.o
                0x000000000002a0d0                nrfx_uart_tx_in_progress
 .text.nrfx_uart_rx
                0x000000000002a0e8       0xf0 Output/Release/Obj/ble_app_uart_pca10056_s140/nrfx_uart.o
                0x000000000002a0e8                nrfx_uart_rx
 .text.nrf_uarte_event_clear
                0x000000000002a1d8       0x10 Output/Release/Obj/ble_app_uart_pca10056_s140/nrfx_uarte.o
 .text.rx_done_event.constprop.0
                0x000000000002a1e8       0x20 Output/Release/Obj/ble_app_uart_pca10056_s140/nrfx_uarte.o
 .text.nrfx_uarte_0_irq_handler
                0x000000000002a208      0x118 Output/Release/Obj/ble_app_uart_pca10056_s140/nrfx_uarte.o
                0x000000000002a208                nrfx_uarte_0_irq_handler
 .text.nrfx_uarte_init
                0x000000000002a320      0x1bc Output/Release/Obj/ble_app_uart_pca10056_s140/nrfx_uarte.o
                0x000000000002a320                nrfx_uarte_init
 .text.nrfx_uarte_tx
                0x000000000002a4dc       0x90 Output/Release/Obj/ble_app_uart_pca10056_s140/nrfx_uarte.o
                0x000000000002a4dc                nrfx_uarte_tx
 .text.nrfx_uarte_tx_in_progress
                0x000000000002a56c       0x18 Output/Release/Obj/ble_app_uart_pca10056_s140/nrfx_uarte.o
                0x000000000002a56c                nrfx_uarte_tx_in_progress
 .text.nrfx_uarte_rx
                0x000000000002a584       0xd8 Output/Release/Obj/ble_app_uart_pca10056_s140/nrfx_uarte.o
                0x000000000002a584                nrfx_uarte_rx
 .text.alert_timer_handler
                0x000000000002a65c        0x6 Output/Release/Obj/ble_app_uart_pca10056_s140/bsp.o
 *fill*         0x000000000002a662        0x2 
 .text.bsp_button_event_handler
                0x000000000002a664       0x9c Output/Release/Obj/ble_app_uart_pca10056_s140/bsp.o
 .text.button_timer_handler
                0x000000000002a700        0x8 Output/Release/Obj/ble_app_uart_pca10056_s140/bsp.o
 .text.leds_off
                0x000000000002a708       0x2c Output/Release/Obj/ble_app_uart_pca10056_s140/bsp.o
 .text.bsp_led_indication
                0x000000000002a734      0x204 Output/Release/Obj/ble_app_uart_pca10056_s140/bsp.o
 .text.leds_timer_handler
                0x000000000002a938       0x1c Output/Release/Obj/ble_app_uart_pca10056_s140/bsp.o
 .text.wakeup_button_cfg.part.0
                0x000000000002a954       0x40 Output/Release/Obj/ble_app_uart_pca10056_s140/bsp.o
 .text.bsp_button_is_pressed
                0x000000000002a994        0xc Output/Release/Obj/ble_app_uart_pca10056_s140/bsp.o
                0x000000000002a994                bsp_button_is_pressed
 .text.bsp_indication_set
                0x000000000002a9a0       0x18 Output/Release/Obj/ble_app_uart_pca10056_s140/bsp.o
                0x000000000002a9a0                bsp_indication_set
 .text.bsp_init
                0x000000000002a9b8       0x9c Output/Release/Obj/ble_app_uart_pca10056_s140/bsp.o
                0x000000000002a9b8                bsp_init
 .text.bsp_event_to_button_action_assign
                0x000000000002aa54       0x4c Output/Release/Obj/ble_app_uart_pca10056_s140/bsp.o
                0x000000000002aa54                bsp_event_to_button_action_assign
 .text.bsp_wakeup_button_enable
                0x000000000002aaa0        0xe Output/Release/Obj/ble_app_uart_pca10056_s140/bsp.o
                0x000000000002aaa0                bsp_wakeup_button_enable
 .text.advertising_buttons_configure
                0x000000000002aaae       0x36 Output/Release/Obj/ble_app_uart_pca10056_s140/bsp_btn_ble.o
 .text.ble_evt_handler
                0x000000000002aae4       0x80 Output/Release/Obj/ble_app_uart_pca10056_s140/bsp_btn_ble.o
 .text.bsp_btn_ble_sleep_mode_prepare
                0x000000000002ab64       0x1e Output/Release/Obj/ble_app_uart_pca10056_s140/bsp_btn_ble.o
                0x000000000002ab64                bsp_btn_ble_sleep_mode_prepare
 *fill*         0x000000000002ab82        0x2 
 .text.bsp_btn_ble_init
                0x000000000002ab84       0x40 Output/Release/Obj/ble_app_uart_pca10056_s140/bsp_btn_ble.o
                0x000000000002ab84                bsp_btn_ble_init
 .text.sd_ble_gap_disconnect
                0x000000000002abc4        0x4 Output/Release/Obj/ble_app_uart_pca10056_s140/main.o
 .text.sd_ble_gap_ppcp_set
                0x000000000002abc8        0x4 Output/Release/Obj/ble_app_uart_pca10056_s140/main.o
 .text.sd_ble_gap_device_name_set
                0x000000000002abcc        0x4 Output/Release/Obj/ble_app_uart_pca10056_s140/main.o
 .text.sd_ble_gap_sec_params_reply
                0x000000000002abd0        0x4 Output/Release/Obj/ble_app_uart_pca10056_s140/main.o
 .text.sd_ble_gap_phy_update
                0x000000000002abd4        0x4 Output/Release/Obj/ble_app_uart_pca10056_s140/main.o
 .text.sd_ble_gatts_sys_attr_set
                0x000000000002abd8        0x4 Output/Release/Obj/ble_app_uart_pca10056_s140/main.o
 .text.sd_power_system_off
                0x000000000002abdc        0x4 Output/Release/Obj/ble_app_uart_pca10056_s140/main.o
 .text.nrf_qwr_error_handler
                0x000000000002abe0        0x4 Output/Release/Obj/ble_app_uart_pca10056_s140/main.o
 .text.sleep_mode_enter
                0x000000000002abe4       0x28 Output/Release/Obj/ble_app_uart_pca10056_s140/main.o
 .text.ble_evt_handler
                0x000000000002ac0c       0xd4 Output/Release/Obj/ble_app_uart_pca10056_s140/main.o
 .text.gatt_evt_handler
                0x000000000002ace0       0x4c Output/Release/Obj/ble_app_uart_pca10056_s140/main.o
                0x000000000002ace0                gatt_evt_handler
 .text.on_conn_params_evt
                0x000000000002ad2c       0x20 Output/Release/Obj/ble_app_uart_pca10056_s140/main.o
 .text.bsp_event_handler
                0x000000000002ad4c       0x4c Output/Release/Obj/ble_app_uart_pca10056_s140/main.o
                0x000000000002ad4c                bsp_event_handler
 .text.on_adv_evt
                0x000000000002ad98       0x22 Output/Release/Obj/ble_app_uart_pca10056_s140/main.o
 *fill*         0x000000000002adba        0x2 
 .text.uart_event_handle
                0x000000000002adbc       0x8c Output/Release/Obj/ble_app_uart_pca10056_s140/main.o
                0x000000000002adbc                uart_event_handle
 .text.nus_data_handler
                0x000000000002ae48       0x6c Output/Release/Obj/ble_app_uart_pca10056_s140/main.o
 .text.conn_params_error_handler
                0x000000000002aeb4        0x4 Output/Release/Obj/ble_app_uart_pca10056_s140/main.o
 .text.gatt_init
                0x000000000002aeb8       0x2c Output/Release/Obj/ble_app_uart_pca10056_s140/main.o
                0x000000000002aeb8                gatt_init
 .text.startup.main
                0x000000000002aee4      0x24c Output/Release/Obj/ble_app_uart_pca10056_s140/main.o
                0x000000000002aee4                main
 .text._GetAvailWriteSpace
                0x000000000002b130       0x1c Output/Release/Obj/ble_app_uart_pca10056_s140/SEGGER_RTT.o
 .text._WriteNoCheck
                0x000000000002b14c       0x38 Output/Release/Obj/ble_app_uart_pca10056_s140/SEGGER_RTT.o
 .text._WriteBlocking
                0x000000000002b184       0x52 Output/Release/Obj/ble_app_uart_pca10056_s140/SEGGER_RTT.o
 *fill*         0x000000000002b1d6        0x2 
 .text._DoInit  0x000000000002b1d8       0x60 Output/Release/Obj/ble_app_uart_pca10056_s140/SEGGER_RTT.o
 .text.SEGGER_RTT_WriteNoLock
                0x000000000002b238       0x68 Output/Release/Obj/ble_app_uart_pca10056_s140/SEGGER_RTT.o
                0x000000000002b238                SEGGER_RTT_WriteNoLock
 .text.SEGGER_RTT_Init
                0x000000000002b2a0        0x4 Output/Release/Obj/ble_app_uart_pca10056_s140/SEGGER_RTT.o
                0x000000000002b2a0                SEGGER_RTT_Init
 .text.sd_ble_gap_addr_get
                0x000000000002b2a4        0x4 Output/Release/Obj/ble_app_uart_pca10056_s140/ble_advdata.o
 .text.sd_ble_gap_appearance_get
                0x000000000002b2a8        0x4 Output/Release/Obj/ble_app_uart_pca10056_s140/ble_advdata.o
 .text.sd_ble_gap_device_name_get
                0x000000000002b2ac        0x4 Output/Release/Obj/ble_app_uart_pca10056_s140/ble_advdata.o
 .text.sd_ble_uuid_encode
                0x000000000002b2b0        0x4 Output/Release/Obj/ble_app_uart_pca10056_s140/ble_advdata.o
 .text.uuid_list_sized_encode
                0x000000000002b2b4       0xac Output/Release/Obj/ble_app_uart_pca10056_s140/ble_advdata.o
 .text.uuid_list_encode
                0x000000000002b360       0x38 Output/Release/Obj/ble_app_uart_pca10056_s140/ble_advdata.o
 .text.ble_advdata_encode
                0x000000000002b398      0x4c8 Output/Release/Obj/ble_app_uart_pca10056_s140/ble_advdata.o
                0x000000000002b398                ble_advdata_encode
 .text.ble_advdata_search
                0x000000000002b860       0x48 Output/Release/Obj/ble_app_uart_pca10056_s140/ble_advdata.o
                0x000000000002b860                ble_advdata_search
 .text.ble_advdata_parse
                0x000000000002b8a8       0x20 Output/Release/Obj/ble_app_uart_pca10056_s140/ble_advdata.o
                0x000000000002b8a8                ble_advdata_parse
 .text.sd_ble_gap_adv_set_configure
                0x000000000002b8c8        0x4 Output/Release/Obj/ble_app_uart_pca10056_s140/ble_advertising.o
 .text.sd_ble_gap_adv_start
                0x000000000002b8cc        0x4 Output/Release/Obj/ble_app_uart_pca10056_s140/ble_advertising.o
 .text.sd_ble_gap_adv_stop
                0x000000000002b8d0        0x4 Output/Release/Obj/ble_app_uart_pca10056_s140/ble_advertising.o
 .text.flags_set
                0x000000000002b8d4       0x2c Output/Release/Obj/ble_app_uart_pca10056_s140/ble_advertising.o
 .text.ble_advertising_conn_cfg_tag_set
                0x000000000002b900        0x6 Output/Release/Obj/ble_app_uart_pca10056_s140/ble_advertising.o
                0x000000000002b900                ble_advertising_conn_cfg_tag_set
 *fill*         0x000000000002b906        0x2 
 .text.ble_advertising_init
                0x000000000002b908      0x154 Output/Release/Obj/ble_app_uart_pca10056_s140/ble_advertising.o
                0x000000000002b908                ble_advertising_init
 .text.ble_advertising_start
                0x000000000002ba5c      0x2b0 Output/Release/Obj/ble_app_uart_pca10056_s140/ble_advertising.o
                0x000000000002ba5c                ble_advertising_start
 .text.ble_advertising_on_ble_evt
                0x000000000002bd0c       0x6a Output/Release/Obj/ble_app_uart_pca10056_s140/ble_advertising.o
                0x000000000002bd0c                ble_advertising_on_ble_evt
 .text.ble_advertising_restart_without_whitelist
                0x000000000002bd76       0x3c Output/Release/Obj/ble_app_uart_pca10056_s140/ble_advertising.o
                0x000000000002bd76                ble_advertising_restart_without_whitelist
 .text.sd_ble_gap_conn_param_update
                0x000000000002bdb2        0x4 Output/Release/Obj/ble_app_uart_pca10056_s140/ble_conn_params.o
 .text.sd_ble_gap_disconnect
                0x000000000002bdb6        0x4 Output/Release/Obj/ble_app_uart_pca10056_s140/ble_conn_params.o
 .text.sd_ble_gap_ppcp_set
                0x000000000002bdba        0x4 Output/Release/Obj/ble_app_uart_pca10056_s140/ble_conn_params.o
 .text.sd_ble_gap_ppcp_get
                0x000000000002bdbe        0x4 Output/Release/Obj/ble_app_uart_pca10056_s140/ble_conn_params.o
 *fill*         0x000000000002bdc2        0x2 
 .text.instance_get
                0x000000000002bdc4       0x14 Output/Release/Obj/ble_app_uart_pca10056_s140/ble_conn_params.o
 .text.send_error_evt
                0x000000000002bdd8       0x10 Output/Release/Obj/ble_app_uart_pca10056_s140/ble_conn_params.o
 .text.update_timeout_handler
                0x000000000002bde8       0x6c Output/Release/Obj/ble_app_uart_pca10056_s140/ble_conn_params.o
 .text.conn_params_negotiation
                0x000000000002be54       0x48 Output/Release/Obj/ble_app_uart_pca10056_s140/ble_conn_params.o
 .text.is_conn_params_ok.constprop.0
                0x000000000002be9c       0x34 Output/Release/Obj/ble_app_uart_pca10056_s140/ble_conn_params.o
 .text.ble_evt_handler
                0x000000000002bed0       0xe0 Output/Release/Obj/ble_app_uart_pca10056_s140/ble_conn_params.o
 .text.ble_conn_params_init
                0x000000000002bfb0       0x74 Output/Release/Obj/ble_app_uart_pca10056_s140/ble_conn_params.o
                0x000000000002bfb0                ble_conn_params_init
 .text.flag_toggle
                0x000000000002c024        0xa Output/Release/Obj/ble_app_uart_pca10056_s140/ble_conn_state.o
 .text.conn_handle_list_get
                0x000000000002c02e       0x2e Output/Release/Obj/ble_app_uart_pca10056_s140/ble_conn_state.o
                0x000000000002c02e                conn_handle_list_get
 .text.ble_evt_handler
                0x000000000002c05c      0x104 Output/Release/Obj/ble_app_uart_pca10056_s140/ble_conn_state.o
 .text.ble_conn_state_valid
                0x000000000002c160       0x14 Output/Release/Obj/ble_app_uart_pca10056_s140/ble_conn_state.o
                0x000000000002c160                ble_conn_state_valid
 .text.ble_conn_state_conn_idx
                0x000000000002c174       0x12 Output/Release/Obj/ble_app_uart_pca10056_s140/ble_conn_state.o
                0x000000000002c174                ble_conn_state_conn_idx
 .text.blcm_link_ctx_get
                0x000000000002c186       0x4e Output/Release/Obj/ble_app_uart_pca10056_s140/ble_link_ctx_manager.o
                0x000000000002c186                blcm_link_ctx_get
 .text.sd_ble_gatts_characteristic_add
                0x000000000002c1d4        0x4 Output/Release/Obj/ble_app_uart_pca10056_s140/ble_srv_common.o
 .text.set_security_req
                0x000000000002c1d8       0x2a Output/Release/Obj/ble_app_uart_pca10056_s140/ble_srv_common.o
 .text.ble_srv_is_notification_enabled
                0x000000000002c202        0x8 Output/Release/Obj/ble_app_uart_pca10056_s140/ble_srv_common.o
                0x000000000002c202                ble_srv_is_notification_enabled
 .text.characteristic_add
                0x000000000002c20a      0x154 Output/Release/Obj/ble_app_uart_pca10056_s140/ble_srv_common.o
                0x000000000002c20a                characteristic_add
 .text.sd_ble_gap_data_length_update
                0x000000000002c35e        0x4 Output/Release/Obj/ble_app_uart_pca10056_s140/nrf_ble_gatt.o
 .text.sd_ble_gattc_exchange_mtu_request
                0x000000000002c362        0x4 Output/Release/Obj/ble_app_uart_pca10056_s140/nrf_ble_gatt.o
 .text.sd_ble_gatts_exchange_mtu_reply
                0x000000000002c366        0x4 Output/Release/Obj/ble_app_uart_pca10056_s140/nrf_ble_gatt.o
 *fill*         0x000000000002c36a        0x2 
 .text.data_length_update
                0x000000000002c36c       0x80 Output/Release/Obj/ble_app_uart_pca10056_s140/nrf_ble_gatt.o
 .text.nrf_ble_gatt_init
                0x000000000002c3ec       0x28 Output/Release/Obj/ble_app_uart_pca10056_s140/nrf_ble_gatt.o
                0x000000000002c3ec                nrf_ble_gatt_init
 .text.nrf_ble_gatt_att_mtu_periph_set
                0x000000000002c414       0x18 Output/Release/Obj/ble_app_uart_pca10056_s140/nrf_ble_gatt.o
                0x000000000002c414                nrf_ble_gatt_att_mtu_periph_set
 .text.nrf_ble_gatt_on_ble_evt
                0x000000000002c42c      0x198 Output/Release/Obj/ble_app_uart_pca10056_s140/nrf_ble_gatt.o
                0x000000000002c42c                nrf_ble_gatt_on_ble_evt
 .text.sd_ble_gatts_rw_authorize_reply
                0x000000000002c5c4        0x4 Output/Release/Obj/ble_app_uart_pca10056_s140/nrf_ble_qwr.o
 .text.sd_ble_user_mem_reply
                0x000000000002c5c8        0x4 Output/Release/Obj/ble_app_uart_pca10056_s140/nrf_ble_qwr.o
 .text.user_mem_reply.part.0
                0x000000000002c5cc       0x24 Output/Release/Obj/ble_app_uart_pca10056_s140/nrf_ble_qwr.o
 .text.nrf_ble_qwr_init
                0x000000000002c5f0       0x24 Output/Release/Obj/ble_app_uart_pca10056_s140/nrf_ble_qwr.o
                0x000000000002c5f0                nrf_ble_qwr_init
 .text.nrf_ble_qwr_conn_handle_assign
                0x000000000002c614       0x16 Output/Release/Obj/ble_app_uart_pca10056_s140/nrf_ble_qwr.o
                0x000000000002c614                nrf_ble_qwr_conn_handle_assign
 .text.nrf_ble_qwr_on_ble_evt
                0x000000000002c62a       0xa0 Output/Release/Obj/ble_app_uart_pca10056_s140/nrf_ble_qwr.o
                0x000000000002c62a                nrf_ble_qwr_on_ble_evt
 .text.sd_ble_gatts_service_add
                0x000000000002c6ca        0x4 Output/Release/Obj/ble_app_uart_pca10056_s140/ble_nus.o
 .text.sd_ble_gatts_value_get
                0x000000000002c6ce        0x4 Output/Release/Obj/ble_app_uart_pca10056_s140/ble_nus.o
 .text.sd_ble_gatts_hvx
                0x000000000002c6d2        0x4 Output/Release/Obj/ble_app_uart_pca10056_s140/ble_nus.o
 .text.sd_ble_uuid_vs_add
                0x000000000002c6d6        0x4 Output/Release/Obj/ble_app_uart_pca10056_s140/ble_nus.o
 .text.ble_nus_on_ble_evt
                0x000000000002c6da      0x138 Output/Release/Obj/ble_app_uart_pca10056_s140/ble_nus.o
                0x000000000002c6da                ble_nus_on_ble_evt
 *fill*         0x000000000002c812        0x2 
 .text.ble_nus_init
                0x000000000002c814       0xf4 Output/Release/Obj/ble_app_uart_pca10056_s140/ble_nus.o
                0x000000000002c814                ble_nus_init
 .text.ble_nus_data_send
                0x000000000002c908       0x66 Output/Release/Obj/ble_app_uart_pca10056_s140/ble_nus.o
                0x000000000002c908                ble_nus_data_send
 .text.sd_softdevice_enable
                0x000000000002c96e        0x4 Output/Release/Obj/ble_app_uart_pca10056_s140/nrf_sdh.o
 *fill*         0x000000000002c972        0x2 
 .text.sdh_request_observer_notify
                0x000000000002c974       0x30 Output/Release/Obj/ble_app_uart_pca10056_s140/nrf_sdh.o
 .text.sdh_state_observer_notify
                0x000000000002c9a4       0x28 Output/Release/Obj/ble_app_uart_pca10056_s140/nrf_sdh.o
 .text.softdevices_evt_irq_enable
                0x000000000002c9cc       0x38 Output/Release/Obj/ble_app_uart_pca10056_s140/nrf_sdh.o
 .text.nrf_sdh_enable_request
                0x000000000002ca04       0x7c Output/Release/Obj/ble_app_uart_pca10056_s140/nrf_sdh.o
                0x000000000002ca04                nrf_sdh_enable_request
 .text.nrf_sdh_is_enabled
                0x000000000002ca80        0xc Output/Release/Obj/ble_app_uart_pca10056_s140/nrf_sdh.o
                0x000000000002ca80                nrf_sdh_is_enabled
 .text.nrf_sdh_evts_poll
                0x000000000002ca8c       0x28 Output/Release/Obj/ble_app_uart_pca10056_s140/nrf_sdh.o
                0x000000000002ca8c                nrf_sdh_evts_poll
 .text.SWI2_EGU2_IRQHandler
                0x000000000002cab4        0x4 Output/Release/Obj/ble_app_uart_pca10056_s140/nrf_sdh.o
                0x000000000002cab4                SWI2_EGU2_IRQHandler
 .text.sd_ble_enable
                0x000000000002cab8        0x4 Output/Release/Obj/ble_app_uart_pca10056_s140/nrf_sdh_ble.o
 .text.sd_ble_cfg_set
                0x000000000002cabc        0x4 Output/Release/Obj/ble_app_uart_pca10056_s140/nrf_sdh_ble.o
 .text.sd_ble_evt_get
                0x000000000002cac0        0x4 Output/Release/Obj/ble_app_uart_pca10056_s140/nrf_sdh_ble.o
 .text.nrf_sdh_ble_evts_poll.part.0
                0x000000000002cac4       0x4c Output/Release/Obj/ble_app_uart_pca10056_s140/nrf_sdh_ble.o
 .text.nrf_sdh_ble_evts_poll
                0x000000000002cb10       0x10 Output/Release/Obj/ble_app_uart_pca10056_s140/nrf_sdh_ble.o
 .text.nrf_sdh_ble_app_ram_start_get
                0x000000000002cb20       0x40 Output/Release/Obj/ble_app_uart_pca10056_s140/nrf_sdh_ble.o
                0x000000000002cb20                nrf_sdh_ble_app_ram_start_get
 .text.nrf_sdh_ble_default_cfg_set
                0x000000000002cb60      0x19c Output/Release/Obj/ble_app_uart_pca10056_s140/nrf_sdh_ble.o
                0x000000000002cb60                nrf_sdh_ble_default_cfg_set
 .text.nrf_sdh_ble_enable
                0x000000000002ccfc       0x98 Output/Release/Obj/ble_app_uart_pca10056_s140/nrf_sdh_ble.o
                0x000000000002ccfc                nrf_sdh_ble_enable
 .text.sd_evt_get
                0x000000000002cd94        0x4 Output/Release/Obj/ble_app_uart_pca10056_s140/nrf_sdh_soc.o
 .text.nrf_sdh_soc_evts_poll
                0x000000000002cd98       0x3c Output/Release/Obj/ble_app_uart_pca10056_s140/nrf_sdh_soc.o
 .text.libc.__int64_udivmod
                0x000000000002cdd4       0xce /mnt/external/opt/lib/libc_v7em_fpv4_sp_d16_hard_t_le_eabi.a(libc_asm.o)
                0x000000000002cdd4                __int64_udivmod
                0x000000000002cdd4                __aeabi_uldivmod
                0x000000000002cdd4                __int64_udiv
                0x000000000002cdd4                __udivdi3
 *fill*         0x000000000002cea2        0x2 
 .text.libc.__RAL_ascii_isctype
                0x000000000002cea4       0x1c /mnt/external/opt/lib/libc_v7em_fpv4_sp_d16_hard_t_le_eabi.a(libc2.o)
 .text.libc.__RAL_ascii_toupper
                0x000000000002cec0        0xc /mnt/external/opt/lib/libc_v7em_fpv4_sp_d16_hard_t_le_eabi.a(libc2.o)
 .text.libc.__RAL_ascii_tolower
                0x000000000002cecc        0xc /mnt/external/opt/lib/libc_v7em_fpv4_sp_d16_hard_t_le_eabi.a(libc2.o)
 .text.libc.__RAL_ascii_iswctype
                0x000000000002ced8       0x1c /mnt/external/opt/lib/libc_v7em_fpv4_sp_d16_hard_t_le_eabi.a(libc2.o)
 .text.libc.__RAL_ascii_towupper
                0x000000000002cef4        0xc /mnt/external/opt/lib/libc_v7em_fpv4_sp_d16_hard_t_le_eabi.a(libc2.o)
 .text.libc.__RAL_ascii_towlower
                0x000000000002cf00        0xc /mnt/external/opt/lib/libc_v7em_fpv4_sp_d16_hard_t_le_eabi.a(libc2.o)
 .text.libc.__RAL_ascii_wctomb
                0x000000000002cf0c        0xe /mnt/external/opt/lib/libc_v7em_fpv4_sp_d16_hard_t_le_eabi.a(libc2.o)
                0x000000000002cf0c                __RAL_ascii_wctomb
 .text.libc.__RAL_ascii_mbtowc
                0x000000000002cf1a       0x24 /mnt/external/opt/lib/libc_v7em_fpv4_sp_d16_hard_t_le_eabi.a(libc2.o)
                0x000000000002cf1a                __RAL_ascii_mbtowc
 .text.libc.__putc
                0x000000000002cf3e       0x34 /mnt/external/opt/lib/libc_v7em_fpv4_sp_d16_hard_t_le_eabi.a(libc2.o)
                0x000000000002cf3e                __putc
 .text.libc.__RAL_print_padding
                0x000000000002cf72       0x1c /mnt/external/opt/lib/libc_v7em_fpv4_sp_d16_hard_t_le_eabi.a(libc2.o)
                0x000000000002cf72                __RAL_print_padding
 .text.libc.__RAL_pre_padding
                0x000000000002cf8e       0x1a /mnt/external/opt/lib/libc_v7em_fpv4_sp_d16_hard_t_le_eabi.a(libc2.o)
                0x000000000002cf8e                __RAL_pre_padding
 .text.libc.__RAL_isctype
                0x000000000002cfa8       0x14 /mnt/external/opt/lib/libc_v7em_fpv4_sp_d16_hard_t_le_eabi.a(libc2.o)
                0x000000000002cfa8                __RAL_isctype
 .text.libc.isprint
                0x000000000002cfbc        0xa /mnt/external/opt/lib/libc_v7em_fpv4_sp_d16_hard_t_le_eabi.a(libc2.o)
                0x000000000002cfbc                isprint
 *fill*         0x000000000002cfc6        0x2 
 .text.libc.printf
                0x000000000002cfc8       0x40 /mnt/external/opt/lib/libc_v7em_fpv4_sp_d16_hard_t_le_eabi.a(libc2.o)
                0x000000000002cfc8                printf
 .text.libc.strnlen
                0x000000000002d008       0x22 /mnt/external/opt/lib/libc_v7em_fpv4_sp_d16_hard_t_le_eabi.a(libc2.o)
                0x000000000002d008                strnlen
 .text.libc.memcpy
                0x000000000002d02a       0x52 /mnt/external/opt/lib/libc_v7em_fpv4_sp_d16_hard_t_le_eabi.a(libc2_asm.o)
                0x000000000002d02a                memcpy
                0x000000000002d02a                __aeabi_memcpy
                0x000000000002d036                __aeabi_memcpy4
                0x000000000002d036                __aeabi_memcpy8
 .text.libc.memset
                0x000000000002d07c       0x66 /mnt/external/opt/lib/libc_v7em_fpv4_sp_d16_hard_t_le_eabi.a(libc2_asm.o)
                0x000000000002d07c                memset
 .text.libc.strcpy
                0x000000000002d0e2       0x44 /mnt/external/opt/lib/libc_v7em_fpv4_sp_d16_hard_t_le_eabi.a(libc2_asm.o)
                0x000000000002d0e2                strcpy
 .text.libc.strlen
                0x000000000002d126       0x60 /mnt/external/opt/lib/libc_v7em_fpv4_sp_d16_hard_t_le_eabi.a(libc2_asm.o)
                0x000000000002d126                strlen
 *fill*         0x000000000002d186        0x2 
 .text.libc.__vfprintf_long
                0x000000000002d188      0x634 /mnt/external/opt/lib/libc_v7em_fpv4_sp_d16_hard_t_le_eabi.a(libvfprintf.o)
                0x000000000002d188                __vfprintf_long
 .text.libc.__printf_lock
                0x000000000002d7bc        0x2 /mnt/external/opt/lib/libc_v7em_fpv4_sp_d16_hard_t_le_eabi.a(libc.o)
                0x000000000002d7bc                __printf_lock
 .text.libc.__printf_unlock
                0x000000000002d7be        0x2 /mnt/external/opt/lib/libc_v7em_fpv4_sp_d16_hard_t_le_eabi.a(libc.o)
                0x000000000002d7be                __printf_unlock
                0x000000000002d7c0                __text_end__ = (__text_start__ + SIZEOF (.text))
                0x00000000000063f0                __text_size__ = SIZEOF (.text)
                0x000000000002d7c0                __text_load_end__ = __text_end__

.vfp11_veneer   0x0000000100000000        0x0
 .vfp11_veneer  0x0000000100000000        0x0 linker stubs

.v4_bx          0x0000000100000000        0x0
 .v4_bx         0x0000000100000000        0x0 linker stubs

.iplt           0x0000000100000000        0x0
 .iplt          0x0000000100000000        0x0 Output/Release/Obj/ble_app_uart_pca10056_s140/thumb_crt0.o
                0x0000000000000001                . = ASSERT (((__text_start__ == __text_end__) || ((__text_end__ - __FLASH_segment_start__) <= __FLASH_segment_size__)), error: .text is too large to fit in FLASH memory segment)
                0x000000000002d7c0                __sdh_soc_observers_load_start__ = ALIGN (__text_end__, 0x4)

.sdh_soc_observers
                0x000000000002d7c0        0x8
                0x000000000002d7c0                __sdh_soc_observers_start__ = .
                0x000000000002d7c0                __start_sdh_soc_observers = __sdh_soc_observers_start__
 *(SORT_BY_NAME(.sdh_soc_observers*))
 .sdh_soc_observers0
                0x000000000002d7c0        0x8 Output/Release/Obj/ble_app_uart_pca10056_s140/nrf_drv_clock.o
                0x000000000002d7c8                __sdh_soc_observers_end__ = (__sdh_soc_observers_start__ + SIZEOF (.sdh_soc_observers))
                0x0000000000000008                __sdh_soc_observers_size__ = SIZEOF (.sdh_soc_observers)
                0x000000000002d7c8                __stop_sdh_soc_observers = __sdh_soc_observers_end__
                0x000000000002d7c8                __sdh_soc_observers_load_end__ = __sdh_soc_observers_end__
                0x0000000000000001                . = ASSERT (((__sdh_soc_observers_start__ == __sdh_soc_observers_end__) || ((__sdh_soc_observers_end__ - __FLASH_segment_start__) <= __FLASH_segment_size__)), error: .sdh_soc_observers is too large to fit in FLASH memory segment)
                0x000000000002d7c8                __sdh_ble_observers_load_start__ = ALIGN (__sdh_soc_observers_end__, 0x4)

.sdh_ble_observers
                0x000000000002d7c8       0x40
                0x000000000002d7c8                __sdh_ble_observers_start__ = .
                0x000000000002d7c8                __start_sdh_ble_observers = __sdh_ble_observers_start__
 *(SORT_BY_NAME(.sdh_ble_observers*))
 .sdh_ble_observers0
                0x000000000002d7c8        0x8 Output/Release/Obj/ble_app_uart_pca10056_s140/ble_conn_state.o
 .sdh_ble_observers1
                0x000000000002d7d0        0x8 Output/Release/Obj/ble_app_uart_pca10056_s140/bsp_btn_ble.o
 .sdh_ble_observers1
                0x000000000002d7d8       0x10 Output/Release/Obj/ble_app_uart_pca10056_s140/main.o
 .sdh_ble_observers1
                0x000000000002d7e8        0x8 Output/Release/Obj/ble_app_uart_pca10056_s140/ble_conn_params.o
 .sdh_ble_observers2
                0x000000000002d7f0       0x10 Output/Release/Obj/ble_app_uart_pca10056_s140/main.o
 .sdh_ble_observers3
                0x000000000002d800        0x8 Output/Release/Obj/ble_app_uart_pca10056_s140/main.o
                0x000000000002d808                __sdh_ble_observers_end__ = (__sdh_ble_observers_start__ + SIZEOF (.sdh_ble_observers))
                0x0000000000000040                __sdh_ble_observers_size__ = SIZEOF (.sdh_ble_observers)
                0x000000000002d808                __stop_sdh_ble_observers = __sdh_ble_observers_end__
                0x000000000002d808                __sdh_ble_observers_load_end__ = __sdh_ble_observers_end__
                0x0000000000000001                . = ASSERT (((__sdh_ble_observers_start__ == __sdh_ble_observers_end__) || ((__sdh_ble_observers_end__ - __FLASH_segment_start__) <= __FLASH_segment_size__)), error: .sdh_ble_observers is too large to fit in FLASH memory segment)
                0x000000000002d808                __pwr_mgmt_data_load_start__ = ALIGN (__sdh_ble_observers_end__, 0x4)

.pwr_mgmt_data  0x000000000002d808        0x0
                0x000000000002d808                __pwr_mgmt_data_start__ = .
                0x000000000002d808                __start_pwr_mgmt_data = __pwr_mgmt_data_start__
 *(SORT_BY_NAME(.pwr_mgmt_data*))
                0x000000000002d808                __pwr_mgmt_data_end__ = (__pwr_mgmt_data_start__ + SIZEOF (.pwr_mgmt_data))
                0x0000000000000000                __pwr_mgmt_data_size__ = SIZEOF (.pwr_mgmt_data)
                0x000000000002d808                __stop_pwr_mgmt_data = __pwr_mgmt_data_end__
                0x000000000002d808                __pwr_mgmt_data_load_end__ = __pwr_mgmt_data_end__
                0x0000000000000001                . = ASSERT (((__pwr_mgmt_data_start__ == __pwr_mgmt_data_end__) || ((__pwr_mgmt_data_end__ - __FLASH_segment_start__) <= __FLASH_segment_size__)), error: .pwr_mgmt_data is too large to fit in FLASH memory segment)
                0x000000000002d808                __sdh_req_observers_load_start__ = ALIGN (__pwr_mgmt_data_end__, 0x4)

.sdh_req_observers
                0x000000000002d808        0x0
                0x000000000002d808                __sdh_req_observers_start__ = .
                0x000000000002d808                __start_sdh_req_observers = __sdh_req_observers_start__
 *(SORT_BY_NAME(.sdh_req_observers*))
                0x000000000002d808                __sdh_req_observers_end__ = (__sdh_req_observers_start__ + SIZEOF (.sdh_req_observers))
                0x0000000000000000                __sdh_req_observers_size__ = SIZEOF (.sdh_req_observers)
                0x000000000002d808                __stop_sdh_req_observers = __sdh_req_observers_end__
                0x000000000002d808                __sdh_req_observers_load_end__ = __sdh_req_observers_end__
                0x0000000000000001                . = ASSERT (((__sdh_req_observers_start__ == __sdh_req_observers_end__) || ((__sdh_req_observers_end__ - __FLASH_segment_start__) <= __FLASH_segment_size__)), error: .sdh_req_observers is too large to fit in FLASH memory segment)
                0x000000000002d808                __sdh_state_observers_load_start__ = ALIGN (__sdh_req_observers_end__, 0x4)

.sdh_state_observers
                0x000000000002d808        0x8
                0x000000000002d808                __sdh_state_observers_start__ = .
                0x000000000002d808                __start_sdh_state_observers = __sdh_state_observers_start__
 *(SORT_BY_NAME(.sdh_state_observers*))
 .sdh_state_observers0
                0x000000000002d808        0x8 Output/Release/Obj/ble_app_uart_pca10056_s140/nrf_drv_clock.o
                0x000000000002d810                __sdh_state_observers_end__ = (__sdh_state_observers_start__ + SIZEOF (.sdh_state_observers))
                0x0000000000000008                __sdh_state_observers_size__ = SIZEOF (.sdh_state_observers)
                0x000000000002d810                __stop_sdh_state_observers = __sdh_state_observers_end__
                0x000000000002d810                __sdh_state_observers_load_end__ = __sdh_state_observers_end__
                0x0000000000000001                . = ASSERT (((__sdh_state_observers_start__ == __sdh_state_observers_end__) || ((__sdh_state_observers_end__ - __FLASH_segment_start__) <= __FLASH_segment_size__)), error: .sdh_state_observers is too large to fit in FLASH memory segment)
                0x000000000002d810                __sdh_stack_observers_load_start__ = ALIGN (__sdh_state_observers_end__, 0x4)

.sdh_stack_observers
                0x000000000002d810       0x10
                0x000000000002d810                __sdh_stack_observers_start__ = .
                0x000000000002d810                __start_sdh_stack_observers = __sdh_stack_observers_start__
 *(SORT_BY_NAME(.sdh_stack_observers*))
 .sdh_stack_observers0
                0x000000000002d810        0x8 Output/Release/Obj/ble_app_uart_pca10056_s140/nrf_sdh_ble.o
 .sdh_stack_observers0
                0x000000000002d818        0x8 Output/Release/Obj/ble_app_uart_pca10056_s140/nrf_sdh_soc.o
                0x000000000002d820                __sdh_stack_observers_end__ = (__sdh_stack_observers_start__ + SIZEOF (.sdh_stack_observers))
                0x0000000000000010                __sdh_stack_observers_size__ = SIZEOF (.sdh_stack_observers)
                0x000000000002d820                __stop_sdh_stack_observers = __sdh_stack_observers_end__
                0x000000000002d820                __sdh_stack_observers_load_end__ = __sdh_stack_observers_end__
                0x0000000000000001                . = ASSERT (((__sdh_stack_observers_start__ == __sdh_stack_observers_end__) || ((__sdh_stack_observers_end__ - __FLASH_segment_start__) <= __FLASH_segment_size__)), error: .sdh_stack_observers is too large to fit in FLASH memory segment)
                0x000000000002d820                __nrf_queue_load_start__ = ALIGN (__sdh_stack_observers_end__, 0x4)

.nrf_queue      0x000000000002d820        0x0
                0x000000000002d820                __nrf_queue_start__ = .
                0x000000000002d820                __start_nrf_queue = __nrf_queue_start__
 *(.nrf_queue*)
                0x000000000002d820                __nrf_queue_end__ = (__nrf_queue_start__ + SIZEOF (.nrf_queue))
                0x0000000000000000                __nrf_queue_size__ = SIZEOF (.nrf_queue)
                0x000000000002d820                __stop_nrf_queue = __nrf_queue_end__
                0x000000000002d820                __nrf_queue_load_end__ = __nrf_queue_end__
                0x0000000000000001                . = ASSERT (((__nrf_queue_start__ == __nrf_queue_end__) || ((__nrf_queue_end__ - __FLASH_segment_start__) <= __FLASH_segment_size__)), error: .nrf_queue is too large to fit in FLASH memory segment)
                0x000000000002d820                __nrf_balloc_load_start__ = ALIGN (__nrf_queue_end__, 0x4)

.nrf_balloc     0x000000000002d820       0x14
                0x000000000002d820                __nrf_balloc_start__ = .
                0x000000000002d820                __start_nrf_balloc = __nrf_balloc_start__
 *(.nrf_balloc*)
 .nrf_balloc    0x000000000002d820       0x14 Output/Release/Obj/ble_app_uart_pca10056_s140/nrf_log_frontend.o
                0x000000000002d820                log_mempool
                0x000000000002d834                __nrf_balloc_end__ = (__nrf_balloc_start__ + SIZEOF (.nrf_balloc))
                0x0000000000000014                __nrf_balloc_size__ = SIZEOF (.nrf_balloc)
                0x000000000002d834                __stop_nrf_balloc = __nrf_balloc_end__
                0x000000000002d834                __nrf_balloc_load_end__ = __nrf_balloc_end__
                0x0000000000000001                . = ASSERT (((__nrf_balloc_start__ == __nrf_balloc_end__) || ((__nrf_balloc_end__ - __FLASH_segment_start__) <= __FLASH_segment_size__)), error: .nrf_balloc is too large to fit in FLASH memory segment)
                0x000000000002d834                __cli_command_load_start__ = ALIGN (__nrf_balloc_end__, 0x4)

.cli_command    0x000000000002d834        0x0
                0x000000000002d834                __cli_command_start__ = .
                0x000000000002d834                __start_cli_command = __cli_command_start__
 *(.cli_command*)
                0x000000000002d834                __cli_command_end__ = (__cli_command_start__ + SIZEOF (.cli_command))
                0x0000000000000000                __cli_command_size__ = SIZEOF (.cli_command)
                0x000000000002d834                __stop_cli_command = __cli_command_end__
                0x000000000002d834                __cli_command_load_end__ = __cli_command_end__
                0x0000000000000001                . = ASSERT (((__cli_command_start__ == __cli_command_end__) || ((__cli_command_end__ - __FLASH_segment_start__) <= __FLASH_segment_size__)), error: .cli_command is too large to fit in FLASH memory segment)
                0x000000000002d834                __crypto_data_load_start__ = ALIGN (__cli_command_end__, 0x4)

.crypto_data    0x000000000002d834        0x0
                0x000000000002d834                __crypto_data_start__ = .
                0x000000000002d834                __start_crypto_data = __crypto_data_start__
 *(SORT_BY_NAME(.crypto_data*))
                0x000000000002d834                __crypto_data_end__ = (__crypto_data_start__ + SIZEOF (.crypto_data))
                0x0000000000000000                __crypto_data_size__ = SIZEOF (.crypto_data)
                0x000000000002d834                __stop_crypto_data = __crypto_data_end__
                0x000000000002d834                __crypto_data_load_end__ = __crypto_data_end__
                0x0000000000000001                . = ASSERT (((__crypto_data_start__ == __crypto_data_end__) || ((__crypto_data_end__ - __FLASH_segment_start__) <= __FLASH_segment_size__)), error: .crypto_data is too large to fit in FLASH memory segment)
                0x000000000002d834                __log_const_data_load_start__ = ALIGN (__crypto_data_end__, 0x4)

.log_const_data
                0x000000000002d834       0x80
                0x000000000002d834                __log_const_data_start__ = .
                0x000000000002d834                __start_log_const_data = __log_const_data_start__
 *(SORT_BY_NAME(.log_const_data*))
 .log_const_data_CLOCK
                0x000000000002d834        0x8 Output/Release/Obj/ble_app_uart_pca10056_s140/nrfx_clock.o
                0x000000000002d834                m_nrf_log_CLOCK_logs_data_const
 .log_const_data_GPIOTE
                0x000000000002d83c        0x8 Output/Release/Obj/ble_app_uart_pca10056_s140/nrfx_gpiote.o
                0x000000000002d83c                m_nrf_log_GPIOTE_logs_data_const
 .log_const_data_PRS
                0x000000000002d844        0x8 Output/Release/Obj/ble_app_uart_pca10056_s140/nrfx_prs.o
                0x000000000002d844                m_nrf_log_PRS_logs_data_const
 .log_const_data_UART
                0x000000000002d84c        0x8 Output/Release/Obj/ble_app_uart_pca10056_s140/nrfx_uart.o
                0x000000000002d84c                m_nrf_log_UART_logs_data_const
 .log_const_data_UARTE
                0x000000000002d854        0x8 Output/Release/Obj/ble_app_uart_pca10056_s140/nrfx_uarte.o
                0x000000000002d854                m_nrf_log_UARTE_logs_data_const
 .log_const_data_app
                0x000000000002d85c        0x8 Output/Release/Obj/ble_app_uart_pca10056_s140/nrf_log_frontend.o
                0x000000000002d85c                m_nrf_log_app_logs_data_const
 .log_const_data_app_button
                0x000000000002d864        0x8 Output/Release/Obj/ble_app_uart_pca10056_s140/app_button.o
                0x000000000002d864                m_nrf_log_app_button_logs_data_const
 .log_const_data_app_timer
                0x000000000002d86c        0x8 Output/Release/Obj/ble_app_uart_pca10056_s140/app_timer2.o
                0x000000000002d86c                m_nrf_log_app_timer_logs_data_const
 .log_const_data_ble_nus
                0x000000000002d874        0x8 Output/Release/Obj/ble_app_uart_pca10056_s140/ble_nus.o
                0x000000000002d874                m_nrf_log_ble_nus_logs_data_const
 .log_const_data_clock
                0x000000000002d87c        0x8 Output/Release/Obj/ble_app_uart_pca10056_s140/nrf_drv_clock.o
                0x000000000002d87c                m_nrf_log_clock_logs_data_const
 .log_const_data_nrf_ble_gatt
                0x000000000002d884        0x8 Output/Release/Obj/ble_app_uart_pca10056_s140/nrf_ble_gatt.o
                0x000000000002d884                m_nrf_log_nrf_ble_gatt_logs_data_const
 .log_const_data_nrf_sdh
                0x000000000002d88c        0x8 Output/Release/Obj/ble_app_uart_pca10056_s140/nrf_sdh.o
                0x000000000002d88c                m_nrf_log_nrf_sdh_logs_data_const
 .log_const_data_nrf_sdh_ble
                0x000000000002d894        0x8 Output/Release/Obj/ble_app_uart_pca10056_s140/nrf_sdh_ble.o
                0x000000000002d894                m_nrf_log_nrf_sdh_ble_logs_data_const
 .log_const_data_nrf_sdh_soc
                0x000000000002d89c        0x8 Output/Release/Obj/ble_app_uart_pca10056_s140/nrf_sdh_soc.o
                0x000000000002d89c                m_nrf_log_nrf_sdh_soc_logs_data_const
 .log_const_data_pwr_mgmt
                0x000000000002d8a4        0x8 Output/Release/Obj/ble_app_uart_pca10056_s140/nrf_pwr_mgmt.o
                0x000000000002d8a4                m_nrf_log_pwr_mgmt_logs_data_const
 .log_const_data_sortlist
                0x000000000002d8ac        0x8 Output/Release/Obj/ble_app_uart_pca10056_s140/nrf_sortlist.o
                0x000000000002d8ac                m_nrf_log_sortlist_logs_data_const
                0x000000000002d8b4                __log_const_data_end__ = (__log_const_data_start__ + SIZEOF (.log_const_data))
                0x0000000000000080                __log_const_data_size__ = SIZEOF (.log_const_data)
                0x000000000002d8b4                __stop_log_const_data = __log_const_data_end__
                0x000000000002d8b4                __log_const_data_load_end__ = __log_const_data_end__
                0x0000000000000001                . = ASSERT (((__log_const_data_start__ == __log_const_data_end__) || ((__log_const_data_end__ - __FLASH_segment_start__) <= __FLASH_segment_size__)), error: .log_const_data is too large to fit in FLASH memory segment)
                0x000000000002d8b4                __log_backends_load_start__ = ALIGN (__log_const_data_end__, 0x4)

.log_backends   0x000000000002d8b4       0x10
                0x000000000002d8b4                __log_backends_start__ = .
                0x000000000002d8b4                __start_log_backends = __log_backends_start__
 *(SORT_BY_NAME(.log_backends*))
 .log_backends  0x000000000002d8b4       0x10 Output/Release/Obj/ble_app_uart_pca10056_s140/nrf_log_default_backends.o
                0x000000000002d8c4                __log_backends_end__ = (__log_backends_start__ + SIZEOF (.log_backends))
                0x0000000000000010                __log_backends_size__ = SIZEOF (.log_backends)
                0x000000000002d8c4                __stop_log_backends = __log_backends_end__
                0x000000000002d8c4                __log_backends_load_end__ = __log_backends_end__
                0x0000000000000001                . = ASSERT (((__log_backends_start__ == __log_backends_end__) || ((__log_backends_end__ - __FLASH_segment_start__) <= __FLASH_segment_size__)), error: .log_backends is too large to fit in FLASH memory segment)
                0x000000000002d8c4                __nrf_sections_load_start__ = ALIGN (__log_backends_end__, 0x4)

.nrf_sections   0x000000000002d8c4        0x0
                0x000000000002d8c4                __nrf_sections_start__ = .
                0x000000000002d8c4                __start_nrf_sections = __nrf_sections_start__
 *(.nrf_sections .nrf_sections.*)
                0x000000000002d8c4                __nrf_sections_end__ = (__nrf_sections_start__ + SIZEOF (.nrf_sections))
                0x0000000000000000                __nrf_sections_size__ = SIZEOF (.nrf_sections)
                0x000000000002d8c4                __nrf_sections_load_end__ = __nrf_sections_end__
                0x0000000000000001                . = ASSERT (((__nrf_sections_start__ == __nrf_sections_end__) || ((__nrf_sections_end__ - __FLASH_segment_start__) <= __FLASH_segment_size__)), error: .nrf_sections is too large to fit in FLASH memory segment)
                0x000000000002d8c4                __cli_sorted_cmd_ptrs_load_start__ = ALIGN (__nrf_sections_end__, 0x4)

.cli_sorted_cmd_ptrs
                0x0000000020002ae8        0x0 load address 0x000000000002d8c4
                0x0000000020002ae8                __cli_sorted_cmd_ptrs_start__ = .
 *(.cli_sorted_cmd_ptrs*)
                0x0000000020002ae8                __cli_sorted_cmd_ptrs_end__ = (__cli_sorted_cmd_ptrs_start__ + SIZEOF (.cli_sorted_cmd_ptrs))
                0x0000000000000000                __cli_sorted_cmd_ptrs_size__ = SIZEOF (.cli_sorted_cmd_ptrs)
                0x000000000002d8c4                __cli_sorted_cmd_ptrs_load_end__ = (__cli_sorted_cmd_ptrs_load_start__ + SIZEOF (.cli_sorted_cmd_ptrs))
                0x0000000000000001                . = ASSERT (((__cli_sorted_cmd_ptrs_load_start__ == __cli_sorted_cmd_ptrs_load_end__) || ((__cli_sorted_cmd_ptrs_load_end__ - __FLASH_segment_start__) <= __FLASH_segment_size__)), error: .cli_sorted_cmd_ptrs is too large to fit in FLASH memory segment)

.cli_sorted_cmd_ptrs_run
                0x0000000020002ae8        0x0
                0x0000000020002ae8                __cli_sorted_cmd_ptrs_run_start__ = .
                0x0000000020002ae8                __start_cli_sorted_cmd_ptrs = __cli_sorted_cmd_ptrs_run_start__
                0x0000000020002ae8                . = MAX ((__cli_sorted_cmd_ptrs_run_start__ + SIZEOF (.cli_sorted_cmd_ptrs)), .)
                0x0000000020002ae8                __cli_sorted_cmd_ptrs_run_end__ = (__cli_sorted_cmd_ptrs_run_start__ + SIZEOF (.cli_sorted_cmd_ptrs_run))
                0x0000000000000000                __cli_sorted_cmd_ptrs_run_size__ = SIZEOF (.cli_sorted_cmd_ptrs_run)
                0x0000000020002ae8                __stop_cli_sorted_cmd_ptrs = __cli_sorted_cmd_ptrs_run_end__
                0x0000000020002ae8                __cli_sorted_cmd_ptrs_run_load_end__ = __cli_sorted_cmd_ptrs_run_end__
                0x0000000000000001                . = ASSERT (((__cli_sorted_cmd_ptrs_run_start__ == __cli_sorted_cmd_ptrs_run_end__) || ((__cli_sorted_cmd_ptrs_run_end__ - __RAM1_segment_start__) <= __RAM1_segment_size__)), error: .cli_sorted_cmd_ptrs_run is too large to fit in RAM1 memory segment)
                0x000000000002d8c4                __fs_data_load_start__ = ALIGN ((__cli_sorted_cmd_ptrs_load_start__ + SIZEOF (.cli_sorted_cmd_ptrs)), 0x4)

.fs_data        0x0000000020002ae8        0x0 load address 0x000000000002d8c4
                0x0000000020002ae8                __fs_data_start__ = .
 *(.fs_data*)
                0x0000000020002ae8                __fs_data_end__ = (__fs_data_start__ + SIZEOF (.fs_data))
                0x0000000000000000                __fs_data_size__ = SIZEOF (.fs_data)
                0x000000000002d8c4                __fs_data_load_end__ = (__fs_data_load_start__ + SIZEOF (.fs_data))
                0x0000000000000001                . = ASSERT (((__fs_data_load_start__ == __fs_data_load_end__) || ((__fs_data_load_end__ - __FLASH_segment_start__) <= __FLASH_segment_size__)), error: .fs_data is too large to fit in FLASH memory segment)

.fs_data_run    0x0000000020002ae8        0x0
                0x0000000020002ae8                __fs_data_run_start__ = .
                0x0000000020002ae8                __start_fs_data = __fs_data_run_start__
                0x0000000020002ae8                . = MAX ((__fs_data_run_start__ + SIZEOF (.fs_data)), .)
                0x0000000020002ae8                __fs_data_run_end__ = (__fs_data_run_start__ + SIZEOF (.fs_data_run))
                0x0000000000000000                __fs_data_run_size__ = SIZEOF (.fs_data_run)
                0x0000000020002ae8                __stop_fs_data = __fs_data_run_end__
                0x0000000020002ae8                __fs_data_run_load_end__ = __fs_data_run_end__
                0x0000000000000001                . = ASSERT (((__fs_data_run_start__ == __fs_data_run_end__) || ((__fs_data_run_end__ - __RAM1_segment_start__) <= __RAM1_segment_size__)), error: .fs_data_run is too large to fit in RAM1 memory segment)
                0x000000000002d8c4                __log_dynamic_data_load_start__ = ALIGN ((__fs_data_load_start__ + SIZEOF (.fs_data)), 0x4)

.log_dynamic_data
                0x0000000020002ae8        0x0 load address 0x000000000002d8c4
                0x0000000020002ae8                __log_dynamic_data_start__ = .
 *(SORT_BY_NAME(.log_dynamic_data*))
                0x0000000020002ae8                __log_dynamic_data_end__ = (__log_dynamic_data_start__ + SIZEOF (.log_dynamic_data))
                0x0000000000000000                __log_dynamic_data_size__ = SIZEOF (.log_dynamic_data)
                0x000000000002d8c4                __log_dynamic_data_load_end__ = (__log_dynamic_data_load_start__ + SIZEOF (.log_dynamic_data))
                0x0000000000000001                . = ASSERT (((__log_dynamic_data_load_start__ == __log_dynamic_data_load_end__) || ((__log_dynamic_data_load_end__ - __FLASH_segment_start__) <= __FLASH_segment_size__)), error: .log_dynamic_data is too large to fit in FLASH memory segment)

.log_dynamic_data_run
                0x0000000020002ae8        0x0
                0x0000000020002ae8                __log_dynamic_data_run_start__ = .
                0x0000000020002ae8                __start_log_dynamic_data = __log_dynamic_data_run_start__
                0x0000000020002ae8                . = MAX ((__log_dynamic_data_run_start__ + SIZEOF (.log_dynamic_data)), .)
                0x0000000020002ae8                __log_dynamic_data_run_end__ = (__log_dynamic_data_run_start__ + SIZEOF (.log_dynamic_data_run))
                0x0000000000000000                __log_dynamic_data_run_size__ = SIZEOF (.log_dynamic_data_run)
                0x0000000020002ae8                __stop_log_dynamic_data = __log_dynamic_data_run_end__
                0x0000000020002ae8                __log_dynamic_data_run_load_end__ = __log_dynamic_data_run_end__
                0x0000000000000001                . = ASSERT (((__log_dynamic_data_run_start__ == __log_dynamic_data_run_end__) || ((__log_dynamic_data_run_end__ - __RAM1_segment_start__) <= __RAM1_segment_size__)), error: .log_dynamic_data_run is too large to fit in RAM1 memory segment)
                0x000000000002d8c4                __log_filter_data_load_start__ = ALIGN ((__log_dynamic_data_load_start__ + SIZEOF (.log_dynamic_data)), 0x4)

.log_filter_data
                0x0000000020002ae8        0x0 load address 0x000000000002d8c4
                0x0000000020002ae8                __log_filter_data_start__ = .
 *(SORT_BY_NAME(.log_filter_data*))
                0x0000000020002ae8                __log_filter_data_end__ = (__log_filter_data_start__ + SIZEOF (.log_filter_data))