Archive member included to satisfy reference by file (symbol)

/opt/lib/libc_v7em_fpv4_sp_d16_hard_t_le_eabi.a(libc_asm.o)
                              Output/Release/Obj/ble_app_uart_pca10100_s113/bsp.o (__aeabi_uldivmod)
/opt/lib/libc_v7em_fpv4_sp_d16_hard_t_le_eabi.a(libc2.o)
                              Output/Release/Obj/ble_app_uart_pca10100_s113/nrf_log_str_formatter.o (isprint)
/opt/lib/libc_v7em_fpv4_sp_d16_hard_t_le_eabi.a(libc2_asm.o)
                              Output/Release/Obj/ble_app_uart_pca10100_s113/nrf_log_frontend.o (memcpy)
/opt/lib/libc_v7em_fpv4_sp_d16_hard_t_le_eabi.a(libvfprintf.o)
                              (__vfprintf_long)
/opt/lib/libc_v7em_fpv4_sp_d16_hard_t_le_eabi.a(libvfscanf.o)
                              (__vfscanf_long)
/opt/lib/libc_v7em_fpv4_sp_d16_hard_t_le_eabi.a(libc.o)
                              /opt/lib/libc_v7em_fpv4_sp_d16_hard_t_le_eabi.a(libc2.o) (__heap_lock)
/opt/lib/libdebugio_v7em_fpv4_sp_d16_hard_t_le_eabi.a(libdebugio.o)
                              Output/Release/Obj/ble_app_uart_pca10100_s113/thumb_crt0.o (debug_fopen)
/opt/lib/libdebugio_v7em_fpv4_sp_d16_hard_t_le_eabi.a(do_nv_debug_operation.o)
                              /opt/lib/libdebugio_v7em_fpv4_sp_d16_hard_t_le_eabi.a(libdebugio.o) (__do_nvdebug_operation)
/opt/lib/libdebugio_v7em_fpv4_sp_d16_hard_t_le_eabi.a(mempoll_debug_operations.o)
                              (__do_debug_operation_mempoll)
/opt/lib/libm_v7em_fpv4_sp_d16_hard_t_le_eabi.a(libm_asm.o)
                              /opt/lib/libc_v7em_fpv4_sp_d16_hard_t_le_eabi.a(libc2.o) (__aeabi_dadd)
/opt/lib/libm_v7em_fpv4_sp_d16_hard_t_le_eabi.a(libm2.o)
                              /opt/lib/libc_v7em_fpv4_sp_d16_hard_t_le_eabi.a(libvfprintf.o) (frexp)

Discarded input sections

 .text          0x0000000000000000        0x0 Output/Release/Obj/ble_app_uart_pca10100_s113/thumb_crt0.o
 .data          0x0000000000000000        0x0 Output/Release/Obj/ble_app_uart_pca10100_s113/thumb_crt0.o
 .bss           0x0000000000000000        0x0 Output/Release/Obj/ble_app_uart_pca10100_s113/thumb_crt0.o
 .text.__aeabi_read_tp
                0x0000000000000000        0x8 Output/Release/Obj/ble_app_uart_pca10100_s113/thumb_crt0.o
 .text.abort    0x0000000000000000        0x2 Output/Release/Obj/ble_app_uart_pca10100_s113/thumb_crt0.o
 .text.__assert
                0x0000000000000000        0x2 Output/Release/Obj/ble_app_uart_pca10100_s113/thumb_crt0.o
 .text.__assert_func
                0x0000000000000000        0x2 Output/Release/Obj/ble_app_uart_pca10100_s113/thumb_crt0.o
 .text.__aeabi_assert
                0x0000000000000000        0x2 Output/Release/Obj/ble_app_uart_pca10100_s113/thumb_crt0.o
 .text.__sync_synchronize
                0x0000000000000000        0x2 Output/Release/Obj/ble_app_uart_pca10100_s113/thumb_crt0.o
 .text.__getchar
                0x0000000000000000        0x4 Output/Release/Obj/ble_app_uart_pca10100_s113/thumb_crt0.o
 .text.__putchar
                0x0000000000000000        0x4 Output/Release/Obj/ble_app_uart_pca10100_s113/thumb_crt0.o
 .text.__open   0x0000000000000000        0x4 Output/Release/Obj/ble_app_uart_pca10100_s113/thumb_crt0.o
 .text.__close  0x0000000000000000        0x4 Output/Release/Obj/ble_app_uart_pca10100_s113/thumb_crt0.o
 .text.__write  0x0000000000000000        0xa Output/Release/Obj/ble_app_uart_pca10100_s113/thumb_crt0.o
 .text.__read   0x0000000000000000        0xa Output/Release/Obj/ble_app_uart_pca10100_s113/thumb_crt0.o
 .text.__seek   0x0000000000000000       0x1a Output/Release/Obj/ble_app_uart_pca10100_s113/thumb_crt0.o
 .text.remove   0x0000000000000000        0x4 Output/Release/Obj/ble_app_uart_pca10100_s113/thumb_crt0.o
 .text.rename   0x0000000000000000        0x4 Output/Release/Obj/ble_app_uart_pca10100_s113/thumb_crt0.o
 .bss.__user_locale_name_buffer
                0x0000000000000000        0x4 Output/Release/Obj/ble_app_uart_pca10100_s113/thumb_crt0.o
 .stack         0x0000000000000000        0x0 Output/Release/Obj/ble_app_uart_pca10100_s113/thumb_crt0.o
 .stack_process
                0x0000000000000000        0x0 Output/Release/Obj/ble_app_uart_pca10100_s113/thumb_crt0.o
 .heap          0x0000000000000000        0x0 Output/Release/Obj/ble_app_uart_pca10100_s113/thumb_crt0.o
 .group         0x0000000000000000        0xc Output/Release/Obj/ble_app_uart_pca10100_s113/nrf_log_backend_rtt.o
 .group         0x0000000000000000        0xc Output/Release/Obj/ble_app_uart_pca10100_s113/nrf_log_backend_rtt.o
 .group         0x0000000000000000        0xc Output/Release/Obj/ble_app_uart_pca10100_s113/nrf_log_backend_rtt.o
 .group         0x0000000000000000        0xc Output/Release/Obj/ble_app_uart_pca10100_s113/nrf_log_backend_rtt.o
 .group         0x0000000000000000        0xc Output/Release/Obj/ble_app_uart_pca10100_s113/nrf_log_backend_rtt.o
 .group         0x0000000000000000        0xc Output/Release/Obj/ble_app_uart_pca10100_s113/nrf_log_backend_rtt.o
[...]
Memory Configuration

Name             Origin             Length             Attributes
UNPLACED_SECTIONS 0x0000000100000000 0x0000000000000000 xw
RAM1             0x0000000020000000 0x0000000000020000 xw
FLASH            0x0000000000000000 0x0000000000080000 xw
*default*        0x0000000000000000 0xffffffffffffffff

Linker script and memory map

                0x0000000000000000                __do_debug_operation = __do_debug_operation_mempoll
                0x0000000000021e80                __vfprintf = __vfprintf_long
                0x0000000000000000                __vfscanf = __vfscanf_long
                0x0000000020000000                __RAM1_segment_start__ = 0x20000000
                0x0000000020020000                __RAM1_segment_end__ = 0x20020000
                0x0000000000020000                __RAM1_segment_size__ = 0x20000
                0x0000000000000000                __FLASH_segment_start__ = 0x0
                0x0000000000080000                __FLASH_segment_end__ = 0x80000
                0x0000000000080000                __FLASH_segment_size__ = 0x80000
                0x0000000000000800                __HEAPSIZE__ = 0x800
                0x0000000000000000                __STACKSIZE_PROCESS__ = 0x0
                0x0000000000000800                __STACKSIZE__ = 0x800
                0x0000000020000000                __reserved_ram_load_start__ = 0x20000000

.reserved_ram   0x0000000020000000     0x2608
                0x0000000020000000                __reserved_ram_start__ = .
 *(.reserved_ram .reserved_ram.*)
                0x0000000020002608                . = MAX (((__reserved_ram_start__ + 0x20002608) - 0x20000000), .)
 *fill*         0x0000000020000000     0x2608 
                0x0000000020002608                __reserved_ram_end__ = (__reserved_ram_start__ + SIZEOF (.reserved_ram))
                0x0000000000002608                __reserved_ram_size__ = SIZEOF (.reserved_ram)
                0x0000000020002608                __reserved_ram_load_end__ = __reserved_ram_end__
                0x0000000000000001                . = ASSERT (((__reserved_ram_start__ == __reserved_ram_end__) || ((__reserved_ram_end__ - __RAM1_segment_start__) <= __RAM1_segment_size__)), error: .reserved_ram is too large to fit in RAM1 memory segment)
                0x0000000020002608                __vectors_ram_load_start__ = 0x20002608

.vectors_ram    0x0000000020002608        0x0
                0x0000000020002608                __vectors_ram_start__ = .
                0x0000000020002608                __app_ram_start__ = __vectors_ram_start__
 *(.vectors_ram .vectors_ram.*)
                0x0000000020002608                __vectors_ram_end__ = (__vectors_ram_start__ + SIZEOF (.vectors_ram))
                0x0000000000000000                __vectors_ram_size__ = SIZEOF (.vectors_ram)
                0x0000000020002608                __vectors_ram_load_end__ = __vectors_ram_end__
                0x0000000000000001                . = ASSERT (((__vectors_ram_start__ == __vectors_ram_end__) || ((__vectors_ram_end__ - __RAM1_segment_start__) <= __RAM1_segment_size__)), error: .vectors_ram is too large to fit in RAM1 memory segment)
                0x0000000000000001                . = ASSERT ((__reserved_ram_end__ <= __vectors_ram_start__), error: section .reserved_ram overlaps absolute placed section .vectors_ram)
                0x0000000020002608                __nrf_sections_run_load_start__ = ALIGN (__vectors_ram_end__, 0x4)

.nrf_sections_run
                0x0000000020002608        0x0
                0x0000000020002608                __nrf_sections_run_start__ = .
                0x0000000020002608                __start_nrf_sections_run = __nrf_sections_run_start__
 *(.nrf_sections_run .nrf_sections_run.*)
                0x0000000020002608                __nrf_sections_run_end__ = (__nrf_sections_run_start__ + SIZEOF (.nrf_sections_run))
                0x0000000000000000                __nrf_sections_run_size__ = SIZEOF (.nrf_sections_run)
                0x0000000020002608                __nrf_sections_run_load_end__ = __nrf_sections_run_end__
                0x0000000000000001                . = ASSERT (((__nrf_sections_run_start__ == __nrf_sections_run_end__) || ((__nrf_sections_run_end__ - __RAM1_segment_start__) <= __RAM1_segment_size__)), error: .nrf_sections_run is too large to fit in RAM1 memory segment)
                0x0000000000000000                __reserved_flash_load_start__ = 0x0

.reserved_flash
                0x0000000000000000    0x1c000
                0x0000000000000000                __reserved_flash_start__ = .
 *(.reserved_flash .reserved_flash.*)
                0x000000000001c000                . = MAX (((__reserved_flash_start__ + 0x1c000) - 0x0), .)
 *fill*         0x0000000000000000    0x1c000 
                0x000000000001c000                __reserved_flash_end__ = (__reserved_flash_start__ + SIZEOF (.reserved_flash))
                0x000000000001c000                __reserved_flash_size__ = SIZEOF (.reserved_flash)
                0x000000000001c000                __reserved_flash_load_end__ = __reserved_flash_end__
                0x0000000000000001                . = ASSERT (((__reserved_flash_start__ == __reserved_flash_end__) || ((__reserved_flash_end__ - __FLASH_segment_start__) <= __FLASH_segment_size__)), error: .reserved_flash is too large to fit in FLASH memory segment)
                0x000000000001c000                __vectors_load_start__ = 0x1c000

.vectors        0x000000000001c000      0x200
                0x000000000001c000                __vectors_start__ = .
 *(.vectors .vectors.*)
 .vectors       0x000000000001c000      0x200 Output/Release/Obj/ble_app_uart_pca10100_s113/ses_startup_nrf52833.o
                0x000000000001c000                _vectors
                0x000000000001c200                __vectors_end__ = (__vectors_start__ + SIZEOF (.vectors))
                0x0000000000000200                __vectors_size__ = SIZEOF (.vectors)
                0x000000000001c200                __vectors_load_end__ = __vectors_end__
                0x0000000000000001                . = ASSERT (((__vectors_start__ == __vectors_end__) || ((__vectors_end__ - __FLASH_segment_start__) <= __FLASH_segment_size__)), error: .vectors is too large to fit in FLASH memory segment)
                0x0000000000000001                . = ASSERT ((__reserved_flash_end__ <= __vectors_start__), error: section .reserved_flash overlaps absolute placed section .vectors)
                0x000000000001c200                __init_load_start__ = ALIGN (__vectors_end__, 0x4)

.init           0x000000000001c200      0x1d0
                0x000000000001c200                __init_start__ = .
 *(.init .init.*)
 .init          0x000000000001c200      0x15c Output/Release/Obj/ble_app_uart_pca10100_s113/thumb_crt0.o
                0x000000000001c200                _start
                0x000000000001c2b4                exit
 .init          0x000000000001c35c       0x18 Output/Release/Obj/ble_app_uart_pca10100_s113/ses_startup_nrf52833.o
                0x000000000001c35c                NMI_Handler
                0x000000000001c35e                HardFault_Handler
                0x000000000001c360                MemoryManagement_Handler
                0x000000000001c362                BusFault_Handler
                0x000000000001c364                UsageFault_Handler
                0x000000000001c366                SVC_Handler
                0x000000000001c368                DebugMon_Handler
                0x000000000001c36a                PendSV_Handler
                0x000000000001c36c                SysTick_Handler
                0x000000000001c36e                TIMER2_IRQHandler
                0x000000000001c36e                RTC0_IRQHandler
                0x000000000001c36e                SWI0_EGU0_IRQHandler
                0x000000000001c36e                PWM1_IRQHandler
                0x000000000001c36e                RADIO_IRQHandler
                0x000000000001c36e                PDM_IRQHandler
                0x000000000001c36e                TEMP_IRQHandler
                0x000000000001c36e                QDEC_IRQHandler
                0x000000000001c36e                TIMER3_IRQHandler
                0x000000000001c36e                PWM3_IRQHandler
                0x000000000001c36e                FPU_IRQHandler
                0x000000000001c36e                USBD_IRQHandler
                0x000000000001c36e                SPIM0_SPIS0_TWIM0_TWIS0_SPI0_TWI0_IRQHandler
                0x000000000001c36e                TIMER4_IRQHandler
                0x000000000001c36e                I2S_IRQHandler
                0x000000000001c36e                SWI4_EGU4_IRQHandler
                0x000000000001c36e                TIMER0_IRQHandler
                0x000000000001c36e                UARTE1_IRQHandler
                0x000000000001c36e                Dummy_Handler
                0x000000000001c36e                TIMER1_IRQHandler
                0x000000000001c36e                SPIM3_IRQHandler
                0x000000000001c36e                PWM2_IRQHandler
                0x000000000001c36e                ECB_IRQHandler
                0x000000000001c36e                SPIM1_SPIS1_TWIM1_TWIS1_SPI1_TWI1_IRQHandler
                0x000000000001c36e                SAADC_IRQHandler
                0x000000000001c36e                CCM_AAR_IRQHandler
                0x000000000001c36e                WDT_IRQHandler
                0x000000000001c36e                SWI5_EGU5_IRQHandler
                0x000000000001c36e                RNG_IRQHandler
                0x000000000001c36e                RTC2_IRQHandler
                0x000000000001c36e                PWM0_IRQHandler
                0x000000000001c36e                SWI3_EGU3_IRQHandler
                0x000000000001c36e                SWI1_EGU1_IRQHandler
                0x000000000001c36e                SPIM2_SPIS2_SPI2_IRQHandler
                0x000000000001c36e                NFCT_IRQHandler
                0x000000000001c36e                MWU_IRQHandler
                0x000000000001c36e                COMP_LPCOMP_IRQHandler
                0x000000000001c370                nRFInitialize
 .init          0x000000000001c374       0x5c Output/Release/Obj/ble_app_uart_pca10100_s113/ses_startup_nrf_common.o
                0x000000000001c374                Reset_Handler
                0x000000000001c378                afterInitialize
                0x000000000001c39c                InitializeUserMemorySections
                0x000000000001c3d0                __init_end__ = (__init_start__ + SIZEOF (.init))
                0x00000000000001d0                __init_size__ = SIZEOF (.init)
                0x000000000001c3d0                __init_load_end__ = __init_end__
                0x0000000000000001                . = ASSERT (((__init_start__ == __init_end__) || ((__init_end__ - __FLASH_segment_start__) <= __FLASH_segment_size__)), error: .init is too large to fit in FLASH memory segment)
                0x000000000001c3d0                __init_rodata_load_start__ = ALIGN (__init_end__, 0x4)

.init_rodata    0x000000000001c3d0        0x0
                0x000000000001c3d0                __init_rodata_start__ = .
 *(.init_rodata .init_rodata.*)
                0x000000000001c3d0                __init_rodata_end__ = (__init_rodata_start__ + SIZEOF (.init_rodata))
                0x0000000000000000                __init_rodata_size__ = SIZEOF (.init_rodata)
                0x000000000001c3d0                __init_rodata_load_end__ = __init_rodata_end__
                0x0000000000000001                . = ASSERT (((__init_rodata_start__ == __init_rodata_end__) || ((__init_rodata_end__ - __FLASH_segment_start__) <= __FLASH_segment_size__)), error: .init_rodata is too large to fit in FLASH memory segment)
                0x000000000001c3d0                __text_load_start__ = ALIGN (__init_rodata_end__, 0x4)

.text           0x000000000001c3d0     0x60e4
                0x000000000001c3d0                __text_start__ = .
 *(.text .text.* .glue_7t .glue_7 .gnu.linkonce.t.* .gcc_except_table .ARM.extab* .gnu.linkonce.armextab.*)
 .glue_7        0x000000000001c3d0        0x0 linker stubs
 .glue_7t       0x000000000001c3d0        0x0 linker stubs
 .text.nrf_log_backend_rtt_flush
                0x000000000001c3d0        0x2 Output/Release/Obj/ble_app_uart_pca10100_s113/nrf_log_backend_rtt.o
 *fill*         0x000000000001c3d2        0x2 
 .text.nrf_log_backend_rtt_put
                0x000000000001c3d4       0x1c Output/Release/Obj/ble_app_uart_pca10100_s113/nrf_log_backend_rtt.o
 .text.serial_tx
                0x000000000001c3f0       0x50 Output/Release/Obj/ble_app_uart_pca10100_s113/nrf_log_backend_rtt.o
 .text.nrf_log_backend_rtt_panic_set
                0x000000000001c440        0x2 Output/Release/Obj/ble_app_uart_pca10100_s113/nrf_log_backend_rtt.o
 .text.nrf_log_backend_rtt_init
                0x000000000001c442        0x4 Output/Release/Obj/ble_app_uart_pca10100_s113/nrf_log_backend_rtt.o
                0x000000000001c442                nrf_log_backend_rtt_init
 .text.nrf_log_backend_serial_put
                0x000000000001c446       0xc2 Output/Release/Obj/ble_app_uart_pca10100_s113/nrf_log_backend_serial.o
                0x000000000001c446                nrf_log_backend_serial_put
 .text.nrf_log_default_backends_init
                0x000000000001c508       0x20 Output/Release/Obj/ble_app_uart_pca10100_s113/nrf_log_default_backends.o
                0x000000000001c508                nrf_log_default_backends_init
 .text.invalid_packets_omit
                0x000000000001c528       0x3a Output/Release/Obj/ble_app_uart_pca10100_s113/nrf_log_frontend.o
 *fill*         0x000000000001c562        0x2 
 .text.buf_prealloc
                0x000000000001c564      0x124 Output/Release/Obj/ble_app_uart_pca10100_s113/nrf_log_frontend.o
 .text.nrf_log_init
                0x000000000001c688       0x28 Output/Release/Obj/ble_app_uart_pca10100_s113/nrf_log_frontend.o
                0x000000000001c688                nrf_log_init
 .text.nrf_log_module_name_get
                0x000000000001c6b0       0x38 Output/Release/Obj/ble_app_uart_pca10100_s113/nrf_log_frontend.o
                0x000000000001c6b0                nrf_log_module_name_get
 .text.nrf_log_color_id_get
                0x000000000001c6e8       0x2c Output/Release/Obj/ble_app_uart_pca10100_s113/nrf_log_frontend.o
                0x000000000001c6e8                nrf_log_color_id_get
 .text.buffer_is_empty
                0x000000000001c714       0x14 Output/Release/Obj/ble_app_uart_pca10100_s113/nrf_log_frontend.o
                0x000000000001c714                buffer_is_empty
 .text.nrf_log_frontend_dequeue
                0x000000000001c728      0x1fc Output/Release/Obj/ble_app_uart_pca10100_s113/nrf_log_frontend.o
                0x000000000001c728                nrf_log_frontend_dequeue
 .text.std_n    0x000000000001c924       0x8c Output/Release/Obj/ble_app_uart_pca10100_s113/nrf_log_frontend.o
 .text.nrf_log_frontend_std_0
                0x000000000001c9b0        0x8 Output/Release/Obj/ble_app_uart_pca10100_s113/nrf_log_frontend.o
                0x000000000001c9b0                nrf_log_frontend_std_0
 .text.nrf_log_frontend_std_1
                0x000000000001c9b8       0x12 Output/Release/Obj/ble_app_uart_pca10100_s113/nrf_log_frontend.o
                0x000000000001c9b8                nrf_log_frontend_std_1
 .text.nrf_log_frontend_std_2
                0x000000000001c9ca       0x14 Output/Release/Obj/ble_app_uart_pca10100_s113/nrf_log_frontend.o
                0x000000000001c9ca                nrf_log_frontend_std_2
 *fill*         0x000000000001c9de        0x2 
 .text.nrf_log_backend_add
                0x000000000001c9e0       0x44 Output/Release/Obj/ble_app_uart_pca10100_s113/nrf_log_frontend.o
                0x000000000001c9e0                nrf_log_backend_add
 .text.nrf_log_panic
                0x000000000001ca24       0x28 Output/Release/Obj/ble_app_uart_pca10100_s113/nrf_log_frontend.o
                0x000000000001ca24                nrf_log_panic
 .text.postfix_process
                0x000000000001ca4c       0x44 Output/Release/Obj/ble_app_uart_pca10100_s113/nrf_log_str_formatter.o
 .text.prefix_process
                0x000000000001ca90       0x7c Output/Release/Obj/ble_app_uart_pca10100_s113/nrf_log_str_formatter.o
 .text.nrf_log_std_entry_process
                0x000000000001cb0c       0xc8 Output/Release/Obj/ble_app_uart_pca10100_s113/nrf_log_str_formatter.o
                0x000000000001cb0c                nrf_log_std_entry_process
 .text.nrf_log_hexdump_entry_process
                0x000000000001cbd4       0xb8 Output/Release/Obj/ble_app_uart_pca10100_s113/nrf_log_str_formatter.o
                0x000000000001cbd4                nrf_log_hexdump_entry_process
 .text.state_set
                0x000000000001cc8c       0x24 Output/Release/Obj/ble_app_uart_pca10100_s113/app_button.o
 .text.button_get
                0x000000000001ccb0       0x30 Output/Release/Obj/ble_app_uart_pca10100_s113/app_button.o
 .text.usr_event
                0x000000000001cce0       0x20 Output/Release/Obj/ble_app_uart_pca10100_s113/app_button.o
 .text.timer_start
                0x000000000001cd00       0x18 Output/Release/Obj/ble_app_uart_pca10100_s113/app_button.o
 .text.gpiote_event_handler
                0x000000000001cd18       0x34 Output/Release/Obj/ble_app_uart_pca10100_s113/app_button.o
 .text.evt_handle
                0x000000000001cd4c       0xe4 Output/Release/Obj/ble_app_uart_pca10100_s113/app_button.o
                0x000000000001cd4c                evt_handle
 .text.detection_delay_timeout_handler
                0x000000000001ce30       0x5c Output/Release/Obj/ble_app_uart_pca10100_s113/app_button.o
 .text.app_button_init
                0x000000000001ce8c       0xac Output/Release/Obj/ble_app_uart_pca10100_s113/app_button.o
                0x000000000001ce8c                app_button_init
 .text.app_button_enable
                0x000000000001cf38       0x2c Output/Release/Obj/ble_app_uart_pca10100_s113/app_button.o
                0x000000000001cf38                app_button_enable
 .text.app_error_handler_bare
                0x000000000001cf64       0x1a Output/Release/Obj/ble_app_uart_pca10100_s113/app_error.o
                0x000000000001cf64                app_error_handler_bare
 *fill*         0x000000000001cf7e        0x2 
 .text.app_error_fault_handler
                0x000000000001cf80       0x70 Output/Release/Obj/ble_app_uart_pca10100_s113/app_error_weak.o
                0x000000000001cf80                app_error_fault_handler
 .text.app_fifo_init
                0x000000000001cff0       0x1e Output/Release/Obj/ble_app_uart_pca10100_s113/app_fifo.o
                0x000000000001cff0                app_fifo_init
 .text.app_fifo_put
                0x000000000001d00e       0x24 Output/Release/Obj/ble_app_uart_pca10100_s113/app_fifo.o
                0x000000000001d00e                app_fifo_put
 .text.app_fifo_get
                0x000000000001d032       0x22 Output/Release/Obj/ble_app_uart_pca10100_s113/app_fifo.o
                0x000000000001d032                app_fifo_get
 .text.compare_func
                0x000000000001d054       0x16 Output/Release/Obj/ble_app_uart_pca10100_s113/app_timer2.o
 *fill*         0x000000000001d06a        0x2 
 .text.get_now  0x000000000001d06c       0x3c Output/Release/Obj/ble_app_uart_pca10100_s113/app_timer2.o
 .text.timer_req_schedule
                0x000000000001d0a8       0x38 Output/Release/Obj/ble_app_uart_pca10100_s113/app_timer2.o
 .text.timer_expire
                0x000000000001d0e0       0x6c Output/Release/Obj/ble_app_uart_pca10100_s113/app_timer2.o
 .text.app_timer_init
                0x000000000001d14c       0x64 Output/Release/Obj/ble_app_uart_pca10100_s113/app_timer2.o
                0x000000000001d14c                app_timer_init
 .text.app_timer_create
                0x000000000001d1b0       0x16 Output/Release/Obj/ble_app_uart_pca10100_s113/app_timer2.o
                0x000000000001d1b0                app_timer_create
 .text.app_timer_start
                0x000000000001d1c6       0x30 Output/Release/Obj/ble_app_uart_pca10100_s113/app_timer2.o
                0x000000000001d1c6                app_timer_start
 .text.app_timer_stop
                0x000000000001d1f6        0xc Output/Release/Obj/ble_app_uart_pca10100_s113/app_timer2.o
                0x000000000001d1f6                app_timer_stop
 *fill*         0x000000000001d202        0x2 
 .text.app_timer_cnt_get
                0x000000000001d204        0xc Output/Release/Obj/ble_app_uart_pca10100_s113/app_timer2.o
                0x000000000001d204                app_timer_cnt_get
 .text.rtc_irq  0x000000000001d210      0x198 Output/Release/Obj/ble_app_uart_pca10100_s113/app_timer2.o
 .text.nrf_drv_uart_rx.constprop.0
                0x000000000001d3a8       0x28 Output/Release/Obj/ble_app_uart_pca10100_s113/app_uart_fifo.o
 .text.nrf_drv_uart_tx.constprop.0
                0x000000000001d3d0       0x28 Output/Release/Obj/ble_app_uart_pca10100_s113/app_uart_fifo.o
 .text.uart_event_handler
                0x000000000001d3f8       0x9c Output/Release/Obj/ble_app_uart_pca10100_s113/app_uart_fifo.o
 .text.app_uart_init
                0x000000000001d494       0xb0 Output/Release/Obj/ble_app_uart_pca10100_s113/app_uart_fifo.o
                0x000000000001d494                app_uart_init
 .text.app_uart_get
                0x000000000001d544       0x2c Output/Release/Obj/ble_app_uart_pca10100_s113/app_uart_fifo.o
                0x000000000001d544                app_uart_get
 .text.app_uart_put
                0x000000000001d570       0x50 Output/Release/Obj/ble_app_uart_pca10100_s113/app_uart_fifo.o
                0x000000000001d570                app_uart_put
 .text.app_util_critical_region_enter
                0x000000000001d5c0       0x48 Output/Release/Obj/ble_app_uart_pca10100_s113/app_util_platform.o
                0x000000000001d5c0                app_util_critical_region_enter
 .text.app_util_critical_region_exit
                0x000000000001d608       0x2c Output/Release/Obj/ble_app_uart_pca10100_s113/app_util_platform.o
                0x000000000001d608                app_util_critical_region_exit
 .text.evt_pending.isra.0
                0x000000000001d634       0x1a Output/Release/Obj/ble_app_uart_pca10100_s113/drv_rtc.o
 *fill*         0x000000000001d64e        0x2 
 .text.drv_rtc_init
                0x000000000001d650       0xa4 Output/Release/Obj/ble_app_uart_pca10100_s113/drv_rtc.o
                0x000000000001d650                drv_rtc_init
 .text.drv_rtc_start
                0x000000000001d6f4        0x8 Output/Release/Obj/ble_app_uart_pca10100_s113/drv_rtc.o
                0x000000000001d6f4                drv_rtc_start
 .text.drv_rtc_stop
                0x000000000001d6fc        0x8 Output/Release/Obj/ble_app_uart_pca10100_s113/drv_rtc.o
                0x000000000001d6fc                drv_rtc_stop
 .text.drv_rtc_compare_set
                0x000000000001d704       0x3e Output/Release/Obj/ble_app_uart_pca10100_s113/drv_rtc.o
                0x000000000001d704                drv_rtc_compare_set
 *fill*         0x000000000001d742        0x2 
 .text.drv_rtc_windowed_compare_set
                0x000000000001d744       0xf0 Output/Release/Obj/ble_app_uart_pca10100_s113/drv_rtc.o
                0x000000000001d744                drv_rtc_windowed_compare_set
 .text.drv_rtc_overflow_enable
                0x000000000001d834       0x10 Output/Release/Obj/ble_app_uart_pca10100_s113/drv_rtc.o
                0x000000000001d834                drv_rtc_overflow_enable
 .text.drv_rtc_overflow_pending
                0x000000000001d844        0xa Output/Release/Obj/ble_app_uart_pca10100_s113/drv_rtc.o
                0x000000000001d844                drv_rtc_overflow_pending
 .text.drv_rtc_compare_disable
                0x000000000001d84e       0x14 Output/Release/Obj/ble_app_uart_pca10100_s113/drv_rtc.o
                0x000000000001d84e                drv_rtc_compare_disable
 .text.drv_rtc_compare_pending
                0x000000000001d862        0xc Output/Release/Obj/ble_app_uart_pca10100_s113/drv_rtc.o
                0x000000000001d862                drv_rtc_compare_pending
 .text.drv_rtc_counter_get
                0x000000000001d86e        0x8 Output/Release/Obj/ble_app_uart_pca10100_s113/drv_rtc.o
                0x000000000001d86e                drv_rtc_counter_get
 *fill*         0x000000000001d876        0x2 
 .text.drv_rtc_irq_trigger
                0x000000000001d878       0x24 Output/Release/Obj/ble_app_uart_pca10100_s113/drv_rtc.o
                0x000000000001d878                drv_rtc_irq_trigger
 .text.RTC1_IRQHandler
                0x000000000001d89c       0x14 Output/Release/Obj/ble_app_uart_pca10100_s113/drv_rtc.o
                0x000000000001d89c                RTC1_IRQHandler
 .text.nrf_atfifo_init
                0x000000000001d8b0       0x26 Output/Release/Obj/ble_app_uart_pca10100_s113/nrf_atfifo.o
                0x000000000001d8b0                nrf_atfifo_init
 .text.nrf_atfifo_item_alloc
                0x000000000001d8d6       0x54 Output/Release/Obj/ble_app_uart_pca10100_s113/nrf_atfifo.o
                0x000000000001d8d6                nrf_atfifo_item_alloc
 .text.nrf_atfifo_item_put
                0x000000000001d92a       0x20 Output/Release/Obj/ble_app_uart_pca10100_s113/nrf_atfifo.o
                0x000000000001d92a                nrf_atfifo_item_put
 .text.nrf_atfifo_item_get
                0x000000000001d94a       0x56 Output/Release/Obj/ble_app_uart_pca10100_s113/nrf_atfifo.o
                0x000000000001d94a                nrf_atfifo_item_get
 .text.nrf_atfifo_item_free
                0x000000000001d9a0       0x20 Output/Release/Obj/ble_app_uart_pca10100_s113/nrf_atfifo.o
                0x000000000001d9a0                nrf_atfifo_item_free
 .text.nrf_atflags_set
                0x000000000001d9c0       0x12 Output/Release/Obj/ble_app_uart_pca10100_s113/nrf_atflags.o
                0x000000000001d9c0                nrf_atflags_set
 .text.nrf_atflags_clear
                0x000000000001d9d2       0x14 Output/Release/Obj/ble_app_uart_pca10100_s113/nrf_atflags.o
                0x000000000001d9d2                nrf_atflags_clear
 .text.nrf_atflags_get
                0x000000000001d9e6       0x12 Output/Release/Obj/ble_app_uart_pca10100_s113/nrf_atflags.o
                0x000000000001d9e6                nrf_atflags_get
 .text.nrf_atomic_u32_fetch_store
                0x000000000001d9f8       0x16 Output/Release/Obj/ble_app_uart_pca10100_s113/nrf_atomic.o
                0x000000000001d9f8                nrf_atomic_u32_fetch_store
 .text.nrf_atomic_u32_or
                0x000000000001da0e       0x18 Output/Release/Obj/ble_app_uart_pca10100_s113/nrf_atomic.o
                0x000000000001da0e                nrf_atomic_u32_or
 .text.nrf_atomic_u32_fetch_and
                0x000000000001da26       0x18 Output/Release/Obj/ble_app_uart_pca10100_s113/nrf_atomic.o
                0x000000000001da26                nrf_atomic_u32_fetch_and
 .text.nrf_atomic_u32_and
                0x000000000001da3e       0x18 Output/Release/Obj/ble_app_uart_pca10100_s113/nrf_atomic.o
                0x000000000001da3e                nrf_atomic_u32_and
 .text.nrf_atomic_u32_add
                0x000000000001da56       0x18 Output/Release/Obj/ble_app_uart_pca10100_s113/nrf_atomic.o
                0x000000000001da56                nrf_atomic_u32_add
 .text.nrf_atomic_u32_sub
                0x000000000001da6e       0x18 Output/Release/Obj/ble_app_uart_pca10100_s113/nrf_atomic.o
                0x000000000001da6e                nrf_atomic_u32_sub
 .text.nrf_atomic_flag_set
                0x000000000001da86        0x6 Output/Release/Obj/ble_app_uart_pca10100_s113/nrf_atomic.o
                0x000000000001da86                nrf_atomic_flag_set
 .text.nrf_atomic_flag_clear_fetch
                0x000000000001da8c        0x6 Output/Release/Obj/ble_app_uart_pca10100_s113/nrf_atomic.o
                0x000000000001da8c                nrf_atomic_flag_clear_fetch
 .text.nrf_balloc_init
                0x000000000001da92       0x2e Output/Release/Obj/ble_app_uart_pca10100_s113/nrf_balloc.o
                0x000000000001da92                nrf_balloc_init
 .text.nrf_balloc_alloc
                0x000000000001dac0       0x48 Output/Release/Obj/ble_app_uart_pca10100_s113/nrf_balloc.o
                0x000000000001dac0                nrf_balloc_alloc
 .text.nrf_balloc_free
                0x000000000001db08       0x34 Output/Release/Obj/ble_app_uart_pca10100_s113/nrf_balloc.o
                0x000000000001db08                nrf_balloc_free
 .text.nrf_fprintf_buffer_flush
                0x000000000001db3c       0x16 Output/Release/Obj/ble_app_uart_pca10100_s113/nrf_fprintf.o
                0x000000000001db3c                nrf_fprintf_buffer_flush
 .text.nrf_fprintf
                0x000000000001db52       0x1c Output/Release/Obj/ble_app_uart_pca10100_s113/nrf_fprintf.o
                0x000000000001db52                nrf_fprintf
 .text.buffer_add
                0x000000000001db6e       0x2e Output/Release/Obj/ble_app_uart_pca10100_s113/nrf_fprintf_format.o
 .text.unsigned_print
                0x000000000001db9c       0xb4 Output/Release/Obj/ble_app_uart_pca10100_s113/nrf_fprintf_format.o
 .text.nrf_fprintf_fmt
                0x000000000001dc50      0x29c Output/Release/Obj/ble_app_uart_pca10100_s113/nrf_fprintf_format.o
                0x000000000001dc50                nrf_fprintf_fmt
 .text.memobj_op
                0x000000000001deec       0x86 Output/Release/Obj/ble_app_uart_pca10100_s113/nrf_memobj.o
 .text.nrf_memobj_pool_init
                0x000000000001df72        0x4 Output/Release/Obj/ble_app_uart_pca10100_s113/nrf_memobj.o
                0x000000000001df72                nrf_memobj_pool_init
 .text.nrf_memobj_free
                0x000000000001df76       0x2c Output/Release/Obj/ble_app_uart_pca10100_s113/nrf_memobj.o
                0x000000000001df76                nrf_memobj_free
 .text.nrf_memobj_alloc
                0x000000000001dfa2       0x5e Output/Release/Obj/ble_app_uart_pca10100_s113/nrf_memobj.o
                0x000000000001dfa2                nrf_memobj_alloc
 .text.nrf_memobj_get
                0x000000000001e000        0x8 Output/Release/Obj/ble_app_uart_pca10100_s113/nrf_memobj.o
                0x000000000001e000                nrf_memobj_get
 .text.nrf_memobj_put
                0x000000000001e008       0x1e Output/Release/Obj/ble_app_uart_pca10100_s113/nrf_memobj.o
                0x000000000001e008                nrf_memobj_put
 .text.nrf_memobj_write
                0x000000000001e026       0x14 Output/Release/Obj/ble_app_uart_pca10100_s113/nrf_memobj.o
                0x000000000001e026                nrf_memobj_write
 .text.nrf_memobj_read
                0x000000000001e03a       0x14 Output/Release/Obj/ble_app_uart_pca10100_s113/nrf_memobj.o
                0x000000000001e03a                nrf_memobj_read
 .text.sd_app_evt_wait
                0x000000000001e04e        0x4 Output/Release/Obj/ble_app_uart_pca10100_s113/nrf_pwr_mgmt.o
 *fill*         0x000000000001e052        0x2 
 .text.nrf_pwr_mgmt_init
                0x000000000001e054       0x2c Output/Release/Obj/ble_app_uart_pca10100_s113/nrf_pwr_mgmt.o
                0x000000000001e054                nrf_pwr_mgmt_init
 .text.nrf_pwr_mgmt_run
                0x000000000001e080       0x4c Output/Release/Obj/ble_app_uart_pca10100_s113/nrf_pwr_mgmt.o
                0x000000000001e080                nrf_pwr_mgmt_run
 .text.nrf_ringbuf_init
                0x000000000001e0cc       0x12 Output/Release/Obj/ble_app_uart_pca10100_s113/nrf_ringbuf.o
                0x000000000001e0cc                nrf_ringbuf_init
 .text.nrf_section_iter_init
                0x000000000001e0de       0x14 Output/Release/Obj/ble_app_uart_pca10100_s113/nrf_section_iter.o
                0x000000000001e0de                nrf_section_iter_init
 .text.nrf_section_iter_next
                0x000000000001e0f2       0x18 Output/Release/Obj/ble_app_uart_pca10100_s113/nrf_section_iter.o
                0x000000000001e0f2                nrf_section_iter_next
 .text.nrf_sortlist_add
                0x000000000001e10a       0x20 Output/Release/Obj/ble_app_uart_pca10100_s113/nrf_sortlist.o
                0x000000000001e10a                nrf_sortlist_add
 .text.nrf_sortlist_pop
                0x000000000001e12a        0xc Output/Release/Obj/ble_app_uart_pca10100_s113/nrf_sortlist.o
                0x000000000001e12a                nrf_sortlist_pop
 .text.nrf_sortlist_peek
                0x000000000001e136        0x6 Output/Release/Obj/ble_app_uart_pca10100_s113/nrf_sortlist.o
                0x000000000001e136                nrf_sortlist_peek
 .text.nrf_sortlist_remove
                0x000000000001e13c       0x1a Output/Release/Obj/ble_app_uart_pca10100_s113/nrf_sortlist.o
                0x000000000001e13c                nrf_sortlist_remove
 *fill*         0x000000000001e156        0x2 
 .text.nrf_strerror_find
                0x000000000001e158       0x3c Output/Release/Obj/ble_app_uart_pca10100_s113/nrf_strerror.o
                0x000000000001e158                nrf_strerror_find
 .text.nrf_strerror_get
                0x000000000001e194       0x14 Output/Release/Obj/ble_app_uart_pca10100_s113/nrf_strerror.o
                0x000000000001e194                nrf_strerror_get
 .text.SystemInit
                0x000000000001e1a8      0x168 Output/Release/Obj/ble_app_uart_pca10100_s113/system_nrf52833.o
                0x000000000001e1a8                SystemInit
 .text.bsp_board_led_state_get
                0x000000000001e310       0x28 Output/Release/Obj/ble_app_uart_pca10100_s113/boards.o
                0x000000000001e310                bsp_board_led_state_get
 .text.bsp_board_led_on
                0x000000000001e338       0x28 Output/Release/Obj/ble_app_uart_pca10100_s113/boards.o
                0x000000000001e338                bsp_board_led_on
 .text.bsp_board_led_off
                0x000000000001e360       0x28 Output/Release/Obj/ble_app_uart_pca10100_s113/boards.o
                0x000000000001e360                bsp_board_led_off
 .text.bsp_board_leds_off
                0x000000000001e388       0x1e Output/Release/Obj/ble_app_uart_pca10100_s113/boards.o
                0x000000000001e388                bsp_board_leds_off
 .text.bsp_board_leds_on
                0x000000000001e3a6       0x1e Output/Release/Obj/ble_app_uart_pca10100_s113/boards.o
                0x000000000001e3a6                bsp_board_leds_on
 .text.bsp_board_led_invert
                0x000000000001e3c4       0x34 Output/Release/Obj/ble_app_uart_pca10100_s113/boards.o
                0x000000000001e3c4                bsp_board_led_invert
 .text.bsp_board_button_state_get
                0x000000000001e3f8       0x28 Output/Release/Obj/ble_app_uart_pca10100_s113/boards.o
                0x000000000001e3f8                bsp_board_button_state_get
 .text.bsp_board_pin_to_button_idx
                0x000000000001e420       0x24 Output/Release/Obj/ble_app_uart_pca10100_s113/boards.o
                0x000000000001e420                bsp_board_pin_to_button_idx
 .text.bsp_board_button_idx_to_pin
                0x000000000001e444        0xc Output/Release/Obj/ble_app_uart_pca10100_s113/boards.o
                0x000000000001e444                bsp_board_button_idx_to_pin
 .text.bsp_board_init
                0x000000000001e450       0x3e Output/Release/Obj/ble_app_uart_pca10100_s113/boards.o
                0x000000000001e450                bsp_board_init
 *fill*         0x000000000001e48e        0x2 
 .text.clock_clk_started_notify
                0x000000000001e490       0x24 Output/Release/Obj/ble_app_uart_pca10100_s113/nrf_drv_clock.o
 .text.clock_irq_handler
                0x000000000001e4b4       0x1c Output/Release/Obj/ble_app_uart_pca10100_s113/nrf_drv_clock.o
 .text.soc_evt_handler
                0x000000000001e4d0       0x14 Output/Release/Obj/ble_app_uart_pca10100_s113/nrf_drv_clock.o
 .text.nrf_drv_clock_init
                0x000000000001e4e4       0x48 Output/Release/Obj/ble_app_uart_pca10100_s113/nrf_drv_clock.o
                0x000000000001e4e4                nrf_drv_clock_init
 .text.nrf_drv_clock_lfclk_release
                0x000000000001e52c       0x40 Output/Release/Obj/ble_app_uart_pca10100_s113/nrf_drv_clock.o
                0x000000000001e52c                nrf_drv_clock_lfclk_release
 .text.sd_state_evt_handler
                0x000000000001e56c       0x60 Output/Release/Obj/ble_app_uart_pca10100_s113/nrf_drv_clock.o
 .text.uarte_evt_handler
                0x000000000001e5cc       0x34 Output/Release/Obj/ble_app_uart_pca10100_s113/nrf_drv_uart.o
 .text.uart_evt_handler
                0x000000000001e600       0x34 Output/Release/Obj/ble_app_uart_pca10100_s113/nrf_drv_uart.o
 .text.nrf_drv_uart_init
                0x000000000001e634       0x7c Output/Release/Obj/ble_app_uart_pca10100_s113/nrf_drv_uart.o
                0x000000000001e634                nrf_drv_uart_init
 .text.nrf_clock_event_clear
                0x000000000001e6b0       0x14 Output/Release/Obj/ble_app_uart_pca10100_s113/nrfx_clock.o
 .text.nrfx_clock_init
                0x000000000001e6c4       0x18 Output/Release/Obj/ble_app_uart_pca10100_s113/nrfx_clock.o
                0x000000000001e6c4                nrfx_clock_init
 .text.nrfx_clock_enable
                0x000000000001e6dc       0x24 Output/Release/Obj/ble_app_uart_pca10100_s113/nrfx_clock.o
                0x000000000001e6dc                nrfx_clock_enable
 .text.nrfx_clock_lfclk_stop
                0x000000000001e700       0x28 Output/Release/Obj/ble_app_uart_pca10100_s113/nrfx_clock.o
                0x000000000001e700                nrfx_clock_lfclk_stop
 .text.POWER_CLOCK_IRQHandler
                0x000000000001e728       0x54 Output/Release/Obj/ble_app_uart_pca10100_s113/nrfx_clock.o
                0x000000000001e728                POWER_CLOCK_IRQHandler
 .text.nrf_gpiote_event_clear
                0x000000000001e77c       0x18 Output/Release/Obj/ble_app_uart_pca10100_s113/nrfx_gpiote.o
 .text.nrf_gpio_pin_port_decode
                0x000000000001e794       0x18 Output/Release/Obj/ble_app_uart_pca10100_s113/nrfx_gpiote.o
 .text.nrf_gpio_cfg_sense_set
                0x000000000001e7ac       0x2e Output/Release/Obj/ble_app_uart_pca10100_s113/nrfx_gpiote.o
 *fill*         0x000000000001e7da        0x2 
 .text.channel_free
                0x000000000001e7dc       0x1c Output/Release/Obj/ble_app_uart_pca10100_s113/nrfx_gpiote.o
 .text.nrfx_gpiote_init
                0x000000000001e7f8       0x8c Output/Release/Obj/ble_app_uart_pca10100_s113/nrfx_gpiote.o
                0x000000000001e7f8                nrfx_gpiote_init
 .text.nrfx_gpiote_is_init
                0x000000000001e884       0x14 Output/Release/Obj/ble_app_uart_pca10100_s113/nrfx_gpiote.o
                0x000000000001e884                nrfx_gpiote_is_init
 .text.nrfx_gpiote_in_init
                0x000000000001e898       0xf8 Output/Release/Obj/ble_app_uart_pca10100_s113/nrfx_gpiote.o
                0x000000000001e898                nrfx_gpiote_in_init
 .text.nrfx_gpiote_in_event_enable
                0x000000000001e990       0x94 Output/Release/Obj/ble_app_uart_pca10100_s113/nrfx_gpiote.o
                0x000000000001e990                nrfx_gpiote_in_event_enable
 .text.nrfx_gpiote_in_is_set
                0x000000000001ea24       0x1c Output/Release/Obj/ble_app_uart_pca10100_s113/nrfx_gpiote.o
                0x000000000001ea24                nrfx_gpiote_in_is_set
 .text.GPIOTE_IRQHandler
                0x000000000001ea40      0x180 Output/Release/Obj/ble_app_uart_pca10100_s113/nrfx_gpiote.o
                0x000000000001ea40                GPIOTE_IRQHandler
 .text.UARTE0_UART0_IRQHandler
                0x000000000001ebc0        0xc Output/Release/Obj/ble_app_uart_pca10100_s113/nrfx_prs.o
                0x000000000001ebc0                UARTE0_UART0_IRQHandler
 .text.nrfx_prs_acquire
                0x000000000001ebcc       0x44 Output/Release/Obj/ble_app_uart_pca10100_s113/nrfx_prs.o
                0x000000000001ebcc                nrfx_prs_acquire
 .text.nrf_uart_event_clear
                0x000000000001ec10       0x10 Output/Release/Obj/ble_app_uart_pca10100_s113/nrfx_uart.o
 .text.tx_byte  0x000000000001ec20       0x1e Output/Release/Obj/ble_app_uart_pca10100_s113/nrfx_uart.o
 .text.rx_enable.isra.0
                0x000000000001ec3e       0x20 Output/Release/Obj/ble_app_uart_pca10100_s113/nrfx_uart.o
 .text.rx_byte  0x000000000001ec5e       0x2c Output/Release/Obj/ble_app_uart_pca10100_s113/nrfx_uart.o
 *fill*         0x000000000001ec8a        0x2 
 .text.rx_done_event.constprop.0
                0x000000000001ec8c       0x20 Output/Release/Obj/ble_app_uart_pca10100_s113/nrfx_uart.o
 .text.nrfx_uart_0_irq_handler
                0x000000000001ecac      0x13c Output/Release/Obj/ble_app_uart_pca10100_s113/nrfx_uart.o
                0x000000000001ecac                nrfx_uart_0_irq_handler
 .text.nrfx_uart_init
                0x000000000001ede8      0x1a4 Output/Release/Obj/ble_app_uart_pca10100_s113/nrfx_uart.o
                0x000000000001ede8                nrfx_uart_init
 .text.nrfx_uart_tx
                0x000000000001ef8c       0x8c Output/Release/Obj/ble_app_uart_pca10100_s113/nrfx_uart.o
                0x000000000001ef8c                nrfx_uart_tx
 .text.nrfx_uart_tx_in_progress
                0x000000000001f018       0x18 Output/Release/Obj/ble_app_uart_pca10100_s113/nrfx_uart.o
                0x000000000001f018                nrfx_uart_tx_in_progress
 .text.nrfx_uart_rx
                0x000000000001f030       0xf0 Output/Release/Obj/ble_app_uart_pca10100_s113/nrfx_uart.o
                0x000000000001f030                nrfx_uart_rx
 .text.nrf_uarte_event_clear
                0x000000000001f120       0x10 Output/Release/Obj/ble_app_uart_pca10100_s113/nrfx_uarte.o
 .text.rx_done_event.constprop.0
                0x000000000001f130       0x20 Output/Release/Obj/ble_app_uart_pca10100_s113/nrfx_uarte.o
 .text.nrfx_uarte_0_irq_handler
                0x000000000001f150      0x118 Output/Release/Obj/ble_app_uart_pca10100_s113/nrfx_uarte.o
                0x000000000001f150                nrfx_uarte_0_irq_handler
 .text.nrfx_uarte_init
                0x000000000001f268      0x1bc Output/Release/Obj/ble_app_uart_pca10100_s113/nrfx_uarte.o
                0x000000000001f268                nrfx_uarte_init
 .text.nrfx_uarte_tx
                0x000000000001f424       0x90 Output/Release/Obj/ble_app_uart_pca10100_s113/nrfx_uarte.o
                0x000000000001f424                nrfx_uarte_tx
 .text.nrfx_uarte_tx_in_progress
                0x000000000001f4b4       0x18 Output/Release/Obj/ble_app_uart_pca10100_s113/nrfx_uarte.o
                0x000000000001f4b4                nrfx_uarte_tx_in_progress
 .text.nrfx_uarte_rx
                0x000000000001f4cc       0xd8 Output/Release/Obj/ble_app_uart_pca10100_s113/nrfx_uarte.o
                0x000000000001f4cc                nrfx_uarte_rx
 .text.alert_timer_handler
                0x000000000001f5a4        0x6 Output/Release/Obj/ble_app_uart_pca10100_s113/bsp.o
 *fill*         0x000000000001f5aa        0x2 
 .text.bsp_button_event_handler
                0x000000000001f5ac       0x9c Output/Release/Obj/ble_app_uart_pca10100_s113/bsp.o
 .text.button_timer_handler
                0x000000000001f648        0x8 Output/Release/Obj/ble_app_uart_pca10100_s113/bsp.o
 .text.leds_off
                0x000000000001f650       0x2c Output/Release/Obj/ble_app_uart_pca10100_s113/bsp.o
 .text.bsp_led_indication
                0x000000000001f67c      0x204 Output/Release/Obj/ble_app_uart_pca10100_s113/bsp.o
 .text.leds_timer_handler
                0x000000000001f880       0x1c Output/Release/Obj/ble_app_uart_pca10100_s113/bsp.o
 .text.wakeup_button_cfg.part.0
                0x000000000001f89c       0x40 Output/Release/Obj/ble_app_uart_pca10100_s113/bsp.o
 .text.bsp_button_is_pressed
                0x000000000001f8dc        0xc Output/Release/Obj/ble_app_uart_pca10100_s113/bsp.o
                0x000000000001f8dc                bsp_button_is_pressed
 .text.bsp_indication_set
                0x000000000001f8e8       0x18 Output/Release/Obj/ble_app_uart_pca10100_s113/bsp.o
                0x000000000001f8e8                bsp_indication_set
 .text.bsp_init
                0x000000000001f900       0x9c Output/Release/Obj/ble_app_uart_pca10100_s113/bsp.o
                0x000000000001f900                bsp_init
 .text.bsp_event_to_button_action_assign
                0x000000000001f99c       0x4c Output/Release/Obj/ble_app_uart_pca10100_s113/bsp.o
                0x000000000001f99c                bsp_event_to_button_action_assign
 .text.bsp_wakeup_button_enable
                0x000000000001f9e8        0xe Output/Release/Obj/ble_app_uart_pca10100_s113/bsp.o
                0x000000000001f9e8                bsp_wakeup_button_enable
 .text.advertising_buttons_configure
                0x000000000001f9f6       0x36 Output/Release/Obj/ble_app_uart_pca10100_s113/bsp_btn_ble.o
 .text.ble_evt_handler
                0x000000000001fa2c       0x80 Output/Release/Obj/ble_app_uart_pca10100_s113/bsp_btn_ble.o
 .text.bsp_btn_ble_sleep_mode_prepare
                0x000000000001faac       0x1e Output/Release/Obj/ble_app_uart_pca10100_s113/bsp_btn_ble.o
                0x000000000001faac                bsp_btn_ble_sleep_mode_prepare
 *fill*         0x000000000001faca        0x2 
 .text.bsp_btn_ble_init
                0x000000000001facc       0x40 Output/Release/Obj/ble_app_uart_pca10100_s113/bsp_btn_ble.o
                0x000000000001facc                bsp_btn_ble_init
 .text.sd_ble_gap_disconnect
                0x000000000001fb0c        0x4 Output/Release/Obj/ble_app_uart_pca10100_s113/main.o
 .text.sd_ble_gap_tx_power_set
                0x000000000001fb10        0x4 Output/Release/Obj/ble_app_uart_pca10100_s113/main.o
 .text.sd_ble_gap_ppcp_set
                0x000000000001fb14        0x4 Output/Release/Obj/ble_app_uart_pca10100_s113/main.o
 .text.sd_ble_gap_device_name_set
                0x000000000001fb18        0x4 Output/Release/Obj/ble_app_uart_pca10100_s113/main.o
 .text.sd_ble_gap_sec_params_reply
                0x000000000001fb1c        0x4 Output/Release/Obj/ble_app_uart_pca10100_s113/main.o
 .text.sd_ble_gap_phy_update
                0x000000000001fb20        0x4 Output/Release/Obj/ble_app_uart_pca10100_s113/main.o
 .text.sd_ble_gatts_sys_attr_set
                0x000000000001fb24        0x4 Output/Release/Obj/ble_app_uart_pca10100_s113/main.o
 .text.sd_power_system_off
                0x000000000001fb28        0x4 Output/Release/Obj/ble_app_uart_pca10100_s113/main.o
 .text.nrf_qwr_error_handler
                0x000000000001fb2c        0x4 Output/Release/Obj/ble_app_uart_pca10100_s113/main.o
 .text.sleep_mode_enter
                0x000000000001fb30       0x28 Output/Release/Obj/ble_app_uart_pca10100_s113/main.o
 .text.ble_evt_handler
                0x000000000001fb58       0xe4 Output/Release/Obj/ble_app_uart_pca10100_s113/main.o
 .text.repeated_timer_handler
                0x000000000001fc3c       0x48 Output/Release/Obj/ble_app_uart_pca10100_s113/main.o
 .text.gatt_evt_handler
                0x000000000001fc84       0x4c Output/Release/Obj/ble_app_uart_pca10100_s113/main.o
                0x000000000001fc84                gatt_evt_handler
 .text.on_conn_params_evt
                0x000000000001fcd0       0x20 Output/Release/Obj/ble_app_uart_pca10100_s113/main.o
 .text.bsp_event_handler
                0x000000000001fcf0       0x4c Output/Release/Obj/ble_app_uart_pca10100_s113/main.o
                0x000000000001fcf0                bsp_event_handler
 .text.on_adv_evt
                0x000000000001fd3c       0x22 Output/Release/Obj/ble_app_uart_pca10100_s113/main.o
 *fill*         0x000000000001fd5e        0x2 
 .text.uart_event_handle
                0x000000000001fd60       0x84 Output/Release/Obj/ble_app_uart_pca10100_s113/main.o
                0x000000000001fd60                uart_event_handle
 .text.nus_data_handler
                0x000000000001fde4       0x6c Output/Release/Obj/ble_app_uart_pca10100_s113/main.o
 .text.conn_params_error_handler
                0x000000000001fe50        0x4 Output/Release/Obj/ble_app_uart_pca10100_s113/main.o
 .text.gatt_init
                0x000000000001fe54       0x2c Output/Release/Obj/ble_app_uart_pca10100_s113/main.o
                0x000000000001fe54                gatt_init
 .text.startup.main
                0x000000000001fe80      0x23c Output/Release/Obj/ble_app_uart_pca10100_s113/main.o
                0x000000000001fe80                main
 .text._GetAvailWriteSpace
                0x00000000000200bc       0x1c Output/Release/Obj/ble_app_uart_pca10100_s113/SEGGER_RTT.o
 .text._WriteNoCheck
                0x00000000000200d8       0x38 Output/Release/Obj/ble_app_uart_pca10100_s113/SEGGER_RTT.o
 .text._WriteBlocking
                0x0000000000020110       0x52 Output/Release/Obj/ble_app_uart_pca10100_s113/SEGGER_RTT.o
 *fill*         0x0000000000020162        0x2 
 .text._DoInit  0x0000000000020164       0x60 Output/Release/Obj/ble_app_uart_pca10100_s113/SEGGER_RTT.o
 .text.SEGGER_RTT_WriteNoLock
                0x00000000000201c4       0x68 Output/Release/Obj/ble_app_uart_pca10100_s113/SEGGER_RTT.o
                0x00000000000201c4                SEGGER_RTT_WriteNoLock
 .text.SEGGER_RTT_Init
                0x000000000002022c        0x4 Output/Release/Obj/ble_app_uart_pca10100_s113/SEGGER_RTT.o
                0x000000000002022c                SEGGER_RTT_Init
 .text.sd_ble_gap_addr_get
                0x0000000000020230        0x4 Output/Release/Obj/ble_app_uart_pca10100_s113/ble_advdata.o
 .text.sd_ble_gap_appearance_get
                0x0000000000020234        0x4 Output/Release/Obj/ble_app_uart_pca10100_s113/ble_advdata.o
 .text.sd_ble_gap_device_name_get
                0x0000000000020238        0x4 Output/Release/Obj/ble_app_uart_pca10100_s113/ble_advdata.o
 .text.sd_ble_uuid_encode
                0x000000000002023c        0x4 Output/Release/Obj/ble_app_uart_pca10100_s113/ble_advdata.o
 .text.uuid_list_sized_encode
                0x0000000000020240       0xac Output/Release/Obj/ble_app_uart_pca10100_s113/ble_advdata.o
 .text.uuid_list_encode
                0x00000000000202ec       0x38 Output/Release/Obj/ble_app_uart_pca10100_s113/ble_advdata.o
 .text.ble_advdata_encode
                0x0000000000020324      0x394 Output/Release/Obj/ble_app_uart_pca10100_s113/ble_advdata.o
                0x0000000000020324                ble_advdata_encode
 .text.ble_advdata_search
                0x00000000000206b8       0x48 Output/Release/Obj/ble_app_uart_pca10100_s113/ble_advdata.o
                0x00000000000206b8                ble_advdata_search
 .text.ble_advdata_parse
                0x0000000000020700       0x20 Output/Release/Obj/ble_app_uart_pca10100_s113/ble_advdata.o
                0x0000000000020700                ble_advdata_parse
 .text.sd_ble_gap_adv_set_configure
                0x0000000000020720        0x4 Output/Release/Obj/ble_app_uart_pca10100_s113/ble_advertising.o
 .text.sd_ble_gap_adv_start
                0x0000000000020724        0x4 Output/Release/Obj/ble_app_uart_pca10100_s113/ble_advertising.o
 .text.sd_ble_gap_adv_stop
                0x0000000000020728        0x4 Output/Release/Obj/ble_app_uart_pca10100_s113/ble_advertising.o
 .text.flags_set
                0x000000000002072c       0x2c Output/Release/Obj/ble_app_uart_pca10100_s113/ble_advertising.o
 .text.ble_advertising_conn_cfg_tag_set
                0x0000000000020758        0x6 Output/Release/Obj/ble_app_uart_pca10100_s113/ble_advertising.o
                0x0000000000020758                ble_advertising_conn_cfg_tag_set
 .text.ble_advertising_init
                0x000000000002075e       0xe4 Output/Release/Obj/ble_app_uart_pca10100_s113/ble_advertising.o
                0x000000000002075e                ble_advertising_init
 .text.ble_advertising_start
                0x0000000000020842      0x202 Output/Release/Obj/ble_app_uart_pca10100_s113/ble_advertising.o
                0x0000000000020842                ble_advertising_start
 .text.ble_advertising_on_ble_evt
                0x0000000000020a44       0x6a Output/Release/Obj/ble_app_uart_pca10100_s113/ble_advertising.o
                0x0000000000020a44                ble_advertising_on_ble_evt
 .text.ble_advertising_restart_without_whitelist
                0x0000000000020aae       0x3c Output/Release/Obj/ble_app_uart_pca10100_s113/ble_advertising.o
                0x0000000000020aae                ble_advertising_restart_without_whitelist
 .text.sd_ble_gap_conn_param_update
                0x0000000000020aea        0x4 Output/Release/Obj/ble_app_uart_pca10100_s113/ble_conn_params.o
 .text.sd_ble_gap_disconnect
                0x0000000000020aee        0x4 Output/Release/Obj/ble_app_uart_pca10100_s113/ble_conn_params.o
 .text.sd_ble_gap_ppcp_set
                0x0000000000020af2        0x4 Output/Release/Obj/ble_app_uart_pca10100_s113/ble_conn_params.o
 .text.sd_ble_gap_ppcp_get
                0x0000000000020af6        0x4 Output/Release/Obj/ble_app_uart_pca10100_s113/ble_conn_params.o
 *fill*         0x0000000000020afa        0x2 
 .text.instance_get
                0x0000000000020afc       0x14 Output/Release/Obj/ble_app_uart_pca10100_s113/ble_conn_params.o
 .text.send_error_evt
                0x0000000000020b10       0x10 Output/Release/Obj/ble_app_uart_pca10100_s113/ble_conn_params.o
 .text.update_timeout_handler
                0x0000000000020b20       0x6c Output/Release/Obj/ble_app_uart_pca10100_s113/ble_conn_params.o
 .text.conn_params_negotiation
                0x0000000000020b8c       0x48 Output/Release/Obj/ble_app_uart_pca10100_s113/ble_conn_params.o
 .text.is_conn_params_ok.constprop.0
                0x0000000000020bd4       0x34 Output/Release/Obj/ble_app_uart_pca10100_s113/ble_conn_params.o
 .text.ble_evt_handler
                0x0000000000020c08       0xe0 Output/Release/Obj/ble_app_uart_pca10100_s113/ble_conn_params.o
 .text.ble_conn_params_init
                0x0000000000020ce8       0x74 Output/Release/Obj/ble_app_uart_pca10100_s113/ble_conn_params.o
                0x0000000000020ce8                ble_conn_params_init
 .text.flag_toggle
                0x0000000000020d5c        0xa Output/Release/Obj/ble_app_uart_pca10100_s113/ble_conn_state.o
 .text.conn_handle_list_get
                0x0000000000020d66       0x2e Output/Release/Obj/ble_app_uart_pca10100_s113/ble_conn_state.o
                0x0000000000020d66                conn_handle_list_get
 .text.ble_evt_handler
                0x0000000000020d94       0xec Output/Release/Obj/ble_app_uart_pca10100_s113/ble_conn_state.o
 .text.ble_conn_state_valid
                0x0000000000020e80       0x14 Output/Release/Obj/ble_app_uart_pca10100_s113/ble_conn_state.o
                0x0000000000020e80                ble_conn_state_valid
 .text.ble_conn_state_conn_idx
                0x0000000000020e94       0x12 Output/Release/Obj/ble_app_uart_pca10100_s113/ble_conn_state.o
                0x0000000000020e94                ble_conn_state_conn_idx
 .text.blcm_link_ctx_get
                0x0000000000020ea6       0x4e Output/Release/Obj/ble_app_uart_pca10100_s113/ble_link_ctx_manager.o
                0x0000000000020ea6                blcm_link_ctx_get
 .text.sd_ble_gatts_characteristic_add
                0x0000000000020ef4        0x4 Output/Release/Obj/ble_app_uart_pca10100_s113/ble_srv_common.o
 .text.set_security_req
                0x0000000000020ef8       0x2a Output/Release/Obj/ble_app_uart_pca10100_s113/ble_srv_common.o
 .text.ble_srv_is_notification_enabled
                0x0000000000020f22        0x8 Output/Release/Obj/ble_app_uart_pca10100_s113/ble_srv_common.o
                0x0000000000020f22                ble_srv_is_notification_enabled
 .text.characteristic_add
                0x0000000000020f2a      0x154 Output/Release/Obj/ble_app_uart_pca10100_s113/ble_srv_common.o
                0x0000000000020f2a                characteristic_add
 .text.sd_ble_gap_data_length_update
                0x000000000002107e        0x4 Output/Release/Obj/ble_app_uart_pca10100_s113/nrf_ble_gatt.o
 .text.sd_ble_gattc_exchange_mtu_request
                0x0000000000021082        0x4 Output/Release/Obj/ble_app_uart_pca10100_s113/nrf_ble_gatt.o
 .text.sd_ble_gatts_exchange_mtu_reply
                0x0000000000021086        0x4 Output/Release/Obj/ble_app_uart_pca10100_s113/nrf_ble_gatt.o
 *fill*         0x000000000002108a        0x2 
 .text.data_length_update
                0x000000000002108c       0x80 Output/Release/Obj/ble_app_uart_pca10100_s113/nrf_ble_gatt.o
 .text.nrf_ble_gatt_init
                0x000000000002110c       0x28 Output/Release/Obj/ble_app_uart_pca10100_s113/nrf_ble_gatt.o
                0x000000000002110c                nrf_ble_gatt_init
 .text.nrf_ble_gatt_att_mtu_periph_set
                0x0000000000021134       0x18 Output/Release/Obj/ble_app_uart_pca10100_s113/nrf_ble_gatt.o
                0x0000000000021134                nrf_ble_gatt_att_mtu_periph_set
 .text.nrf_ble_gatt_on_ble_evt
                0x000000000002114c      0x190 Output/Release/Obj/ble_app_uart_pca10100_s113/nrf_ble_gatt.o
                0x000000000002114c                nrf_ble_gatt_on_ble_evt
 .text.sd_ble_gatts_rw_authorize_reply
                0x00000000000212dc        0x4 Output/Release/Obj/ble_app_uart_pca10100_s113/nrf_ble_qwr.o
 .text.sd_ble_user_mem_reply
                0x00000000000212e0        0x4 Output/Release/Obj/ble_app_uart_pca10100_s113/nrf_ble_qwr.o
 .text.user_mem_reply.part.0
                0x00000000000212e4       0x24 Output/Release/Obj/ble_app_uart_pca10100_s113/nrf_ble_qwr.o
 .text.nrf_ble_qwr_init
                0x0000000000021308       0x24 Output/Release/Obj/ble_app_uart_pca10100_s113/nrf_ble_qwr.o
                0x0000000000021308                nrf_ble_qwr_init
 .text.nrf_ble_qwr_conn_handle_assign
                0x000000000002132c       0x16 Output/Release/Obj/ble_app_uart_pca10100_s113/nrf_ble_qwr.o
                0x000000000002132c                nrf_ble_qwr_conn_handle_assign
 .text.nrf_ble_qwr_on_ble_evt
                0x0000000000021342       0xa0 Output/Release/Obj/ble_app_uart_pca10100_s113/nrf_ble_qwr.o
                0x0000000000021342                nrf_ble_qwr_on_ble_evt
 .text.sd_ble_gatts_service_add
                0x00000000000213e2        0x4 Output/Release/Obj/ble_app_uart_pca10100_s113/ble_nus.o
 .text.sd_ble_gatts_value_get
                0x00000000000213e6        0x4 Output/Release/Obj/ble_app_uart_pca10100_s113/ble_nus.o
 .text.sd_ble_gatts_hvx
                0x00000000000213ea        0x4 Output/Release/Obj/ble_app_uart_pca10100_s113/ble_nus.o
 .text.sd_ble_uuid_vs_add
                0x00000000000213ee        0x4 Output/Release/Obj/ble_app_uart_pca10100_s113/ble_nus.o
 .text.ble_nus_on_ble_evt
                0x00000000000213f2      0x138 Output/Release/Obj/ble_app_uart_pca10100_s113/ble_nus.o
                0x00000000000213f2                ble_nus_on_ble_evt
 *fill*         0x000000000002152a        0x2 
 .text.ble_nus_init
                0x000000000002152c       0xf4 Output/Release/Obj/ble_app_uart_pca10100_s113/ble_nus.o
                0x000000000002152c                ble_nus_init
 .text.ble_nus_data_send
                0x0000000000021620       0x66 Output/Release/Obj/ble_app_uart_pca10100_s113/ble_nus.o
                0x0000000000021620                ble_nus_data_send
 .text.sd_softdevice_enable
                0x0000000000021686        0x4 Output/Release/Obj/ble_app_uart_pca10100_s113/nrf_sdh.o
 *fill*         0x000000000002168a        0x2 
 .text.sdh_request_observer_notify
                0x000000000002168c       0x30 Output/Release/Obj/ble_app_uart_pca10100_s113/nrf_sdh.o
 .text.sdh_state_observer_notify
                0x00000000000216bc       0x28 Output/Release/Obj/ble_app_uart_pca10100_s113/nrf_sdh.o
 .text.softdevices_evt_irq_enable
                0x00000000000216e4       0x38 Output/Release/Obj/ble_app_uart_pca10100_s113/nrf_sdh.o
 .text.nrf_sdh_enable_request
                0x000000000002171c       0x7c Output/Release/Obj/ble_app_uart_pca10100_s113/nrf_sdh.o
                0x000000000002171c                nrf_sdh_enable_request
 .text.nrf_sdh_is_enabled
                0x0000000000021798        0xc Output/Release/Obj/ble_app_uart_pca10100_s113/nrf_sdh.o
                0x0000000000021798                nrf_sdh_is_enabled
 .text.nrf_sdh_evts_poll
                0x00000000000217a4       0x28 Output/Release/Obj/ble_app_uart_pca10100_s113/nrf_sdh.o
                0x00000000000217a4                nrf_sdh_evts_poll
 .text.SWI2_EGU2_IRQHandler
                0x00000000000217cc        0x4 Output/Release/Obj/ble_app_uart_pca10100_s113/nrf_sdh.o
                0x00000000000217cc                SWI2_EGU2_IRQHandler
 .text.sd_ble_enable
                0x00000000000217d0        0x4 Output/Release/Obj/ble_app_uart_pca10100_s113/nrf_sdh_ble.o
 .text.sd_ble_cfg_set
                0x00000000000217d4        0x4 Output/Release/Obj/ble_app_uart_pca10100_s113/nrf_sdh_ble.o
 .text.sd_ble_evt_get
                0x00000000000217d8        0x4 Output/Release/Obj/ble_app_uart_pca10100_s113/nrf_sdh_ble.o
 .text.nrf_sdh_ble_evts_poll.part.0
                0x00000000000217dc       0x4c Output/Release/Obj/ble_app_uart_pca10100_s113/nrf_sdh_ble.o
 .text.nrf_sdh_ble_evts_poll
                0x0000000000021828       0x10 Output/Release/Obj/ble_app_uart_pca10100_s113/nrf_sdh_ble.o
 .text.nrf_sdh_ble_app_ram_start_get
                0x0000000000021838       0x40 Output/Release/Obj/ble_app_uart_pca10100_s113/nrf_sdh_ble.o
                0x0000000000021838                nrf_sdh_ble_app_ram_start_get
 .text.nrf_sdh_ble_default_cfg_set
                0x0000000000021878      0x194 Output/Release/Obj/ble_app_uart_pca10100_s113/nrf_sdh_ble.o
                0x0000000000021878                nrf_sdh_ble_default_cfg_set
 .text.nrf_sdh_ble_enable
                0x0000000000021a0c       0x98 Output/Release/Obj/ble_app_uart_pca10100_s113/nrf_sdh_ble.o
                0x0000000000021a0c                nrf_sdh_ble_enable
 .text.sd_evt_get
                0x0000000000021aa4        0x4 Output/Release/Obj/ble_app_uart_pca10100_s113/nrf_sdh_soc.o
 .text.nrf_sdh_soc_evts_poll
                0x0000000000021aa8       0x3c Output/Release/Obj/ble_app_uart_pca10100_s113/nrf_sdh_soc.o
 .text.libc.__int64_udivmod
                0x0000000000021ae4       0xce /opt/lib/libc_v7em_fpv4_sp_d16_hard_t_le_eabi.a(libc_asm.o)
                0x0000000000021ae4                __int64_udivmod
                0x0000000000021ae4                __aeabi_uldivmod
                0x0000000000021ae4                __int64_udiv
                0x0000000000021ae4                __udivdi3
 *fill*         0x0000000000021bb2        0x2 
 .text.libc.__RAL_ascii_isctype
                0x0000000000021bb4       0x1c /opt/lib/libc_v7em_fpv4_sp_d16_hard_t_le_eabi.a(libc2.o)
 .text.libc.__RAL_ascii_toupper
                0x0000000000021bd0        0xc /opt/lib/libc_v7em_fpv4_sp_d16_hard_t_le_eabi.a(libc2.o)
 .text.libc.__RAL_ascii_tolower
                0x0000000000021bdc        0xc /opt/lib/libc_v7em_fpv4_sp_d16_hard_t_le_eabi.a(libc2.o)
 .text.libc.__RAL_ascii_iswctype
                0x0000000000021be8       0x1c /opt/lib/libc_v7em_fpv4_sp_d16_hard_t_le_eabi.a(libc2.o)
 .text.libc.__RAL_ascii_towupper
                0x0000000000021c04        0xc /opt/lib/libc_v7em_fpv4_sp_d16_hard_t_le_eabi.a(libc2.o)
 .text.libc.__RAL_ascii_towlower
                0x0000000000021c10        0xc /opt/lib/libc_v7em_fpv4_sp_d16_hard_t_le_eabi.a(libc2.o)
 .text.libc.__RAL_ascii_wctomb
                0x0000000000021c1c        0xe /opt/lib/libc_v7em_fpv4_sp_d16_hard_t_le_eabi.a(libc2.o)
                0x0000000000021c1c                __RAL_ascii_wctomb
 .text.libc.__RAL_ascii_mbtowc
                0x0000000000021c2a       0x24 /opt/lib/libc_v7em_fpv4_sp_d16_hard_t_le_eabi.a(libc2.o)
                0x0000000000021c2a                __RAL_ascii_mbtowc
 .text.libc.__putc
                0x0000000000021c4e       0x34 /opt/lib/libc_v7em_fpv4_sp_d16_hard_t_le_eabi.a(libc2.o)
                0x0000000000021c4e                __putc
 .text.libc.__RAL_print_padding
                0x0000000000021c82       0x1c /opt/lib/libc_v7em_fpv4_sp_d16_hard_t_le_eabi.a(libc2.o)
                0x0000000000021c82                __RAL_print_padding
 .text.libc.__RAL_pre_padding
                0x0000000000021c9e       0x1a /opt/lib/libc_v7em_fpv4_sp_d16_hard_t_le_eabi.a(libc2.o)
                0x0000000000021c9e                __RAL_pre_padding
 .text.libc.__RAL_isctype
                0x0000000000021cb8       0x14 /opt/lib/libc_v7em_fpv4_sp_d16_hard_t_le_eabi.a(libc2.o)
                0x0000000000021cb8                __RAL_isctype
 .text.libc.isprint
                0x0000000000021ccc        0xa /opt/lib/libc_v7em_fpv4_sp_d16_hard_t_le_eabi.a(libc2.o)
                0x0000000000021ccc                isprint
 .text.libc.sprintf
                0x0000000000021cd6       0x2a /opt/lib/libc_v7em_fpv4_sp_d16_hard_t_le_eabi.a(libc2.o)
                0x0000000000021cd6                sprintf
 .text.libc.strnlen
                0x0000000000021d00       0x22 /opt/lib/libc_v7em_fpv4_sp_d16_hard_t_le_eabi.a(libc2.o)
                0x0000000000021d00                strnlen
 .text.libc.memcpy
                0x0000000000021d22       0x52 /opt/lib/libc_v7em_fpv4_sp_d16_hard_t_le_eabi.a(libc2_asm.o)
                0x0000000000021d22                memcpy
                0x0000000000021d22                __aeabi_memcpy
                0x0000000000021d2e                __aeabi_memcpy4
                0x0000000000021d2e                __aeabi_memcpy8
 .text.libc.memset
                0x0000000000021d74       0x66 /opt/lib/libc_v7em_fpv4_sp_d16_hard_t_le_eabi.a(libc2_asm.o)
                0x0000000000021d74                memset
 .text.libc.strcpy
                0x0000000000021dda       0x44 /opt/lib/libc_v7em_fpv4_sp_d16_hard_t_le_eabi.a(libc2_asm.o)
                0x0000000000021dda                strcpy
 .text.libc.strlen
                0x0000000000021e1e       0x60 /opt/lib/libc_v7em_fpv4_sp_d16_hard_t_le_eabi.a(libc2_asm.o)
                0x0000000000021e1e                strlen
 *fill*         0x0000000000021e7e        0x2 
 .text.libc.__vfprintf_long
                0x0000000000021e80      0x634 /opt/lib/libc_v7em_fpv4_sp_d16_hard_t_le_eabi.a(libvfprintf.o)
                0x0000000000021e80                __vfprintf_long
                0x00000000000224b4                __text_end__ = (__text_start__ + SIZEOF (.text))
                0x00000000000060e4                __text_size__ = SIZEOF (.text)
                0x00000000000224b4                __text_load_end__ = __text_end__

.vfp11_veneer   0x0000000100000000        0x0
 .vfp11_veneer  0x0000000100000000        0x0 linker stubs

.v4_bx          0x0000000100000000        0x0
 .v4_bx         0x0000000100000000        0x0 linker stubs

.iplt           0x0000000100000000        0x0
 .iplt          0x0000000100000000        0x0 Output/Release/Obj/ble_app_uart_pca10100_s113/thumb_crt0.o
                0x0000000000000001                . = ASSERT (((__text_start__ == __text_end__) || ((__text_end__ - __FLASH_segment_start__) <= __FLASH_segment_size__)), error: .text is too large to fit in FLASH memory segment)
                0x00000000000224b4                __sdh_soc_observers_load_start__ = ALIGN (__text_end__, 0x4)

.sdh_soc_observers
                0x00000000000224b4        0x8
                0x00000000000224b4                __sdh_soc_observers_start__ = .
                0x00000000000224b4                __start_sdh_soc_observers = __sdh_soc_observers_start__
 *(SORT_BY_NAME(.sdh_soc_observers*))
 .sdh_soc_observers0
                0x00000000000224b4        0x8 Output/Release/Obj/ble_app_uart_pca10100_s113/nrf_drv_clock.o
                0x00000000000224bc                __sdh_soc_observers_end__ = (__sdh_soc_observers_start__ + SIZEOF (.sdh_soc_observers))
                0x0000000000000008                __sdh_soc_observers_size__ = SIZEOF (.sdh_soc_observers)
                0x00000000000224bc                __stop_sdh_soc_observers = __sdh_soc_observers_end__
                0x00000000000224bc                __sdh_soc_observers_load_end__ = __sdh_soc_observers_end__
                0x0000000000000001                . = ASSERT (((__sdh_soc_observers_start__ == __sdh_soc_observers_end__) || ((__sdh_soc_observers_end__ - __FLASH_segment_start__) <= __FLASH_segment_size__)), error: .sdh_soc_observers is too large to fit in FLASH memory segment)
                0x00000000000224bc                __sdh_ble_observers_load_start__ = ALIGN (__sdh_soc_observers_end__, 0x4)

.sdh_ble_observers
                0x00000000000224bc       0x40
                0x00000000000224bc                __sdh_ble_observers_start__ = .
                0x00000000000224bc                __start_sdh_ble_observers = __sdh_ble_observers_start__
 *(SORT_BY_NAME(.sdh_ble_observers*))
 .sdh_ble_observers0
                0x00000000000224bc        0x8 Output/Release/Obj/ble_app_uart_pca10100_s113/ble_conn_state.o
 .sdh_ble_observers1
                0x00000000000224c4        0x8 Output/Release/Obj/ble_app_uart_pca10100_s113/bsp_btn_ble.o
 .sdh_ble_observers1
                0x00000000000224cc       0x10 Output/Release/Obj/ble_app_uart_pca10100_s113/main.o
 .sdh_ble_observers1
                0x00000000000224dc        0x8 Output/Release/Obj/ble_app_uart_pca10100_s113/ble_conn_params.o
 .sdh_ble_observers2
                0x00000000000224e4       0x10 Output/Release/Obj/ble_app_uart_pca10100_s113/main.o
 .sdh_ble_observers3
                0x00000000000224f4        0x8 Output/Release/Obj/ble_app_uart_pca10100_s113/main.o
                0x00000000000224fc                __sdh_ble_observers_end__ = (__sdh_ble_observers_start__ + SIZEOF (.sdh_ble_observers))
                0x0000000000000040                __sdh_ble_observers_size__ = SIZEOF (.sdh_ble_observers)
                0x00000000000224fc                __stop_sdh_ble_observers = __sdh_ble_observers_end__
                0x00000000000224fc                __sdh_ble_observers_load_end__ = __sdh_ble_observers_end__
                0x0000000000000001                . = ASSERT (((__sdh_ble_observers_start__ == __sdh_ble_observers_end__) || ((__sdh_ble_observers_end__ - __FLASH_segment_start__) <= __FLASH_segment_size__)), error: .sdh_ble_observers is too large to fit in FLASH memory segment)
                0x00000000000224fc                __pwr_mgmt_data_load_start__ = ALIGN (__sdh_ble_observers_end__, 0x4)

.pwr_mgmt_data  0x00000000000224fc        0x0
                0x00000000000224fc                __pwr_mgmt_data_start__ = .
                0x00000000000224fc                __start_pwr_mgmt_data = __pwr_mgmt_data_start__
 *(SORT_BY_NAME(.pwr_mgmt_data*))
                0x00000000000224fc                __pwr_mgmt_data_end__ = (__pwr_mgmt_data_start__ + SIZEOF (.pwr_mgmt_data))
                0x0000000000000000                __pwr_mgmt_data_size__ = SIZEOF (.pwr_mgmt_data)
                0x00000000000224fc                __stop_pwr_mgmt_data = __pwr_mgmt_data_end__
                0x00000000000224fc                __pwr_mgmt_data_load_end__ = __pwr_mgmt_data_end__
                0x0000000000000001                . = ASSERT (((__pwr_mgmt_data_start__ == __pwr_mgmt_data_end__) || ((__pwr_mgmt_data_end__ - __FLASH_segment_start__) <= __FLASH_segment_size__)), error: .pwr_mgmt_data is too large to fit in FLASH memory segment)
                0x00000000000224fc                __sdh_req_observers_load_start__ = ALIGN (__pwr_mgmt_data_end__, 0x4)

.sdh_req_observers
                0x00000000000224fc        0x0
                0x00000000000224fc                __sdh_req_observers_start__ = .
                0x00000000000224fc                __start_sdh_req_observers = __sdh_req_observers_start__
 *(SORT_BY_NAME(.sdh_req_observers*))
                0x00000000000224fc                __sdh_req_observers_end__ = (__sdh_req_observers_start__ + SIZEOF (.sdh_req_observers))
                0x0000000000000000                __sdh_req_observers_size__ = SIZEOF (.sdh_req_observers)
                0x00000000000224fc                __stop_sdh_req_observers = __sdh_req_observers_end__
                0x00000000000224fc                __sdh_req_observers_load_end__ = __sdh_req_observers_end__
                0x0000000000000001                . = ASSERT (((__sdh_req_observers_start__ == __sdh_req_observers_end__) || ((__sdh_req_observers_end__ - __FLASH_segment_start__) <= __FLASH_segment_size__)), error: .sdh_req_observers is too large to fit in FLASH memory segment)
                0x00000000000224fc                __sdh_state_observers_load_start__ = ALIGN (__sdh_req_observers_end__, 0x4)

.sdh_state_observers
                0x00000000000224fc        0x8
                0x00000000000224fc                __sdh_state_observers_start__ = .
                0x00000000000224fc                __start_sdh_state_observers = __sdh_state_observers_start__
 *(SORT_BY_NAME(.sdh_state_observers*))
 .sdh_state_observers0
                0x00000000000224fc        0x8 Output/Release/Obj/ble_app_uart_pca10100_s113/nrf_drv_clock.o
                0x0000000000022504                __sdh_state_observers_end__ = (__sdh_state_observers_start__ + SIZEOF (.sdh_state_observers))
                0x0000000000000008                __sdh_state_observers_size__ = SIZEOF (.sdh_state_observers)
                0x0000000000022504                __stop_sdh_state_observers = __sdh_state_observers_end__
                0x0000000000022504                __sdh_state_observers_load_end__ = __sdh_state_observers_end__
                0x0000000000000001                . = ASSERT (((__sdh_state_observers_start__ == __sdh_state_observers_end__) || ((__sdh_state_observers_end__ - __FLASH_segment_start__) <= __FLASH_segment_size__)), error: .sdh_state_observers is too large to fit in FLASH memory segment)
                0x0000000000022504                __sdh_stack_observers_load_start__ = ALIGN (__sdh_state_observers_end__, 0x4)

.sdh_stack_observers
                0x0000000000022504       0x10
                0x0000000000022504                __sdh_stack_observers_start__ = .
                0x0000000000022504                __start_sdh_stack_observers = __sdh_stack_observers_start__
 *(SORT_BY_NAME(.sdh_stack_observers*))
 .sdh_stack_observers0
                0x0000000000022504        0x8 Output/Release/Obj/ble_app_uart_pca10100_s113/nrf_sdh_ble.o
 .sdh_stack_observers0
                0x000000000002250c        0x8 Output/Release/Obj/ble_app_uart_pca10100_s113/nrf_sdh_soc.o
                0x0000000000022514                __sdh_stack_observers_end__ = (__sdh_stack_observers_start__ + SIZEOF (.sdh_stack_observers))
                0x0000000000000010                __sdh_stack_observers_size__ = SIZEOF (.sdh_stack_observers)
                0x0000000000022514                __stop_sdh_stack_observers = __sdh_stack_observers_end__
                0x0000000000022514                __sdh_stack_observers_load_end__ = __sdh_stack_observers_end__
                0x0000000000000001                . = ASSERT (((__sdh_stack_observers_start__ == __sdh_stack_observers_end__) || ((__sdh_stack_observers_end__ - __FLASH_segment_start__) <= __FLASH_segment_size__)), error: .sdh_stack_observers is too large to fit in FLASH memory segment)
                0x0000000000022514                __nrf_queue_load_start__ = ALIGN (__sdh_stack_observers_end__, 0x4)

.nrf_queue      0x0000000000022514        0x0
                0x0000000000022514                __nrf_queue_start__ = .
                0x0000000000022514                __start_nrf_queue = __nrf_queue_start__
 *(.nrf_queue*)
                0x0000000000022514                __nrf_queue_end__ = (__nrf_queue_start__ + SIZEOF (.nrf_queue))
                0x0000000000000000                __nrf_queue_size__ = SIZEOF (.nrf_queue)
                0x0000000000022514                __stop_nrf_queue = __nrf_queue_end__
                0x0000000000022514                __nrf_queue_load_end__ = __nrf_queue_end__
                0x0000000000000001                . = ASSERT (((__nrf_queue_start__ == __nrf_queue_end__) || ((__nrf_queue_end__ - __FLASH_segment_start__) <= __FLASH_segment_size__)), error: .nrf_queue is too large to fit in FLASH memory segment)
                0x0000000000022514                __nrf_balloc_load_start__ = ALIGN (__nrf_queue_end__, 0x4)

.nrf_balloc     0x0000000000022514       0x14
                0x0000000000022514                __nrf_balloc_start__ = .
                0x0000000000022514                __start_nrf_balloc = __nrf_balloc_start__
 *(.nrf_balloc*)
 .nrf_balloc    0x0000000000022514       0x14 Output/Release/Obj/ble_app_uart_pca10100_s113/nrf_log_frontend.o
                0x0000000000022514                log_mempool
                0x0000000000022528                __nrf_balloc_end__ = (__nrf_balloc_start__ + SIZEOF (.nrf_balloc))
                0x0000000000000014                __nrf_balloc_size__ = SIZEOF (.nrf_balloc)
                0x0000000000022528                __stop_nrf_balloc = __nrf_balloc_end__
                0x0000000000022528                __nrf_balloc_load_end__ = __nrf_balloc_end__
                0x0000000000000001                . = ASSERT (((__nrf_balloc_start__ == __nrf_balloc_end__) || ((__nrf_balloc_end__ - __FLASH_segment_start__) <= __FLASH_segment_size__)), error: .nrf_balloc is too large to fit in FLASH memory segment)
                0x0000000000022528                __cli_command_load_start__ = ALIGN (__nrf_balloc_end__, 0x4)

.cli_command    0x0000000000022528        0x0
                0x0000000000022528                __cli_command_start__ = .
                0x0000000000022528                __start_cli_command = __cli_command_start__
 *(.cli_command*)
                0x0000000000022528                __cli_command_end__ = (__cli_command_start__ + SIZEOF (.cli_command))
                0x0000000000000000                __cli_command_size__ = SIZEOF (.cli_command)
                0x0000000000022528                __stop_cli_command = __cli_command_end__
                0x0000000000022528                __cli_command_load_end__ = __cli_command_end__
                0x0000000000000001                . = ASSERT (((__cli_command_start__ == __cli_command_end__) || ((__cli_command_end__ - __FLASH_segment_start__) <= __FLASH_segment_size__)), error: .cli_command is too large to fit in FLASH memory segment)
                0x0000000000022528                __crypto_data_load_start__ = ALIGN (__cli_command_end__, 0x4)

.crypto_data    0x0000000000022528        0x0
                0x0000000000022528                __crypto_data_start__ = .
                0x0000000000022528                __start_crypto_data = __crypto_data_start__
 *(SORT_BY_NAME(.crypto_data*))
                0x0000000000022528                __crypto_data_end__ = (__crypto_data_start__ + SIZEOF (.crypto_data))
                0x0000000000000000                __crypto_data_size__ = SIZEOF (.crypto_data)
                0x0000000000022528                __stop_crypto_data = __crypto_data_end__
                0x0000000000022528                __crypto_data_load_end__ = __crypto_data_end__
                0x0000000000000001                . = ASSERT (((__crypto_data_start__ == __crypto_data_end__) || ((__crypto_data_end__ - __FLASH_segment_start__) <= __FLASH_segment_size__)), error: .crypto_data is too large to fit in FLASH memory segment)
                0x0000000000022528                __log_const_data_load_start__ = ALIGN (__crypto_data_end__, 0x4)

.log_const_data
                0x0000000000022528       0x80
                0x0000000000022528                __log_const_data_start__ = .
                0x0000000000022528                __start_log_const_data = __log_const_data_start__
 *(SORT_BY_NAME(.log_const_data*))
 .log_const_data_CLOCK
                0x0000000000022528        0x8 Output/Release/Obj/ble_app_uart_pca10100_s113/nrfx_clock.o
                0x0000000000022528                m_nrf_log_CLOCK_logs_data_const
 .log_const_data_GPIOTE
                0x0000000000022530        0x8 Output/Release/Obj/ble_app_uart_pca10100_s113/nrfx_gpiote.o
                0x0000000000022530                m_nrf_log_GPIOTE_logs_data_const
 .log_const_data_PRS
                0x0000000000022538        0x8 Output/Release/Obj/ble_app_uart_pca10100_s113/nrfx_prs.o
                0x0000000000022538                m_nrf_log_PRS_logs_data_const
 .log_const_data_UART
                0x0000000000022540        0x8 Output/Release/Obj/ble_app_uart_pca10100_s113/nrfx_uart.o
                0x0000000000022540                m_nrf_log_UART_logs_data_const
 .log_const_data_UARTE
                0x0000000000022548        0x8 Output/Release/Obj/ble_app_uart_pca10100_s113/nrfx_uarte.o
                0x0000000000022548                m_nrf_log_UARTE_logs_data_const
 .log_const_data_app
                0x0000000000022550        0x8 Output/Release/Obj/ble_app_uart_pca10100_s113/nrf_log_frontend.o
                0x0000000000022550                m_nrf_log_app_logs_data_const
 .log_const_data_app_button
                0x0000000000022558        0x8 Output/Release/Obj/ble_app_uart_pca10100_s113/app_button.o
                0x0000000000022558                m_nrf_log_app_button_logs_data_const
 .log_const_data_app_timer
                0x0000000000022560        0x8 Output/Release/Obj/ble_app_uart_pca10100_s113/app_timer2.o
                0x0000000000022560                m_nrf_log_app_timer_logs_data_const
 .log_const_data_ble_nus
                0x0000000000022568        0x8 Output/Release/Obj/ble_app_uart_pca10100_s113/ble_nus.o
                0x0000000000022568                m_nrf_log_ble_nus_logs_data_const
 .log_const_data_clock
                0x0000000000022570        0x8 Output/Release/Obj/ble_app_uart_pca10100_s113/nrf_drv_clock.o
                0x0000000000022570                m_nrf_log_clock_logs_data_const
 .log_const_data_nrf_ble_gatt
                0x0000000000022578        0x8 Output/Release/Obj/ble_app_uart_pca10100_s113/nrf_ble_gatt.o
                0x0000000000022578                m_nrf_log_nrf_ble_gatt_logs_data_const
 .log_const_data_nrf_sdh
                0x0000000000022580        0x8 Output/Release/Obj/ble_app_uart_pca10100_s113/nrf_sdh.o
                0x0000000000022580                m_nrf_log_nrf_sdh_logs_data_const
 .log_const_data_nrf_sdh_ble
                0x0000000000022588        0x8 Output/Release/Obj/ble_app_uart_pca10100_s113/nrf_sdh_ble.o
                0x0000000000022588                m_nrf_log_nrf_sdh_ble_logs_data_const
 .log_const_data_nrf_sdh_soc
                0x0000000000022590        0x8 Output/Release/Obj/ble_app_uart_pca10100_s113/nrf_sdh_soc.o
                0x0000000000022590                m_nrf_log_nrf_sdh_soc_logs_data_const
 .log_const_data_pwr_mgmt
                0x0000000000022598        0x8 Output/Release/Obj/ble_app_uart_pca10100_s113/nrf_pwr_mgmt.o
                0x0000000000022598                m_nrf_log_pwr_mgmt_logs_data_const
 .log_const_data_sortlist
                0x00000000000225a0        0x8 Output/Release/Obj/ble_app_uart_pca10100_s113/nrf_sortlist.o
                0x00000000000225a0                m_nrf_log_sortlist_logs_data_const
                0x00000000000225a8                __log_const_data_end__ = (__log_const_data_start__ + SIZEOF (.log_const_data))
                0x0000000000000080                __log_const_data_size__ = SIZEOF (.log_const_data)
                0x00000000000225a8                __stop_log_const_data = __log_const_data_end__
                0x00000000000225a8                __log_const_data_load_end__ = __log_const_data_end__
                0x0000000000000001                . = ASSERT (((__log_const_data_start__ == __log_const_data_end__) || ((__log_const_data_end__ - __FLASH_segment_start__) <= __FLASH_segment_size__)), error: .log_const_data is too large to fit in FLASH memory segment)
                0x00000000000225a8                __log_backends_load_start__ = ALIGN (__log_const_data_end__, 0x4)

.log_backends   0x00000000000225a8       0x10
                0x00000000000225a8                __log_backends_start__ = .
                0x00000000000225a8                __start_log_backends = __log_backends_start__
 *(SORT_BY_NAME(.log_backends*))
 .log_backends  0x00000000000225a8       0x10 Output/Release/Obj/ble_app_uart_pca10100_s113/nrf_log_default_backends.o
                0x00000000000225b8                __log_backends_end__ = (__log_backends_start__ + SIZEOF (.log_backends))
                0x0000000000000010                __log_backends_size__ = SIZEOF (.log_backends)
                0x00000000000225b8                __stop_log_backends = __log_backends_end__
                0x00000000000225b8                __log_backends_load_end__ = __log_backends_end__
                0x0000000000000001                . = ASSERT (((__log_backends_start__ == __log_backends_end__) || ((__log_backends_end__ - __FLASH_segment_start__) <= __FLASH_segment_size__)), error: .log_backends is too large to fit in FLASH memory segment)
                0x00000000000225b8                __nrf_sections_load_start__ = ALIGN (__log_backends_end__, 0x4)

.nrf_sections   0x00000000000225b8        0x0
                0x00000000000225b8                __nrf_sections_start__ = .
                0x00000000000225b8                __start_nrf_sections = __nrf_sections_start__
 *(.nrf_sections .nrf_sections.*)
                0x00000000000225b8                __nrf_sections_end__ = (__nrf_sections_start__ + SIZEOF (.nrf_sections))
                0x0000000000000000                __nrf_sections_size__ = SIZEOF (.nrf_sections)
                0x00000000000225b8                __nrf_sections_load_end__ = __nrf_sections_end__
                0x0000000000000001                . = ASSERT (((__nrf_sections_start__ == __nrf_sections_end__) || ((__nrf_sections_end__ - __FLASH_segment_start__) <= __FLASH_segment_size__)), error: .nrf_sections is too large to fit in FLASH memory segment)
                0x00000000000225b8                __cli_sorted_cmd_ptrs_load_start__ = ALIGN (__nrf_sections_end__, 0x4)

.cli_sorted_cmd_ptrs
                0x0000000020002608        0x0 load address 0x00000000000225b8
                0x0000000020002608                __cli_sorted_cmd_ptrs_start__ = .
 *(.cli_sorted_cmd_ptrs*)
                0x0000000020002608                __cli_sorted_cmd_ptrs_end__ = (__cli_sorted_cmd_ptrs_start__ + SIZEOF (.cli_sorted_cmd_ptrs))
                0x0000000000000000                __cli_sorted_cmd_ptrs_size__ = SIZEOF (.cli_sorted_cmd_ptrs)
                0x00000000000225b8                __cli_sorted_cmd_ptrs_load_end__ = (__cli_sorted_cmd_ptrs_load_start__ + SIZEOF (.cli_sorted_cmd_ptrs))
                0x0000000000000001                . = ASSERT (((__cli_sorted_cmd_ptrs_load_start__ == __cli_sorted_cmd_ptrs_load_end__) || ((__cli_sorted_cmd_ptrs_load_end__ - __FLASH_segment_start__) <= __FLASH_segment_size__)), error: .cli_sorted_cmd_ptrs is too large to fit in FLASH memory segment)

.cli_sorted_cmd_ptrs_run
                0x0000000020002608        0x0
                0x0000000020002608                __cli_sorted_cmd_ptrs_run_start__ = .
                0x0000000020002608                __start_cli_sorted_cmd_ptrs = __cli_sorted_cmd_ptrs_run_start__
                0x0000000020002608                . = MAX ((__cli_sorted_cmd_ptrs_run_start__ + SIZEOF (.cli_sorted_cmd_ptrs)), .)
                0x0000000020002608                __cli_sorted_cmd_ptrs_run_end__ = (__cli_sorted_cmd_ptrs_run_start__ + SIZEOF (.cli_sorted_cmd_ptrs_run))
                0x0000000000000000                __cli_sorted_cmd_ptrs_run_size__ = SIZEOF (.cli_sorted_cmd_ptrs_run)
                0x0000000020002608                __stop_cli_sorted_cmd_ptrs = __cli_sorted_cmd_ptrs_run_end__
                0x0000000020002608                __cli_sorted_cmd_ptrs_run_load_end__ = __cli_sorted_cmd_ptrs_run_end__
                0x0000000000000001                . = ASSERT (((__cli_sorted_cmd_ptrs_run_start__ == __cli_sorted_cmd_ptrs_run_end__) || ((__cli_sorted_cmd_ptrs_run_end__ - __RAM1_segment_start__) <= __RAM1_segment_size__)), error: .cli_sorted_cmd_ptrs_run is too large to fit in RAM1 memory segment)
                0x00000000000225b8                __fs_data_load_start__ = ALIGN ((__cli_sorted_cmd_ptrs_load_start__ + SIZEOF (.cli_sorted_cmd_ptrs)), 0x4)

.fs_data        0x0000000020002608        0x0 load address 0x00000000000225b8
                0x0000000020002608                __fs_data_start__ = .
 *(.fs_data*)
                0x0000000020002608                __fs_data_end__ = (__fs_data_start__ + SIZEOF (.fs_data))
                0x0000000000000000                __fs_data_size__ = SIZEOF (.fs_data)
                0x00000000000225b8                __fs_data_load_end__ = (__fs_data_load_start__ + SIZEOF (.fs_data))
                0x0000000000000001                . = ASSERT (((__fs_data_load_start__ == __fs_data_load_end__) || ((__fs_data_load_end__ - __FLASH_segment_start__) <= __FLASH_segment_size__)), error: .fs_data is too large to fit in FLASH memory segment)

.fs_data_run    0x0000000020002608        0x0
                0x0000000020002608                __fs_data_run_start__ = .
                0x0000000020002608                __start_fs_data = __fs_data_run_start__
                0x0000000020002608                . = MAX ((__fs_data_run_start__ + SIZEOF (.fs_data)), .)
                0x0000000020002608                __fs_data_run_end__ = (__fs_data_run_start__ + SIZEOF (.fs_data_run))
                0x0000000000000000                __fs_data_run_size__ = SIZEOF (.fs_data_run)
                0x0000000020002608                __stop_fs_data = __fs_data_run_end__
                0x0000000020002608                __fs_data_run_load_end__ = __fs_data_run_end__
                0x0000000000000001                . = ASSERT (((__fs_data_run_start__ == __fs_data_run_end__) || ((__fs_data_run_end__ - __RAM1_segment_start__) <= __RAM1_segment_size__)), error: .fs_data_run is too large to fit in RAM1 memory segment)
                0x00000000000225b8                __log_dynamic_data_load_start__ = ALIGN ((__fs_data_load_start__ + SIZEOF (.fs_data)), 0x4)

.log_dynamic_data
                0x0000000020002608        0x0 load address 0x00000000000225b8
                0x0000000020002608                __log_dynamic_data_start__ = .
 *(SORT_BY_NAME(.log_dynamic_data*))
                0x0000000020002608                __log_dynamic_data_end__ = (__log_dynamic_data_start__ + SIZEOF (.log_dynamic_data))
                0x0000000000000000                __log_dynamic_data_size__ = SIZEOF (.log_dynamic_data)
                0x00000000000225b8                __log_dynamic_data_load_end__ = (__log_dynamic_data_load_start__ + SIZEOF (.log_dynamic_data))
                0x0000000000000001                . = ASSERT (((__log_dynamic_data_load_start__ == __log_dynamic_data_load_end__) || ((__log_dynamic_data_load_end__ - __FLASH_segment_start__) <= __FLASH_segment_size__)), error: .log_dynamic_data is too large to fit in FLASH memory segment)

.log_dynamic_data_run
                0x0000000020002608        0x0
                0x0000000020002608                __log_dynamic_data_run_start__ = .
                0x0000000020002608                __start_log_dynamic_data = __log_dynamic_data_run_start__
                0x0000000020002608                . = MAX ((__log_dynamic_data_run_start__ + SIZEOF (.log_dynamic_data)), .)
                0x0000000020002608                __log_dynamic_data_run_end__ = (__log_dynamic_data_run_start__ + SIZEOF (.log_dynamic_data_run))
                0x0000000000000000                __log_dynamic_data_run_size__ = SIZEOF (.log_dynamic_data_run)
                0x0000000020002608                __stop_log_dynamic_data = __log_dynamic_data_run_end__
                0x0000000020002608                __log_dynamic_data_run_load_end__ = __log_dynamic_data_run_end__
                0x0000000000000001                . = ASSERT (((__log_dynamic_data_run_start__ == __log_dynamic_data_run_end__) || ((__log_dynamic_data_run_end__ - __RAM1_segment_start__) <= __RAM1_segment_size__)), error: .log_dynamic_data_run is too large to fit in RAM1 memory segment)
                0x00000000000225b8                __log_filter_data_load_start__ = ALIGN ((__log_dynamic_data_load_start__ + SIZEOF (.log_dynamic_data)), 0x4)

.log_filter_data
                0x0000000020002608        0x0 load address 0x00000000000225b8
                0x0000000020002608                __log_filter_data_start__ = .
 *(SORT_BY_NAME(.log_filter_data*))
                0x0000000020002608                __log_filter_data_end__ = (__log_filter_data_start__ + SIZEOF (.log_filter_data))
                0x0000000000000000                __log_filter_data_size__ = SIZEOF (.log_filter_data)
                0x00000000000225b8                __log_filter_data_load_end__ = (__log_filter_data_load_start__ + SIZEOF (.log_filter_data))
                0x0000000000000001                . = ASSERT (((__log_filter_data_load_start__ == __log_filter_data_load_end__) || ((__log_filter_data_load_end__ - __FLASH_segment_start__) <= __FLASH_segment_size__)), error: .log_filter_data is too large to fit in FLASH memory segment)

.log_filter_data_run
                0x0000000020002608        0x0
                0x0000000020002608                __log_filter_data_run_start__ = .
                0x0000000020002608                __start_log_filter_data = __log_filter_data_run_start__
                0x0000000020002608                . = MAX ((__log_filter_data_run_start__ + SIZEOF (.log_filter_data)), .)
                0x0000000020002608                __log_filter_data_run_end__ = (__log_filter_data_run_start__ + SIZEOF (.log_filter_data_run))