Archive member included to satisfy reference by file (symbol)

/opt/lib/libc_v7em_fpv4_sp_d16_hard_t_le_eabi.a(libc_asm.o)
                              Output/Release/Obj/ble_app_uart_pca10056_s140/bsp.o (__aeabi_uldivmod)
/opt/lib/libc_v7em_fpv4_sp_d16_hard_t_le_eabi.a(libc2.o)
                              Output/Release/Obj/ble_app_uart_pca10056_s140/ble_advdata.o (memcmp)
/opt/lib/libc_v7em_fpv4_sp_d16_hard_t_le_eabi.a(libc2_asm.o)
                              Output/Release/Obj/ble_app_uart_pca10056_s140/app_scheduler.o (memcpy)
/opt/lib/libc_v7em_fpv4_sp_d16_hard_t_le_eabi.a(libvfprintf.o)
                              (__vfprintf_long)
/opt/lib/libc_v7em_fpv4_sp_d16_hard_t_le_eabi.a(libvfscanf.o)
                              (__vfscanf_long)
/opt/lib/libc_v7em_fpv4_sp_d16_hard_t_le_eabi.a(libc.o)
                              /opt/lib/libc_v7em_fpv4_sp_d16_hard_t_le_eabi.a(libc2.o) (__heap_lock)
/opt/lib/libdebugio_v7em_fpv4_sp_d16_hard_t_le_eabi.a(libdebugio.o)
                              Output/Release/Obj/ble_app_uart_pca10056_s140/thumb_crt0.o (debug_fopen)
/opt/lib/libdebugio_v7em_fpv4_sp_d16_hard_t_le_eabi.a(do_nv_debug_operation.o)
                              /opt/lib/libdebugio_v7em_fpv4_sp_d16_hard_t_le_eabi.a(libdebugio.o) (__do_nvdebug_operation)
/opt/lib/libdebugio_v7em_fpv4_sp_d16_hard_t_le_eabi.a(mempoll_debug_operations.o)
                              (__do_debug_operation_mempoll)
/opt/lib/libm_v7em_fpv4_sp_d16_hard_t_le_eabi.a(libm_asm.o)
                              /opt/lib/libc_v7em_fpv4_sp_d16_hard_t_le_eabi.a(libc2.o) (__aeabi_dadd)
/opt/lib/libm_v7em_fpv4_sp_d16_hard_t_le_eabi.a(libm2.o)
                              /opt/lib/libc_v7em_fpv4_sp_d16_hard_t_le_eabi.a(libvfprintf.o) (frexp)

Discarded input sections

 .text          0x0000000000000000        0x0 Output/Release/Obj/ble_app_uart_pca10056_s140/thumb_crt0.o
 .data          0x0000000000000000        0x0 Output/Release/Obj/ble_app_uart_pca10056_s140/thumb_crt0.o
 .bss           0x0000000000000000        0x0 Output/Release/Obj/ble_app_uart_pca10056_s140/thumb_crt0.o
 .text.__aeabi_read_tp
                0x0000000000000000        0x8 Output/Release/Obj/ble_app_uart_pca10056_s140/thumb_crt0.o
 .text.abort    0x0000000000000000        0x2 Output/Release/Obj/ble_app_uart_pca10056_s140/thumb_crt0.o
 .text.__assert
                0x0000000000000000        0x2 Output/Release/Obj/ble_app_uart_pca10056_s140/thumb_crt0.o
 .text.__assert_func
                0x0000000000000000        0x2 Output/Release/Obj/ble_app_uart_pca10056_s140/thumb_crt0.o
 .text.__aeabi_assert
                0x0000000000000000        0x2 Output/Release/Obj/ble_app_uart_pca10056_s140/thumb_crt0.o
 .text.__sync_synchronize
                0x0000000000000000        0x2 Output/Release/Obj/ble_app_uart_pca10056_s140/thumb_crt0.o
 .text.__getchar
                0x0000000000000000        0x4 Output/Release/Obj/ble_app_uart_pca10056_s140/thumb_crt0.o
 .text.__putchar
                0x0000000000000000        0x4 Output/Release/Obj/ble_app_uart_pca10056_s140/thumb_crt0.o
 .text.__open   0x0000000000000000        0x4 Output/Release/Obj/ble_app_uart_pca10056_s140/thumb_crt0.o
 .text.__close  0x0000000000000000        0x4 Output/Release/Obj/ble_app_uart_pca10056_s140/thumb_crt0.o
 .text.__write  0x0000000000000000        0xa Output/Release/Obj/ble_app_uart_pca10056_s140/thumb_crt0.o
 .text.__read   0x0000000000000000        0xa Output/Release/Obj/ble_app_uart_pca10056_s140/thumb_crt0.o
 .text.__seek   0x0000000000000000       0x1a Output/Release/Obj/ble_app_uart_pca10056_s140/thumb_crt0.o
 .text.remove   0x0000000000000000        0x4 Output/Release/Obj/ble_app_uart_pca10056_s140/thumb_crt0.o
 .text.rename   0x0000000000000000        0x4 Output/Release/Obj/ble_app_uart_pca10056_s140/thumb_crt0.o
 .bss.__user_locale_name_buffer
                0x0000000000000000        0x4 Output/Release/Obj/ble_app_uart_pca10056_s140/thumb_crt0.o
 .stack         0x0000000000000000        0x0 Output/Release/Obj/ble_app_uart_pca10056_s140/thumb_crt0.o
 .stack_process
                0x0000000000000000        0x0 Output/Release/Obj/ble_app_uart_pca10056_s140/thumb_crt0.o
 .heap          0x0000000000000000        0x0 Output/Release/Obj/ble_app_uart_pca10056_s140/thumb_crt0.o
 .group         0x0000000000000000        0xc Output/Release/Obj/ble_app_uart_pca10056_s140/nrf_log_backend_rtt.o
 .group         0x0000000000000000        0xc Output/Release/Obj/ble_app_uart_pca10056_s140/nrf_log_backend_rtt.o
 .group         0x0000000000000000        0xc Output/Release/Obj/ble_app_uart_pca10056_s140/nrf_log_backend_rtt.o
 .group         0x0000000000000000        0xc Output/Release/Obj/ble_app_uart_pca10056_s140/nrf_log_backend_rtt.o
 .group         0x0000000000000000        0xc Output/Release/Obj/ble_app_uart_pca10056_s140/nrf_log_backend_rtt.o
 .group         0x0000000000000000        0xc Output/Release/Obj/ble_app_uart_pca10056_s140/nrf_log_backend_rtt.o
[...]
Memory Configuration

Name             Origin             Length             Attributes
UNPLACED_SECTIONS 0x0000000100000000 0x0000000000000000 xw
RAM1             0x0000000020000000 0x0000000000040000 xw
FLASH            0x0000000000000000 0x0000000000100000 xw
*default*        0x0000000000000000 0xffffffffffffffff

Linker script and memory map

                0x0000000000000000                __do_debug_operation = __do_debug_operation_mempoll
                0x000000000002a67c                __vfprintf = __vfprintf_long
                0x0000000000000000                __vfscanf = __vfscanf_long
                0x0000000020000000                __RAM1_segment_start__ = 0x20000000
                0x0000000020040000                __RAM1_segment_end__ = 0x20040000
                0x0000000000040000                __RAM1_segment_size__ = 0x40000
                0x0000000000000000                __FLASH_segment_start__ = 0x0
                0x0000000000100000                __FLASH_segment_end__ = 0x100000
                0x0000000000100000                __FLASH_segment_size__ = 0x100000
                0x0000000000002000                __HEAPSIZE__ = 0x2000
                0x0000000000000000                __STACKSIZE_PROCESS__ = 0x0
                0x0000000000002000                __STACKSIZE__ = 0x2000
                0x0000000020000000                __reserved_ram_load_start__ = 0x20000000

.reserved_ram   0x0000000020000000     0x2ae8
                0x0000000020000000                __reserved_ram_start__ = .
 *(.reserved_ram .reserved_ram.*)
                0x0000000020002ae8                . = MAX (((__reserved_ram_start__ + 0x20002ae8) - 0x20000000), .)
 *fill*         0x0000000020000000     0x2ae8 
                0x0000000020002ae8                __reserved_ram_end__ = (__reserved_ram_start__ + SIZEOF (.reserved_ram))
                0x0000000000002ae8                __reserved_ram_size__ = SIZEOF (.reserved_ram)
                0x0000000020002ae8                __reserved_ram_load_end__ = __reserved_ram_end__
                0x0000000000000001                . = ASSERT (((__reserved_ram_start__ == __reserved_ram_end__) || ((__reserved_ram_end__ - __RAM1_segment_start__) <= __RAM1_segment_size__)), error: .reserved_ram is too large to fit in RAM1 memory segment)
                0x0000000020002ae8                __vectors_ram_load_start__ = 0x20002ae8

.vectors_ram    0x0000000020002ae8        0x0
                0x0000000020002ae8                __vectors_ram_start__ = .
                0x0000000020002ae8                __app_ram_start__ = __vectors_ram_start__
 *(.vectors_ram .vectors_ram.*)
                0x0000000020002ae8                __vectors_ram_end__ = (__vectors_ram_start__ + SIZEOF (.vectors_ram))
                0x0000000000000000                __vectors_ram_size__ = SIZEOF (.vectors_ram)
                0x0000000020002ae8                __vectors_ram_load_end__ = __vectors_ram_end__
                0x0000000000000001                . = ASSERT (((__vectors_ram_start__ == __vectors_ram_end__) || ((__vectors_ram_end__ - __RAM1_segment_start__) <= __RAM1_segment_size__)), error: .vectors_ram is too large to fit in RAM1 memory segment)
                0x0000000000000001                . = ASSERT ((__reserved_ram_end__ <= __vectors_ram_start__), error: section .reserved_ram overlaps absolute placed section .vectors_ram)
                0x0000000020002ae8                __nrf_sections_run_load_start__ = ALIGN (__vectors_ram_end__, 0x4)

.nrf_sections_run
                0x0000000020002ae8        0x0
                0x0000000020002ae8                __nrf_sections_run_start__ = .
                0x0000000020002ae8                __start_nrf_sections_run = __nrf_sections_run_start__
 *(.nrf_sections_run .nrf_sections_run.*)
                0x0000000020002ae8                __nrf_sections_run_end__ = (__nrf_sections_run_start__ + SIZEOF (.nrf_sections_run))
                0x0000000000000000                __nrf_sections_run_size__ = SIZEOF (.nrf_sections_run)
                0x0000000020002ae8                __nrf_sections_run_load_end__ = __nrf_sections_run_end__
                0x0000000000000001                . = ASSERT (((__nrf_sections_run_start__ == __nrf_sections_run_end__) || ((__nrf_sections_run_end__ - __RAM1_segment_start__) <= __RAM1_segment_size__)), error: .nrf_sections_run is too large to fit in RAM1 memory segment)
                0x0000000000000000                __reserved_flash_load_start__ = 0x0

.reserved_flash
                0x0000000000000000    0x27000
                0x0000000000000000                __reserved_flash_start__ = .
 *(.reserved_flash .reserved_flash.*)
                0x0000000000027000                . = MAX (((__reserved_flash_start__ + 0x27000) - 0x0), .)
 *fill*         0x0000000000000000    0x27000 
                0x0000000000027000                __reserved_flash_end__ = (__reserved_flash_start__ + SIZEOF (.reserved_flash))
                0x0000000000027000                __reserved_flash_size__ = SIZEOF (.reserved_flash)
                0x0000000000027000                __reserved_flash_load_end__ = __reserved_flash_end__
                0x0000000000000001                . = ASSERT (((__reserved_flash_start__ == __reserved_flash_end__) || ((__reserved_flash_end__ - __FLASH_segment_start__) <= __FLASH_segment_size__)), error: .reserved_flash is too large to fit in FLASH memory segment)
                0x0000000000027000                __vectors_load_start__ = 0x27000

.vectors        0x0000000000027000      0x200
                0x0000000000027000                __vectors_start__ = .
 *(.vectors .vectors.*)
 .vectors       0x0000000000027000      0x200 Output/Release/Obj/ble_app_uart_pca10056_s140/ses_startup_nrf52840.o
                0x0000000000027000                _vectors
                0x0000000000027200                __vectors_end__ = (__vectors_start__ + SIZEOF (.vectors))
                0x0000000000000200                __vectors_size__ = SIZEOF (.vectors)
                0x0000000000027200                __vectors_load_end__ = __vectors_end__
                0x0000000000000001                . = ASSERT (((__vectors_start__ == __vectors_end__) || ((__vectors_end__ - __FLASH_segment_start__) <= __FLASH_segment_size__)), error: .vectors is too large to fit in FLASH memory segment)
                0x0000000000000001                . = ASSERT ((__reserved_flash_end__ <= __vectors_start__), error: section .reserved_flash overlaps absolute placed section .vectors)
                0x0000000000027200                __init_load_start__ = ALIGN (__vectors_end__, 0x4)

.init           0x0000000000027200      0x1d0
                0x0000000000027200                __init_start__ = .
 *(.init .init.*)
 .init          0x0000000000027200      0x15c Output/Release/Obj/ble_app_uart_pca10056_s140/thumb_crt0.o
                0x0000000000027200                _start
                0x00000000000272b4                exit
 .init          0x000000000002735c       0x18 Output/Release/Obj/ble_app_uart_pca10056_s140/ses_startup_nrf52840.o
                0x000000000002735c                NMI_Handler
                0x000000000002735e                HardFault_Handler
                0x0000000000027360                MemoryManagement_Handler
                0x0000000000027362                BusFault_Handler
                0x0000000000027364                UsageFault_Handler
                0x0000000000027366                SVC_Handler
                0x0000000000027368                DebugMon_Handler
                0x000000000002736a                PendSV_Handler
                0x000000000002736c                SysTick_Handler
                0x000000000002736e                TIMER2_IRQHandler
                0x000000000002736e                RTC0_IRQHandler
                0x000000000002736e                SWI0_EGU0_IRQHandler
                0x000000000002736e                PWM1_IRQHandler
                0x000000000002736e                RADIO_IRQHandler
                0x000000000002736e                PDM_IRQHandler
                0x000000000002736e                TEMP_IRQHandler
                0x000000000002736e                QDEC_IRQHandler
                0x000000000002736e                TIMER3_IRQHandler
                0x000000000002736e                PWM3_IRQHandler
                0x000000000002736e                FPU_IRQHandler
                0x000000000002736e                USBD_IRQHandler
                0x000000000002736e                SPIM0_SPIS0_TWIM0_TWIS0_SPI0_TWI0_IRQHandler
                0x000000000002736e                TIMER4_IRQHandler
                0x000000000002736e                CRYPTOCELL_IRQHandler
                0x000000000002736e                I2S_IRQHandler
                0x000000000002736e                SWI4_EGU4_IRQHandler
                0x000000000002736e                TIMER0_IRQHandler
                0x000000000002736e                UARTE1_IRQHandler
                0x000000000002736e                Dummy_Handler
                0x000000000002736e                TIMER1_IRQHandler
                0x000000000002736e                SPIM3_IRQHandler
                0x000000000002736e                PWM2_IRQHandler
                0x000000000002736e                ECB_IRQHandler
                0x000000000002736e                SPIM1_SPIS1_TWIM1_TWIS1_SPI1_TWI1_IRQHandler
                0x000000000002736e                SAADC_IRQHandler
                0x000000000002736e                CCM_AAR_IRQHandler
                0x000000000002736e                WDT_IRQHandler
                0x000000000002736e                SWI5_EGU5_IRQHandler
                0x000000000002736e                RNG_IRQHandler
                0x000000000002736e                RTC2_IRQHandler
                0x000000000002736e                PWM0_IRQHandler
                0x000000000002736e                SWI3_EGU3_IRQHandler
                0x000000000002736e                SWI1_EGU1_IRQHandler
                0x000000000002736e                SPIM2_SPIS2_SPI2_IRQHandler
                0x000000000002736e                NFCT_IRQHandler
                0x000000000002736e                MWU_IRQHandler
                0x000000000002736e                QSPI_IRQHandler
                0x000000000002736e                COMP_LPCOMP_IRQHandler
                0x0000000000027370                nRFInitialize
 .init          0x0000000000027374       0x5c Output/Release/Obj/ble_app_uart_pca10056_s140/ses_startup_nrf_common.o
                0x0000000000027374                Reset_Handler
                0x0000000000027378                afterInitialize
                0x000000000002739c                InitializeUserMemorySections
                0x00000000000273d0                __init_end__ = (__init_start__ + SIZEOF (.init))
                0x00000000000001d0                __init_size__ = SIZEOF (.init)
                0x00000000000273d0                __init_load_end__ = __init_end__
                0x0000000000000001                . = ASSERT (((__init_start__ == __init_end__) || ((__init_end__ - __FLASH_segment_start__) <= __FLASH_segment_size__)), error: .init is too large to fit in FLASH memory segment)
                0x00000000000273d0                __init_rodata_load_start__ = ALIGN (__init_end__, 0x4)

.init_rodata    0x00000000000273d0        0x0
                0x00000000000273d0                __init_rodata_start__ = .
 *(.init_rodata .init_rodata.*)
                0x00000000000273d0                __init_rodata_end__ = (__init_rodata_start__ + SIZEOF (.init_rodata))
                0x0000000000000000                __init_rodata_size__ = SIZEOF (.init_rodata)
                0x00000000000273d0                __init_rodata_load_end__ = __init_rodata_end__
                0x0000000000000001                . = ASSERT (((__init_rodata_start__ == __init_rodata_end__) || ((__init_rodata_end__ - __FLASH_segment_start__) <= __FLASH_segment_size__)), error: .init_rodata is too large to fit in FLASH memory segment)
                0x00000000000273d0                __text_load_start__ = ALIGN (__init_rodata_end__, 0x4)

.text           0x00000000000273d0     0x38e0
                0x00000000000273d0                __text_start__ = .
 *(.text .text.* .glue_7t .glue_7 .gnu.linkonce.t.* .gcc_except_table .ARM.extab* .gnu.linkonce.armextab.*)
 .glue_7        0x00000000000273d0        0x0 linker stubs
 .glue_7t       0x00000000000273d0        0x0 linker stubs
 .text.app_error_handler_bare
                0x00000000000273d0       0x1a Output/Release/Obj/ble_app_uart_pca10056_s140/app_error.o
                0x00000000000273d0                app_error_handler_bare
 *fill*         0x00000000000273ea        0x2 
 .text.app_error_fault_handler
                0x00000000000273ec       0x34 Output/Release/Obj/ble_app_uart_pca10056_s140/app_error_weak.o
                0x00000000000273ec                app_error_fault_handler
 .text.app_fifo_put
                0x0000000000027420       0x24 Output/Release/Obj/ble_app_uart_pca10056_s140/app_fifo.o
                0x0000000000027420                app_fifo_put
 .text.app_fifo_get
                0x0000000000027444       0x22 Output/Release/Obj/ble_app_uart_pca10056_s140/app_fifo.o
                0x0000000000027444                app_fifo_get
 .text.compare_func
                0x0000000000027466       0x16 Output/Release/Obj/ble_app_uart_pca10056_s140/app_timer2.o
 .text.get_now  0x000000000002747c       0x3c Output/Release/Obj/ble_app_uart_pca10056_s140/app_timer2.o
 .text.timer_req_schedule
                0x00000000000274b8       0x38 Output/Release/Obj/ble_app_uart_pca10056_s140/app_timer2.o
 .text.timer_expire
                0x00000000000274f0       0x6c Output/Release/Obj/ble_app_uart_pca10056_s140/app_timer2.o
 .text.app_timer_init
                0x000000000002755c       0x64 Output/Release/Obj/ble_app_uart_pca10056_s140/app_timer2.o
                0x000000000002755c                app_timer_init
 .text.app_timer_create
                0x00000000000275c0       0x16 Output/Release/Obj/ble_app_uart_pca10056_s140/app_timer2.o
                0x00000000000275c0                app_timer_create
 .text.app_timer_start
                0x00000000000275d6       0x30 Output/Release/Obj/ble_app_uart_pca10056_s140/app_timer2.o
                0x00000000000275d6                app_timer_start
 .text.app_timer_stop
                0x0000000000027606        0xc Output/Release/Obj/ble_app_uart_pca10056_s140/app_timer2.o
                0x0000000000027606                app_timer_stop
 *fill*         0x0000000000027612        0x2 
 .text.app_timer_cnt_get
                0x0000000000027614        0xc Output/Release/Obj/ble_app_uart_pca10056_s140/app_timer2.o
                0x0000000000027614                app_timer_cnt_get
 .text.rtc_irq  0x0000000000027620      0x198 Output/Release/Obj/ble_app_uart_pca10056_s140/app_timer2.o
 .text.nrf_drv_uart_tx.constprop.0
                0x00000000000277b8       0x28 Output/Release/Obj/ble_app_uart_pca10056_s140/app_uart_fifo.o
 .text.app_uart_put
                0x00000000000277e0       0x50 Output/Release/Obj/ble_app_uart_pca10056_s140/app_uart_fifo.o
                0x00000000000277e0                app_uart_put
 .text.app_util_critical_region_enter
                0x0000000000027830       0x48 Output/Release/Obj/ble_app_uart_pca10056_s140/app_util_platform.o
                0x0000000000027830                app_util_critical_region_enter
 .text.app_util_critical_region_exit
                0x0000000000027878       0x2c Output/Release/Obj/ble_app_uart_pca10056_s140/app_util_platform.o
                0x0000000000027878                app_util_critical_region_exit
 .text.evt_pending.isra.0
                0x00000000000278a4       0x1a Output/Release/Obj/ble_app_uart_pca10056_s140/drv_rtc.o
 *fill*         0x00000000000278be        0x2 
 .text.drv_rtc_init
                0x00000000000278c0       0x74 Output/Release/Obj/ble_app_uart_pca10056_s140/drv_rtc.o
                0x00000000000278c0                drv_rtc_init
 .text.drv_rtc_start
                0x0000000000027934        0x8 Output/Release/Obj/ble_app_uart_pca10056_s140/drv_rtc.o
                0x0000000000027934                drv_rtc_start
 .text.drv_rtc_stop
                0x000000000002793c        0x8 Output/Release/Obj/ble_app_uart_pca10056_s140/drv_rtc.o
                0x000000000002793c                drv_rtc_stop
 .text.drv_rtc_compare_set
                0x0000000000027944       0x3e Output/Release/Obj/ble_app_uart_pca10056_s140/drv_rtc.o
                0x0000000000027944                drv_rtc_compare_set
 *fill*         0x0000000000027982        0x2 
 .text.drv_rtc_windowed_compare_set
                0x0000000000027984       0xf0 Output/Release/Obj/ble_app_uart_pca10056_s140/drv_rtc.o
                0x0000000000027984                drv_rtc_windowed_compare_set
 .text.drv_rtc_overflow_enable
                0x0000000000027a74       0x10 Output/Release/Obj/ble_app_uart_pca10056_s140/drv_rtc.o
                0x0000000000027a74                drv_rtc_overflow_enable
 .text.drv_rtc_overflow_pending
                0x0000000000027a84        0xa Output/Release/Obj/ble_app_uart_pca10056_s140/drv_rtc.o
                0x0000000000027a84                drv_rtc_overflow_pending
 .text.drv_rtc_compare_disable
                0x0000000000027a8e       0x14 Output/Release/Obj/ble_app_uart_pca10056_s140/drv_rtc.o
                0x0000000000027a8e                drv_rtc_compare_disable
 .text.drv_rtc_compare_pending
                0x0000000000027aa2        0xc Output/Release/Obj/ble_app_uart_pca10056_s140/drv_rtc.o
                0x0000000000027aa2                drv_rtc_compare_pending
 .text.drv_rtc_counter_get
                0x0000000000027aae        0x8 Output/Release/Obj/ble_app_uart_pca10056_s140/drv_rtc.o
                0x0000000000027aae                drv_rtc_counter_get
 *fill*         0x0000000000027ab6        0x2 
 .text.drv_rtc_irq_trigger
                0x0000000000027ab8       0x24 Output/Release/Obj/ble_app_uart_pca10056_s140/drv_rtc.o
                0x0000000000027ab8                drv_rtc_irq_trigger
 .text.RTC1_IRQHandler
                0x0000000000027adc       0x14 Output/Release/Obj/ble_app_uart_pca10056_s140/drv_rtc.o
                0x0000000000027adc                RTC1_IRQHandler
 .text.nrf_atfifo_init
                0x0000000000027af0       0x26 Output/Release/Obj/ble_app_uart_pca10056_s140/nrf_atfifo.o
                0x0000000000027af0                nrf_atfifo_init
 .text.nrf_atfifo_item_alloc
                0x0000000000027b16       0x54 Output/Release/Obj/ble_app_uart_pca10056_s140/nrf_atfifo.o
                0x0000000000027b16                nrf_atfifo_item_alloc
 .text.nrf_atfifo_item_put
                0x0000000000027b6a       0x20 Output/Release/Obj/ble_app_uart_pca10056_s140/nrf_atfifo.o
                0x0000000000027b6a                nrf_atfifo_item_put
 .text.nrf_atfifo_item_get
                0x0000000000027b8a       0x56 Output/Release/Obj/ble_app_uart_pca10056_s140/nrf_atfifo.o
                0x0000000000027b8a                nrf_atfifo_item_get
 .text.nrf_atfifo_item_free
                0x0000000000027be0       0x20 Output/Release/Obj/ble_app_uart_pca10056_s140/nrf_atfifo.o
                0x0000000000027be0                nrf_atfifo_item_free
 .text.nrf_atflags_set
                0x0000000000027c00       0x12 Output/Release/Obj/ble_app_uart_pca10056_s140/nrf_atflags.o
                0x0000000000027c00                nrf_atflags_set
 .text.nrf_atflags_clear
                0x0000000000027c12       0x14 Output/Release/Obj/ble_app_uart_pca10056_s140/nrf_atflags.o
                0x0000000000027c12                nrf_atflags_clear
 .text.nrf_atflags_get
                0x0000000000027c26       0x12 Output/Release/Obj/ble_app_uart_pca10056_s140/nrf_atflags.o
                0x0000000000027c26                nrf_atflags_get
 .text.nrf_atomic_u32_or
                0x0000000000027c38       0x18 Output/Release/Obj/ble_app_uart_pca10056_s140/nrf_atomic.o
                0x0000000000027c38                nrf_atomic_u32_or
 .text.nrf_atomic_u32_and
                0x0000000000027c50       0x18 Output/Release/Obj/ble_app_uart_pca10056_s140/nrf_atomic.o
                0x0000000000027c50                nrf_atomic_u32_and
 .text.sd_app_evt_wait
                0x0000000000027c68        0x4 Output/Release/Obj/ble_app_uart_pca10056_s140/nrf_pwr_mgmt.o
 .text.nrf_pwr_mgmt_init
                0x0000000000027c6c       0x2c Output/Release/Obj/ble_app_uart_pca10056_s140/nrf_pwr_mgmt.o
                0x0000000000027c6c                nrf_pwr_mgmt_init
 .text.nrf_pwr_mgmt_run
                0x0000000000027c98       0x4c Output/Release/Obj/ble_app_uart_pca10056_s140/nrf_pwr_mgmt.o
                0x0000000000027c98                nrf_pwr_mgmt_run
 .text.nrf_section_iter_init
                0x0000000000027ce4       0x14 Output/Release/Obj/ble_app_uart_pca10056_s140/nrf_section_iter.o
                0x0000000000027ce4                nrf_section_iter_init
 .text.nrf_section_iter_next
                0x0000000000027cf8       0x18 Output/Release/Obj/ble_app_uart_pca10056_s140/nrf_section_iter.o
                0x0000000000027cf8                nrf_section_iter_next
 .text.nrf_sortlist_add
                0x0000000000027d10       0x20 Output/Release/Obj/ble_app_uart_pca10056_s140/nrf_sortlist.o
                0x0000000000027d10                nrf_sortlist_add
 .text.nrf_sortlist_pop
                0x0000000000027d30        0xc Output/Release/Obj/ble_app_uart_pca10056_s140/nrf_sortlist.o
                0x0000000000027d30                nrf_sortlist_pop
 .text.nrf_sortlist_peek
                0x0000000000027d3c        0x6 Output/Release/Obj/ble_app_uart_pca10056_s140/nrf_sortlist.o
                0x0000000000027d3c                nrf_sortlist_peek
 .text.nrf_sortlist_remove
                0x0000000000027d42       0x1a Output/Release/Obj/ble_app_uart_pca10056_s140/nrf_sortlist.o
                0x0000000000027d42                nrf_sortlist_remove
 .text.nrf52_errata_36
                0x0000000000027d5c       0x14 Output/Release/Obj/ble_app_uart_pca10056_s140/system_nrf52840.o
 .text.nrf52_errata_98
                0x0000000000027d70       0x28 Output/Release/Obj/ble_app_uart_pca10056_s140/system_nrf52840.o
 .text.SystemInit
                0x0000000000027d98      0x1d0 Output/Release/Obj/ble_app_uart_pca10056_s140/system_nrf52840.o
                0x0000000000027d98                SystemInit
 .text.bsp_board_led_state_get
                0x0000000000027f68       0x28 Output/Release/Obj/ble_app_uart_pca10056_s140/boards.o
                0x0000000000027f68                bsp_board_led_state_get
 .text.bsp_board_led_on
                0x0000000000027f90       0x28 Output/Release/Obj/ble_app_uart_pca10056_s140/boards.o
                0x0000000000027f90                bsp_board_led_on
 .text.bsp_board_led_off
                0x0000000000027fb8       0x28 Output/Release/Obj/ble_app_uart_pca10056_s140/boards.o
                0x0000000000027fb8                bsp_board_led_off
 .text.bsp_board_leds_off
                0x0000000000027fe0       0x1e Output/Release/Obj/ble_app_uart_pca10056_s140/boards.o
                0x0000000000027fe0                bsp_board_leds_off
 .text.bsp_board_leds_on
                0x0000000000027ffe       0x1e Output/Release/Obj/ble_app_uart_pca10056_s140/boards.o
                0x0000000000027ffe                bsp_board_leds_on
 .text.bsp_board_led_invert
                0x000000000002801c       0x34 Output/Release/Obj/ble_app_uart_pca10056_s140/boards.o
                0x000000000002801c                bsp_board_led_invert
 .text.bsp_board_button_idx_to_pin
                0x0000000000028050        0xc Output/Release/Obj/ble_app_uart_pca10056_s140/boards.o
                0x0000000000028050                bsp_board_button_idx_to_pin
 .text.clock_clk_started_notify
                0x000000000002805c       0x24 Output/Release/Obj/ble_app_uart_pca10056_s140/nrf_drv_clock.o
 .text.clock_irq_handler
                0x0000000000028080       0x1c Output/Release/Obj/ble_app_uart_pca10056_s140/nrf_drv_clock.o
 .text.soc_evt_handler
                0x000000000002809c       0x14 Output/Release/Obj/ble_app_uart_pca10056_s140/nrf_drv_clock.o
 .text.nrf_drv_clock_init
                0x00000000000280b0       0x48 Output/Release/Obj/ble_app_uart_pca10056_s140/nrf_drv_clock.o
                0x00000000000280b0                nrf_drv_clock_init
 .text.nrf_drv_clock_lfclk_release
                0x00000000000280f8       0x40 Output/Release/Obj/ble_app_uart_pca10056_s140/nrf_drv_clock.o
                0x00000000000280f8                nrf_drv_clock_lfclk_release
 .text.sd_state_evt_handler
                0x0000000000028138       0x60 Output/Release/Obj/ble_app_uart_pca10056_s140/nrf_drv_clock.o
 .text.nrf_clock_event_clear
                0x0000000000028198       0x14 Output/Release/Obj/ble_app_uart_pca10056_s140/nrfx_clock.o
 .text.nrfx_clock_init
                0x00000000000281ac       0x18 Output/Release/Obj/ble_app_uart_pca10056_s140/nrfx_clock.o
                0x00000000000281ac                nrfx_clock_init
 .text.nrfx_clock_enable
                0x00000000000281c4       0x24 Output/Release/Obj/ble_app_uart_pca10056_s140/nrfx_clock.o
                0x00000000000281c4                nrfx_clock_enable
 .text.nrfx_clock_lfclk_stop
                0x00000000000281e8       0x28 Output/Release/Obj/ble_app_uart_pca10056_s140/nrfx_clock.o
                0x00000000000281e8                nrfx_clock_lfclk_stop
 .text.POWER_CLOCK_IRQHandler
                0x0000000000028210       0x58 Output/Release/Obj/ble_app_uart_pca10056_s140/nrfx_clock.o
                0x0000000000028210                POWER_CLOCK_IRQHandler
 .text.nrf_gpiote_event_clear
                0x0000000000028268       0x18 Output/Release/Obj/ble_app_uart_pca10056_s140/nrfx_gpiote.o
 .text.nrf_gpio_pin_port_decode
                0x0000000000028280       0x18 Output/Release/Obj/ble_app_uart_pca10056_s140/nrfx_gpiote.o
 .text.nrf_gpio_cfg_sense_set
                0x0000000000028298       0x2e Output/Release/Obj/ble_app_uart_pca10056_s140/nrfx_gpiote.o
 *fill*         0x00000000000282c6        0x2 
 .text.GPIOTE_IRQHandler
                0x00000000000282c8      0x180 Output/Release/Obj/ble_app_uart_pca10056_s140/nrfx_gpiote.o
                0x00000000000282c8                GPIOTE_IRQHandler
 .text.UARTE0_UART0_IRQHandler
                0x0000000000028448        0xc Output/Release/Obj/ble_app_uart_pca10056_s140/nrfx_prs.o
                0x0000000000028448                UARTE0_UART0_IRQHandler
 .text.nrf_uart_event_clear
                0x0000000000028454       0x10 Output/Release/Obj/ble_app_uart_pca10056_s140/nrfx_uart.o
 .text.tx_byte  0x0000000000028464       0x1e Output/Release/Obj/ble_app_uart_pca10056_s140/nrfx_uart.o
 *fill*         0x0000000000028482        0x2 
 .text.nrfx_uart_tx
                0x0000000000028484       0x8c Output/Release/Obj/ble_app_uart_pca10056_s140/nrfx_uart.o
                0x0000000000028484                nrfx_uart_tx
 .text.nrfx_uart_tx_in_progress
                0x0000000000028510       0x18 Output/Release/Obj/ble_app_uart_pca10056_s140/nrfx_uart.o
                0x0000000000028510                nrfx_uart_tx_in_progress
 .text.nrf_uarte_event_clear
                0x0000000000028528       0x10 Output/Release/Obj/ble_app_uart_pca10056_s140/nrfx_uarte.o
 .text.nrfx_uarte_tx
                0x0000000000028538       0x90 Output/Release/Obj/ble_app_uart_pca10056_s140/nrfx_uarte.o
                0x0000000000028538                nrfx_uarte_tx
 .text.nrfx_uarte_tx_in_progress
                0x00000000000285c8       0x18 Output/Release/Obj/ble_app_uart_pca10056_s140/nrfx_uarte.o
                0x00000000000285c8                nrfx_uarte_tx_in_progress
 .text.leds_off
                0x00000000000285e0       0x2c Output/Release/Obj/ble_app_uart_pca10056_s140/bsp.o
 .text.bsp_led_indication
                0x000000000002860c      0x204 Output/Release/Obj/ble_app_uart_pca10056_s140/bsp.o
 .text.wakeup_button_cfg.part.0
                0x0000000000028810       0x40 Output/Release/Obj/ble_app_uart_pca10056_s140/bsp.o
 .text.bsp_indication_set
                0x0000000000028850       0x18 Output/Release/Obj/ble_app_uart_pca10056_s140/bsp.o
                0x0000000000028850                bsp_indication_set
 .text.bsp_event_to_button_action_assign
                0x0000000000028868       0x4c Output/Release/Obj/ble_app_uart_pca10056_s140/bsp.o
                0x0000000000028868                bsp_event_to_button_action_assign
 .text.bsp_wakeup_button_enable
                0x00000000000288b4        0xe Output/Release/Obj/ble_app_uart_pca10056_s140/bsp.o
                0x00000000000288b4                bsp_wakeup_button_enable
 .text.advertising_buttons_configure
                0x00000000000288c2       0x36 Output/Release/Obj/ble_app_uart_pca10056_s140/bsp_btn_ble.o
 .text.ble_evt_handler
                0x00000000000288f8       0x80 Output/Release/Obj/ble_app_uart_pca10056_s140/bsp_btn_ble.o
 .text.bsp_btn_ble_sleep_mode_prepare
                0x0000000000028978       0x1e Output/Release/Obj/ble_app_uart_pca10056_s140/bsp_btn_ble.o
                0x0000000000028978                bsp_btn_ble_sleep_mode_prepare
 .text.sd_ble_gap_disconnect
                0x0000000000028996        0x4 Output/Release/Obj/ble_app_uart_pca10056_s140/main.o
 .text.sd_ble_gap_tx_power_set
                0x000000000002899a        0x4 Output/Release/Obj/ble_app_uart_pca10056_s140/main.o
 .text.sd_ble_gap_ppcp_set
                0x000000000002899e        0x4 Output/Release/Obj/ble_app_uart_pca10056_s140/main.o
 .text.sd_ble_gap_device_name_set
                0x00000000000289a2        0x4 Output/Release/Obj/ble_app_uart_pca10056_s140/main.o
 .text.sd_ble_gap_sec_params_reply
                0x00000000000289a6        0x4 Output/Release/Obj/ble_app_uart_pca10056_s140/main.o
 .text.sd_ble_gap_phy_update
                0x00000000000289aa        0x4 Output/Release/Obj/ble_app_uart_pca10056_s140/main.o
 .text.sd_ble_gatts_sys_attr_set
                0x00000000000289ae        0x4 Output/Release/Obj/ble_app_uart_pca10056_s140/main.o
 .text.sd_power_system_off
                0x00000000000289b2        0x4 Output/Release/Obj/ble_app_uart_pca10056_s140/main.o
 .text.nrf_qwr_error_handler
                0x00000000000289b6        0x4 Output/Release/Obj/ble_app_uart_pca10056_s140/main.o
 .text.sleep_mode_enter
                0x00000000000289ba       0x28 Output/Release/Obj/ble_app_uart_pca10056_s140/main.o
 *fill*         0x00000000000289e2        0x2 
 .text.ble_evt_handler
                0x00000000000289e4       0xac Output/Release/Obj/ble_app_uart_pca10056_s140/main.o
 .text.repeated_timer_handler
                0x0000000000028a90       0x48 Output/Release/Obj/ble_app_uart_pca10056_s140/main.o
 .text.gatt_evt_handler
                0x0000000000028ad8       0x28 Output/Release/Obj/ble_app_uart_pca10056_s140/main.o
                0x0000000000028ad8                gatt_evt_handler
 .text.on_conn_params_evt
                0x0000000000028b00       0x20 Output/Release/Obj/ble_app_uart_pca10056_s140/main.o
 .text.on_adv_evt
                0x0000000000028b20       0x22 Output/Release/Obj/ble_app_uart_pca10056_s140/main.o
 .text.nus_data_handler
                0x0000000000028b42       0x3a Output/Release/Obj/ble_app_uart_pca10056_s140/main.o
 .text.conn_params_error_handler
                0x0000000000028b7c        0x4 Output/Release/Obj/ble_app_uart_pca10056_s140/main.o
 .text.gatt_init
                0x0000000000028b80       0x2c Output/Release/Obj/ble_app_uart_pca10056_s140/main.o
                0x0000000000028b80                gatt_init
 .text.startup.main
                0x0000000000028bac      0x1d0 Output/Release/Obj/ble_app_uart_pca10056_s140/main.o
                0x0000000000028bac                main
 .text.sd_ble_gap_addr_get
                0x0000000000028d7c        0x4 Output/Release/Obj/ble_app_uart_pca10056_s140/ble_advdata.o
 .text.sd_ble_gap_appearance_get
                0x0000000000028d80        0x4 Output/Release/Obj/ble_app_uart_pca10056_s140/ble_advdata.o
 .text.sd_ble_gap_device_name_get
                0x0000000000028d84        0x4 Output/Release/Obj/ble_app_uart_pca10056_s140/ble_advdata.o
 .text.sd_ble_uuid_encode
                0x0000000000028d88        0x4 Output/Release/Obj/ble_app_uart_pca10056_s140/ble_advdata.o
 .text.uuid_list_sized_encode
                0x0000000000028d8c       0xac Output/Release/Obj/ble_app_uart_pca10056_s140/ble_advdata.o
 .text.uuid_list_encode
                0x0000000000028e38       0x38 Output/Release/Obj/ble_app_uart_pca10056_s140/ble_advdata.o
 .text.ble_advdata_encode
                0x0000000000028e70      0x394 Output/Release/Obj/ble_app_uart_pca10056_s140/ble_advdata.o
                0x0000000000028e70                ble_advdata_encode
 .text.ble_advdata_search
                0x0000000000029204       0x48 Output/Release/Obj/ble_app_uart_pca10056_s140/ble_advdata.o
                0x0000000000029204                ble_advdata_search
 .text.ble_advdata_parse
                0x000000000002924c       0x20 Output/Release/Obj/ble_app_uart_pca10056_s140/ble_advdata.o
                0x000000000002924c                ble_advdata_parse
 .text.sd_ble_gap_adv_set_configure
                0x000000000002926c        0x4 Output/Release/Obj/ble_app_uart_pca10056_s140/ble_advertising.o
 .text.sd_ble_gap_adv_start
                0x0000000000029270        0x4 Output/Release/Obj/ble_app_uart_pca10056_s140/ble_advertising.o
 .text.flags_set
                0x0000000000029274       0x2c Output/Release/Obj/ble_app_uart_pca10056_s140/ble_advertising.o
 .text.ble_advertising_conn_cfg_tag_set
                0x00000000000292a0        0x6 Output/Release/Obj/ble_app_uart_pca10056_s140/ble_advertising.o
                0x00000000000292a0                ble_advertising_conn_cfg_tag_set
 .text.ble_advertising_init
                0x00000000000292a6       0xee Output/Release/Obj/ble_app_uart_pca10056_s140/ble_advertising.o
                0x00000000000292a6                ble_advertising_init
 .text.ble_advertising_start
                0x0000000000029394      0x224 Output/Release/Obj/ble_app_uart_pca10056_s140/ble_advertising.o
                0x0000000000029394                ble_advertising_start
 .text.ble_advertising_on_ble_evt
                0x00000000000295b8       0x6a Output/Release/Obj/ble_app_uart_pca10056_s140/ble_advertising.o
                0x00000000000295b8                ble_advertising_on_ble_evt
 .text.sd_ble_gap_conn_param_update
                0x0000000000029622        0x4 Output/Release/Obj/ble_app_uart_pca10056_s140/ble_conn_params.o
 .text.sd_ble_gap_disconnect
                0x0000000000029626        0x4 Output/Release/Obj/ble_app_uart_pca10056_s140/ble_conn_params.o
 .text.sd_ble_gap_ppcp_set
                0x000000000002962a        0x4 Output/Release/Obj/ble_app_uart_pca10056_s140/ble_conn_params.o
 .text.sd_ble_gap_ppcp_get
                0x000000000002962e        0x4 Output/Release/Obj/ble_app_uart_pca10056_s140/ble_conn_params.o
 *fill*         0x0000000000029632        0x2 
 .text.instance_get
                0x0000000000029634       0x14 Output/Release/Obj/ble_app_uart_pca10056_s140/ble_conn_params.o
 .text.send_error_evt
                0x0000000000029648       0x10 Output/Release/Obj/ble_app_uart_pca10056_s140/ble_conn_params.o
 .text.update_timeout_handler
                0x0000000000029658       0x6c Output/Release/Obj/ble_app_uart_pca10056_s140/ble_conn_params.o
 .text.conn_params_negotiation
                0x00000000000296c4       0x48 Output/Release/Obj/ble_app_uart_pca10056_s140/ble_conn_params.o
 .text.is_conn_params_ok.constprop.0
                0x000000000002970c       0x34 Output/Release/Obj/ble_app_uart_pca10056_s140/ble_conn_params.o
 .text.ble_evt_handler
                0x0000000000029740       0xe0 Output/Release/Obj/ble_app_uart_pca10056_s140/ble_conn_params.o
 .text.ble_conn_params_init
                0x0000000000029820       0x74 Output/Release/Obj/ble_app_uart_pca10056_s140/ble_conn_params.o
                0x0000000000029820                ble_conn_params_init
 .text.flag_toggle
                0x0000000000029894        0xa Output/Release/Obj/ble_app_uart_pca10056_s140/ble_conn_state.o
 .text.conn_handle_list_get
                0x000000000002989e       0x2e Output/Release/Obj/ble_app_uart_pca10056_s140/ble_conn_state.o
                0x000000000002989e                conn_handle_list_get
 .text.ble_evt_handler
                0x00000000000298cc      0x104 Output/Release/Obj/ble_app_uart_pca10056_s140/ble_conn_state.o
 .text.ble_conn_state_valid
                0x00000000000299d0       0x14 Output/Release/Obj/ble_app_uart_pca10056_s140/ble_conn_state.o
                0x00000000000299d0                ble_conn_state_valid
 .text.ble_conn_state_conn_idx
                0x00000000000299e4       0x12 Output/Release/Obj/ble_app_uart_pca10056_s140/ble_conn_state.o
                0x00000000000299e4                ble_conn_state_conn_idx
 .text.blcm_link_ctx_get
                0x00000000000299f6       0x4e Output/Release/Obj/ble_app_uart_pca10056_s140/ble_link_ctx_manager.o
                0x00000000000299f6                blcm_link_ctx_get
 .text.sd_ble_gatts_characteristic_add
                0x0000000000029a44        0x4 Output/Release/Obj/ble_app_uart_pca10056_s140/ble_srv_common.o
 .text.set_security_req
                0x0000000000029a48       0x2a Output/Release/Obj/ble_app_uart_pca10056_s140/ble_srv_common.o
 .text.ble_srv_is_notification_enabled
                0x0000000000029a72        0x8 Output/Release/Obj/ble_app_uart_pca10056_s140/ble_srv_common.o
                0x0000000000029a72                ble_srv_is_notification_enabled
 .text.characteristic_add
                0x0000000000029a7a      0x154 Output/Release/Obj/ble_app_uart_pca10056_s140/ble_srv_common.o
                0x0000000000029a7a                characteristic_add
 .text.sd_ble_gap_data_length_update
                0x0000000000029bce        0x4 Output/Release/Obj/ble_app_uart_pca10056_s140/nrf_ble_gatt.o
 .text.sd_ble_gattc_exchange_mtu_request
                0x0000000000029bd2        0x4 Output/Release/Obj/ble_app_uart_pca10056_s140/nrf_ble_gatt.o
 .text.sd_ble_gatts_exchange_mtu_reply
                0x0000000000029bd6        0x4 Output/Release/Obj/ble_app_uart_pca10056_s140/nrf_ble_gatt.o
 .text.data_length_update
                0x0000000000029bda       0x22 Output/Release/Obj/ble_app_uart_pca10056_s140/nrf_ble_gatt.o
 .text.nrf_ble_gatt_init
                0x0000000000029bfc       0x28 Output/Release/Obj/ble_app_uart_pca10056_s140/nrf_ble_gatt.o
                0x0000000000029bfc                nrf_ble_gatt_init
 .text.nrf_ble_gatt_att_mtu_periph_set
                0x0000000000029c24       0x18 Output/Release/Obj/ble_app_uart_pca10056_s140/nrf_ble_gatt.o
                0x0000000000029c24                nrf_ble_gatt_att_mtu_periph_set
 .text.nrf_ble_gatt_on_ble_evt
                0x0000000000029c3c      0x124 Output/Release/Obj/ble_app_uart_pca10056_s140/nrf_ble_gatt.o
                0x0000000000029c3c                nrf_ble_gatt_on_ble_evt
 .text.sd_ble_gatts_rw_authorize_reply
                0x0000000000029d60        0x4 Output/Release/Obj/ble_app_uart_pca10056_s140/nrf_ble_qwr.o
 .text.sd_ble_user_mem_reply
                0x0000000000029d64        0x4 Output/Release/Obj/ble_app_uart_pca10056_s140/nrf_ble_qwr.o
 .text.user_mem_reply.part.0
                0x0000000000029d68       0x24 Output/Release/Obj/ble_app_uart_pca10056_s140/nrf_ble_qwr.o
 .text.nrf_ble_qwr_init
                0x0000000000029d8c       0x24 Output/Release/Obj/ble_app_uart_pca10056_s140/nrf_ble_qwr.o
                0x0000000000029d8c                nrf_ble_qwr_init
 .text.nrf_ble_qwr_conn_handle_assign
                0x0000000000029db0       0x16 Output/Release/Obj/ble_app_uart_pca10056_s140/nrf_ble_qwr.o
                0x0000000000029db0                nrf_ble_qwr_conn_handle_assign
 .text.nrf_ble_qwr_on_ble_evt
                0x0000000000029dc6       0xa0 Output/Release/Obj/ble_app_uart_pca10056_s140/nrf_ble_qwr.o
                0x0000000000029dc6                nrf_ble_qwr_on_ble_evt
 .text.sd_ble_gatts_service_add
                0x0000000000029e66        0x4 Output/Release/Obj/ble_app_uart_pca10056_s140/ble_nus.o
 .text.sd_ble_gatts_value_get
                0x0000000000029e6a        0x4 Output/Release/Obj/ble_app_uart_pca10056_s140/ble_nus.o
 .text.sd_ble_gatts_hvx
                0x0000000000029e6e        0x4 Output/Release/Obj/ble_app_uart_pca10056_s140/ble_nus.o
 .text.sd_ble_uuid_vs_add
                0x0000000000029e72        0x4 Output/Release/Obj/ble_app_uart_pca10056_s140/ble_nus.o
 .text.ble_nus_on_ble_evt
                0x0000000000029e76      0x138 Output/Release/Obj/ble_app_uart_pca10056_s140/ble_nus.o
                0x0000000000029e76                ble_nus_on_ble_evt
 *fill*         0x0000000000029fae        0x2 
 .text.ble_nus_init
                0x0000000000029fb0       0xf4 Output/Release/Obj/ble_app_uart_pca10056_s140/ble_nus.o
                0x0000000000029fb0                ble_nus_init
 .text.ble_nus_data_send
                0x000000000002a0a4       0x66 Output/Release/Obj/ble_app_uart_pca10056_s140/ble_nus.o
                0x000000000002a0a4                ble_nus_data_send
 .text.sd_softdevice_enable
                0x000000000002a10a        0x4 Output/Release/Obj/ble_app_uart_pca10056_s140/nrf_sdh.o
 *fill*         0x000000000002a10e        0x2 
 .text.sdh_request_observer_notify
                0x000000000002a110       0x30 Output/Release/Obj/ble_app_uart_pca10056_s140/nrf_sdh.o
 .text.sdh_state_observer_notify
                0x000000000002a140       0x28 Output/Release/Obj/ble_app_uart_pca10056_s140/nrf_sdh.o
 .text.softdevices_evt_irq_enable
                0x000000000002a168       0x38 Output/Release/Obj/ble_app_uart_pca10056_s140/nrf_sdh.o
 .text.nrf_sdh_enable_request
                0x000000000002a1a0       0x7c Output/Release/Obj/ble_app_uart_pca10056_s140/nrf_sdh.o
                0x000000000002a1a0                nrf_sdh_enable_request
 .text.nrf_sdh_is_enabled
                0x000000000002a21c        0xc Output/Release/Obj/ble_app_uart_pca10056_s140/nrf_sdh.o
                0x000000000002a21c                nrf_sdh_is_enabled
 .text.nrf_sdh_evts_poll
                0x000000000002a228       0x28 Output/Release/Obj/ble_app_uart_pca10056_s140/nrf_sdh.o
                0x000000000002a228                nrf_sdh_evts_poll
 .text.SWI2_EGU2_IRQHandler
                0x000000000002a250        0x4 Output/Release/Obj/ble_app_uart_pca10056_s140/nrf_sdh.o
                0x000000000002a250                SWI2_EGU2_IRQHandler
 .text.sd_ble_enable
                0x000000000002a254        0x4 Output/Release/Obj/ble_app_uart_pca10056_s140/nrf_sdh_ble.o
 .text.sd_ble_cfg_set
                0x000000000002a258        0x4 Output/Release/Obj/ble_app_uart_pca10056_s140/nrf_sdh_ble.o
 .text.sd_ble_evt_get
                0x000000000002a25c        0x4 Output/Release/Obj/ble_app_uart_pca10056_s140/nrf_sdh_ble.o
 .text.nrf_sdh_ble_evts_poll.part.0
                0x000000000002a260       0x4c Output/Release/Obj/ble_app_uart_pca10056_s140/nrf_sdh_ble.o
 .text.nrf_sdh_ble_evts_poll
                0x000000000002a2ac       0x10 Output/Release/Obj/ble_app_uart_pca10056_s140/nrf_sdh_ble.o
 .text.nrf_sdh_ble_default_cfg_set
                0x000000000002a2bc       0xd0 Output/Release/Obj/ble_app_uart_pca10056_s140/nrf_sdh_ble.o
                0x000000000002a2bc                nrf_sdh_ble_default_cfg_set
 .text.nrf_sdh_ble_enable
                0x000000000002a38c       0x14 Output/Release/Obj/ble_app_uart_pca10056_s140/nrf_sdh_ble.o
                0x000000000002a38c                nrf_sdh_ble_enable
 .text.sd_evt_get
                0x000000000002a3a0        0x4 Output/Release/Obj/ble_app_uart_pca10056_s140/nrf_sdh_soc.o
 .text.nrf_sdh_soc_evts_poll
                0x000000000002a3a4       0x3c Output/Release/Obj/ble_app_uart_pca10056_s140/nrf_sdh_soc.o
 .text.libc.__int64_udivmod
                0x000000000002a3e0       0xce /opt/lib/libc_v7em_fpv4_sp_d16_hard_t_le_eabi.a(libc_asm.o)
                0x000000000002a3e0                __int64_udivmod
                0x000000000002a3e0                __aeabi_uldivmod
                0x000000000002a3e0                __int64_udiv
                0x000000000002a3e0                __udivdi3
 .text.libc.__putc
                0x000000000002a4ae       0x34 /opt/lib/libc_v7em_fpv4_sp_d16_hard_t_le_eabi.a(libc2.o)
                0x000000000002a4ae                __putc
 .text.libc.__RAL_print_padding
                0x000000000002a4e2       0x1c /opt/lib/libc_v7em_fpv4_sp_d16_hard_t_le_eabi.a(libc2.o)
                0x000000000002a4e2                __RAL_print_padding
 .text.libc.__RAL_pre_padding
                0x000000000002a4fe       0x1a /opt/lib/libc_v7em_fpv4_sp_d16_hard_t_le_eabi.a(libc2.o)
                0x000000000002a4fe                __RAL_pre_padding
 .text.libc.sprintf
                0x000000000002a518       0x2a /opt/lib/libc_v7em_fpv4_sp_d16_hard_t_le_eabi.a(libc2.o)
                0x000000000002a518                sprintf
 .text.libc.strnlen
                0x000000000002a542       0x22 /opt/lib/libc_v7em_fpv4_sp_d16_hard_t_le_eabi.a(libc2.o)
                0x000000000002a542                strnlen
 .text.libc.memcpy
                0x000000000002a564       0x52 /opt/lib/libc_v7em_fpv4_sp_d16_hard_t_le_eabi.a(libc2_asm.o)
                0x000000000002a564                memcpy
                0x000000000002a564                __aeabi_memcpy
                0x000000000002a570                __aeabi_memcpy4
                0x000000000002a570                __aeabi_memcpy8
 .text.libc.memset
                0x000000000002a5b6       0x66 /opt/lib/libc_v7em_fpv4_sp_d16_hard_t_le_eabi.a(libc2_asm.o)
                0x000000000002a5b6                memset
 .text.libc.strlen
                0x000000000002a61c       0x60 /opt/lib/libc_v7em_fpv4_sp_d16_hard_t_le_eabi.a(libc2_asm.o)
                0x000000000002a61c                strlen
 .text.libc.__vfprintf_long
                0x000000000002a67c      0x634 /opt/lib/libc_v7em_fpv4_sp_d16_hard_t_le_eabi.a(libvfprintf.o)
                0x000000000002a67c                __vfprintf_long
                0x000000000002acb0                __text_end__ = (__text_start__ + SIZEOF (.text))
                0x00000000000038e0                __text_size__ = SIZEOF (.text)
                0x000000000002acb0                __text_load_end__ = __text_end__

.vfp11_veneer   0x0000000100000000        0x0
 .vfp11_veneer  0x0000000100000000        0x0 linker stubs

.v4_bx          0x0000000100000000        0x0
 .v4_bx         0x0000000100000000        0x0 linker stubs

.iplt           0x0000000100000000        0x0
 .iplt          0x0000000100000000        0x0 Output/Release/Obj/ble_app_uart_pca10056_s140/thumb_crt0.o
                0x0000000000000001                . = ASSERT (((__text_start__ == __text_end__) || ((__text_end__ - __FLASH_segment_start__) <= __FLASH_segment_size__)), error: .text is too large to fit in FLASH memory segment)
                0x000000000002acb0                __sdh_soc_observers_load_start__ = ALIGN (__text_end__, 0x4)

.sdh_soc_observers
                0x000000000002acb0        0x8
                0x000000000002acb0                __sdh_soc_observers_start__ = .
                0x000000000002acb0                __start_sdh_soc_observers = __sdh_soc_observers_start__
 *(SORT_BY_NAME(.sdh_soc_observers*))
 .sdh_soc_observers0
                0x000000000002acb0        0x8 Output/Release/Obj/ble_app_uart_pca10056_s140/nrf_drv_clock.o
                0x000000000002acb8                __sdh_soc_observers_end__ = (__sdh_soc_observers_start__ + SIZEOF (.sdh_soc_observers))
                0x0000000000000008                __sdh_soc_observers_size__ = SIZEOF (.sdh_soc_observers)
                0x000000000002acb8                __stop_sdh_soc_observers = __sdh_soc_observers_end__
                0x000000000002acb8                __sdh_soc_observers_load_end__ = __sdh_soc_observers_end__
                0x0000000000000001                . = ASSERT (((__sdh_soc_observers_start__ == __sdh_soc_observers_end__) || ((__sdh_soc_observers_end__ - __FLASH_segment_start__) <= __FLASH_segment_size__)), error: .sdh_soc_observers is too large to fit in FLASH memory segment)
                0x000000000002acb8                __sdh_ble_observers_load_start__ = ALIGN (__sdh_soc_observers_end__, 0x4)

.sdh_ble_observers
                0x000000000002acb8       0x40
                0x000000000002acb8                __sdh_ble_observers_start__ = .
                0x000000000002acb8                __start_sdh_ble_observers = __sdh_ble_observers_start__
 *(SORT_BY_NAME(.sdh_ble_observers*))
 .sdh_ble_observers0
                0x000000000002acb8        0x8 Output/Release/Obj/ble_app_uart_pca10056_s140/ble_conn_state.o
 .sdh_ble_observers1
                0x000000000002acc0        0x8 Output/Release/Obj/ble_app_uart_pca10056_s140/bsp_btn_ble.o
 .sdh_ble_observers1
                0x000000000002acc8       0x10 Output/Release/Obj/ble_app_uart_pca10056_s140/main.o
 .sdh_ble_observers1
                0x000000000002acd8        0x8 Output/Release/Obj/ble_app_uart_pca10056_s140/ble_conn_params.o
 .sdh_ble_observers2
                0x000000000002ace0       0x10 Output/Release/Obj/ble_app_uart_pca10056_s140/main.o
 .sdh_ble_observers3
                0x000000000002acf0        0x8 Output/Release/Obj/ble_app_uart_pca10056_s140/main.o
                0x000000000002acf8                __sdh_ble_observers_end__ = (__sdh_ble_observers_start__ + SIZEOF (.sdh_ble_observers))
                0x0000000000000040                __sdh_ble_observers_size__ = SIZEOF (.sdh_ble_observers)
                0x000000000002acf8                __stop_sdh_ble_observers = __sdh_ble_observers_end__
                0x000000000002acf8                __sdh_ble_observers_load_end__ = __sdh_ble_observers_end__
                0x0000000000000001                . = ASSERT (((__sdh_ble_observers_start__ == __sdh_ble_observers_end__) || ((__sdh_ble_observers_end__ - __FLASH_segment_start__) <= __FLASH_segment_size__)), error: .sdh_ble_observers is too large to fit in FLASH memory segment)
                0x000000000002acf8                __pwr_mgmt_data_load_start__ = ALIGN (__sdh_ble_observers_end__, 0x4)

.pwr_mgmt_data  0x000000000002acf8        0x0
                0x000000000002acf8                __pwr_mgmt_data_start__ = .
                0x000000000002acf8                __start_pwr_mgmt_data = __pwr_mgmt_data_start__
 *(SORT_BY_NAME(.pwr_mgmt_data*))
                0x000000000002acf8                __pwr_mgmt_data_end__ = (__pwr_mgmt_data_start__ + SIZEOF (.pwr_mgmt_data))
                0x0000000000000000                __pwr_mgmt_data_size__ = SIZEOF (.pwr_mgmt_data)
                0x000000000002acf8                __stop_pwr_mgmt_data = __pwr_mgmt_data_end__
                0x000000000002acf8                __pwr_mgmt_data_load_end__ = __pwr_mgmt_data_end__
                0x0000000000000001                . = ASSERT (((__pwr_mgmt_data_start__ == __pwr_mgmt_data_end__) || ((__pwr_mgmt_data_end__ - __FLASH_segment_start__) <= __FLASH_segment_size__)), error: .pwr_mgmt_data is too large to fit in FLASH memory segment)
                0x000000000002acf8                __sdh_req_observers_load_start__ = ALIGN (__pwr_mgmt_data_end__, 0x4)

.sdh_req_observers
                0x000000000002acf8        0x0
                0x000000000002acf8                __sdh_req_observers_start__ = .
                0x000000000002acf8                __start_sdh_req_observers = __sdh_req_observers_start__
 *(SORT_BY_NAME(.sdh_req_observers*))
                0x000000000002acf8                __sdh_req_observers_end__ = (__sdh_req_observers_start__ + SIZEOF (.sdh_req_observers))
                0x0000000000000000                __sdh_req_observers_size__ = SIZEOF (.sdh_req_observers)
                0x000000000002acf8                __stop_sdh_req_observers = __sdh_req_observers_end__
                0x000000000002acf8                __sdh_req_observers_load_end__ = __sdh_req_observers_end__
                0x0000000000000001                . = ASSERT (((__sdh_req_observers_start__ == __sdh_req_observers_end__) || ((__sdh_req_observers_end__ - __FLASH_segment_start__) <= __FLASH_segment_size__)), error: .sdh_req_observers is too large to fit in FLASH memory segment)
                0x000000000002acf8                __sdh_state_observers_load_start__ = ALIGN (__sdh_req_observers_end__, 0x4)

.sdh_state_observers
                0x000000000002acf8        0x8
                0x000000000002acf8                __sdh_state_observers_start__ = .
                0x000000000002acf8                __start_sdh_state_observers = __sdh_state_observers_start__
 *(SORT_BY_NAME(.sdh_state_observers*))
 .sdh_state_observers0
                0x000000000002acf8        0x8 Output/Release/Obj/ble_app_uart_pca10056_s140/nrf_drv_clock.o
                0x000000000002ad00                __sdh_state_observers_end__ = (__sdh_state_observers_start__ + SIZEOF (.sdh_state_observers))
                0x0000000000000008                __sdh_state_observers_size__ = SIZEOF (.sdh_state_observers)
                0x000000000002ad00                __stop_sdh_state_observers = __sdh_state_observers_end__
                0x000000000002ad00                __sdh_state_observers_load_end__ = __sdh_state_observers_end__
                0x0000000000000001                . = ASSERT (((__sdh_state_observers_start__ == __sdh_state_observers_end__) || ((__sdh_state_observers_end__ - __FLASH_segment_start__) <= __FLASH_segment_size__)), error: .sdh_state_observers is too large to fit in FLASH memory segment)
                0x000000000002ad00                __sdh_stack_observers_load_start__ = ALIGN (__sdh_state_observers_end__, 0x4)

.sdh_stack_observers
                0x000000000002ad00       0x10
                0x000000000002ad00                __sdh_stack_observers_start__ = .
                0x000000000002ad00                __start_sdh_stack_observers = __sdh_stack_observers_start__
 *(SORT_BY_NAME(.sdh_stack_observers*))
 .sdh_stack_observers0
                0x000000000002ad00        0x8 Output/Release/Obj/ble_app_uart_pca10056_s140/nrf_sdh_ble.o
 .sdh_stack_observers0
                0x000000000002ad08        0x8 Output/Release/Obj/ble_app_uart_pca10056_s140/nrf_sdh_soc.o
                0x000000000002ad10                __sdh_stack_observers_end__ = (__sdh_stack_observers_start__ + SIZEOF (.sdh_stack_observers))
                0x0000000000000010                __sdh_stack_observers_size__ = SIZEOF (.sdh_stack_observers)
                0x000000000002ad10                __stop_sdh_stack_observers = __sdh_stack_observers_end__
                0x000000000002ad10                __sdh_stack_observers_load_end__ = __sdh_stack_observers_end__
                0x0000000000000001                . = ASSERT (((__sdh_stack_observers_start__ == __sdh_stack_observers_end__) || ((__sdh_stack_observers_end__ - __FLASH_segment_start__) <= __FLASH_segment_size__)), error: .sdh_stack_observers is too large to fit in FLASH memory segment)
                0x000000000002ad10                __nrf_queue_load_start__ = ALIGN (__sdh_stack_observers_end__, 0x4)

.nrf_queue      0x000000000002ad10        0x0
                0x000000000002ad10                __nrf_queue_start__ = .
                0x000000000002ad10                __start_nrf_queue = __nrf_queue_start__
 *(.nrf_queue*)
                0x000000000002ad10                __nrf_queue_end__ = (__nrf_queue_start__ + SIZEOF (.nrf_queue))
                0x0000000000000000                __nrf_queue_size__ = SIZEOF (.nrf_queue)
                0x000000000002ad10                __stop_nrf_queue = __nrf_queue_end__
                0x000000000002ad10                __nrf_queue_load_end__ = __nrf_queue_end__
                0x0000000000000001                . = ASSERT (((__nrf_queue_start__ == __nrf_queue_end__) || ((__nrf_queue_end__ - __FLASH_segment_start__) <= __FLASH_segment_size__)), error: .nrf_queue is too large to fit in FLASH memory segment)
                0x000000000002ad10                __nrf_balloc_load_start__ = ALIGN (__nrf_queue_end__, 0x4)

.nrf_balloc     0x000000000002ad10        0x0
                0x000000000002ad10                __nrf_balloc_start__ = .
                0x000000000002ad10                __start_nrf_balloc = __nrf_balloc_start__
 *(.nrf_balloc*)
                0x000000000002ad10                __nrf_balloc_end__ = (__nrf_balloc_start__ + SIZEOF (.nrf_balloc))
                0x0000000000000000                __nrf_balloc_size__ = SIZEOF (.nrf_balloc)
                0x000000000002ad10                __stop_nrf_balloc = __nrf_balloc_end__
                0x000000000002ad10                __nrf_balloc_load_end__ = __nrf_balloc_end__
                0x0000000000000001                . = ASSERT (((__nrf_balloc_start__ == __nrf_balloc_end__) || ((__nrf_balloc_end__ - __FLASH_segment_start__) <= __FLASH_segment_size__)), error: .nrf_balloc is too large to fit in FLASH memory segment)
                0x000000000002ad10                __cli_command_load_start__ = ALIGN (__nrf_balloc_end__, 0x4)

.cli_command    0x000000000002ad10        0x0
                0x000000000002ad10                __cli_command_start__ = .
                0x000000000002ad10                __start_cli_command = __cli_command_start__
 *(.cli_command*)
                0x000000000002ad10                __cli_command_end__ = (__cli_command_start__ + SIZEOF (.cli_command))
                0x0000000000000000                __cli_command_size__ = SIZEOF (.cli_command)
                0x000000000002ad10                __stop_cli_command = __cli_command_end__
                0x000000000002ad10                __cli_command_load_end__ = __cli_command_end__
                0x0000000000000001                . = ASSERT (((__cli_command_start__ == __cli_command_end__) || ((__cli_command_end__ - __FLASH_segment_start__) <= __FLASH_segment_size__)), error: .cli_command is too large to fit in FLASH memory segment)
                0x000000000002ad10                __crypto_data_load_start__ = ALIGN (__cli_command_end__, 0x4)

.crypto_data    0x000000000002ad10        0x0
                0x000000000002ad10                __crypto_data_start__ = .
                0x000000000002ad10                __start_crypto_data = __crypto_data_start__
 *(SORT_BY_NAME(.crypto_data*))
                0x000000000002ad10                __crypto_data_end__ = (__crypto_data_start__ + SIZEOF (.crypto_data))
                0x0000000000000000                __crypto_data_size__ = SIZEOF (.crypto_data)
                0x000000000002ad10                __stop_crypto_data = __crypto_data_end__
                0x000000000002ad10                __crypto_data_load_end__ = __crypto_data_end__
                0x0000000000000001                . = ASSERT (((__crypto_data_start__ == __crypto_data_end__) || ((__crypto_data_end__ - __FLASH_segment_start__) <= __FLASH_segment_size__)), error: .crypto_data is too large to fit in FLASH memory segment)
                0x000000000002ad10                __log_const_data_load_start__ = ALIGN (__crypto_data_end__, 0x4)

.log_const_data
                0x000000000002ad10        0x0
                0x000000000002ad10                __log_const_data_start__ = .
                0x000000000002ad10                __start_log_const_data = __log_const_data_start__
 *(SORT_BY_NAME(.log_const_data*))
                0x000000000002ad10                __log_const_data_end__ = (__log_const_data_start__ + SIZEOF (.log_const_data))
                0x0000000000000000                __log_const_data_size__ = SIZEOF (.log_const_data)
                0x000000000002ad10                __stop_log_const_data = __log_const_data_end__
                0x000000000002ad10                __log_const_data_load_end__ = __log_const_data_end__
                0x0000000000000001                . = ASSERT (((__log_const_data_start__ == __log_const_data_end__) || ((__log_const_data_end__ - __FLASH_segment_start__) <= __FLASH_segment_size__)), error: .log_const_data is too large to fit in FLASH memory segment)
                0x000000000002ad10                __log_backends_load_start__ = ALIGN (__log_const_data_end__, 0x4)

.log_backends   0x000000000002ad10        0x0
                0x000000000002ad10                __log_backends_start__ = .
                0x000000000002ad10                __start_log_backends = __log_backends_start__
 *(SORT_BY_NAME(.log_backends*))
                0x000000000002ad10                __log_backends_end__ = (__log_backends_start__ + SIZEOF (.log_backends))
                0x0000000000000000                __log_backends_size__ = SIZEOF (.log_backends)
                0x000000000002ad10                __stop_log_backends = __log_backends_end__
                0x000000000002ad10                __log_backends_load_end__ = __log_backends_end__
                0x0000000000000001                . = ASSERT (((__log_backends_start__ == __log_backends_end__) || ((__log_backends_end__ - __FLASH_segment_start__) <= __FLASH_segment_size__)), error: .log_backends is too large to fit in FLASH memory segment)
                0x000000000002ad10                __nrf_sections_load_start__ = ALIGN (__log_backends_end__, 0x4)

.nrf_sections   0x000000000002ad10        0x0
                0x000000000002ad10                __nrf_sections_start__ = .
                0x000000000002ad10                __start_nrf_sections = __nrf_sections_start__
 *(.nrf_sections .nrf_sections.*)
                0x000000000002ad10                __nrf_sections_end__ = (__nrf_sections_start__ + SIZEOF (.nrf_sections))
                0x0000000000000000                __nrf_sections_size__ = SIZEOF (.nrf_sections)
                0x000000000002ad10                __nrf_sections_load_end__ = __nrf_sections_end__
                0x0000000000000001                . = ASSERT (((__nrf_sections_start__ == __nrf_sections_end__) || ((__nrf_sections_end__ - __FLASH_segment_start__) <= __FLASH_segment_size__)), error: .nrf_sections is too large to fit in FLASH memory segment)
                0x000000000002ad10                __cli_sorted_cmd_ptrs_load_start__ = ALIGN (__nrf_sections_end__, 0x4)

.cli_sorted_cmd_ptrs
                0x0000000020002ae8        0x0 load address 0x000000000002ad10
                0x0000000020002ae8                __cli_sorted_cmd_ptrs_start__ = .
 *(.cli_sorted_cmd_ptrs*)
                0x0000000020002ae8                __cli_sorted_cmd_ptrs_end__ = (__cli_sorted_cmd_ptrs_start__ + SIZEOF (.cli_sorted_cmd_ptrs))
                0x0000000000000000                __cli_sorted_cmd_ptrs_size__ = SIZEOF (.cli_sorted_cmd_ptrs)
                0x000000000002ad10                __cli_sorted_cmd_ptrs_load_end__ = (__cli_sorted_cmd_ptrs_load_start__ + SIZEOF (.cli_sorted_cmd_ptrs))
                0x0000000000000001                . = ASSERT (((__cli_sorted_cmd_ptrs_load_start__ == __cli_sorted_cmd_ptrs_load_end__) || ((__cli_sorted_cmd_ptrs_load_end__ - __FLASH_segment_start__) <= __FLASH_segment_size__)), error: .cli_sorted_cmd_ptrs is too large to fit in FLASH memory segment)

.cli_sorted_cmd_ptrs_run
                0x0000000020002ae8        0x0
                0x0000000020002ae8                __cli_sorted_cmd_ptrs_run_start__ = .
                0x0000000020002ae8                __start_cli_sorted_cmd_ptrs = __cli_sorted_cmd_ptrs_run_start__
                0x0000000020002ae8                . = MAX ((__cli_sorted_cmd_ptrs_run_start__ + SIZEOF (.cli_sorted_cmd_ptrs)), .)
                0x0000000020002ae8                __cli_sorted_cmd_ptrs_run_end__ = (__cli_sorted_cmd_ptrs_run_start__ + SIZEOF (.cli_sorted_cmd_ptrs_run))
                0x0000000000000000                __cli_sorted_cmd_ptrs_run_size__ = SIZEOF (.cli_sorted_cmd_ptrs_run)
                0x0000000020002ae8                __stop_cli_sorted_cmd_ptrs = __cli_sorted_cmd_ptrs_run_end__
                0x0000000020002ae8                __cli_sorted_cmd_ptrs_run_load_end__ = __cli_sorted_cmd_ptrs_run_end__
                0x0000000000000001                . = ASSERT (((__cli_sorted_cmd_ptrs_run_start__ == __cli_sorted_cmd_ptrs_run_end__) || ((__cli_sorted_cmd_ptrs_run_end__ - __RAM1_segment_start__) <= __RAM1_segment_size__)), error: .cli_sorted_cmd_ptrs_run is too large to fit in RAM1 memory segment)
                0x000000000002ad10                __fs_data_load_start__ = ALIGN ((__cli_sorted_cmd_ptrs_load_start__ + SIZEOF (.cli_sorted_cmd_ptrs)), 0x4)

.fs_data        0x0000000020002ae8        0x0 load address 0x000000000002ad10
                0x0000000020002ae8                __fs_data_start__ = .
 *(.fs_data*)
                0x0000000020002ae8                __fs_data_end__ = (__fs_data_start__ + SIZEOF (.fs_data))
                0x0000000000000000                __fs_data_size__ = SIZEOF (.fs_data)
                0x000000000002ad10                __fs_data_load_end__ = (__fs_data_load_start__ + SIZEOF (.fs_data))
                0x0000000000000001                . = ASSERT (((__fs_data_load_start__ == __fs_data_load_end__) || ((__fs_data_load_end__ - __FLASH_segment_start__) <= __FLASH_segment_size__)), error: .fs_data is too large to fit in FLASH memory segment)

.fs_data_run    0x0000000020002ae8        0x0
                0x0000000020002ae8                __fs_data_run_start__ = .
                0x0000000020002ae8                __start_fs_data = __fs_data_run_start__
                0x0000000020002ae8                . = MAX ((__fs_data_run_start__ + SIZEOF (.fs_data)), .)
                0x0000000020002ae8                __fs_data_run_end__ = (__fs_data_run_start__ + SIZEOF (.fs_data_run))
                0x0000000000000000                __fs_data_run_size__ = SIZEOF (.fs_data_run)
                0x0000000020002ae8                __stop_fs_data = __fs_data_run_end__
                0x0000000020002ae8                __fs_data_run_load_end__ = __fs_data_run_end__
                0x0000000000000001                . = ASSERT (((__fs_data_run_start__ == __fs_data_run_end__) || ((__fs_data_run_end__ - __RAM1_segment_start__) <= __RAM1_segment_size__)), error: .fs_data_run is too large to fit in RAM1 memory segment)
                0x000000000002ad10                __log_dynamic_data_load_start__ = ALIGN ((__fs_data_load_start__ + SIZEOF (.fs_data)), 0x4)

.log_dynamic_data
                0x0000000020002ae8        0x0 load address 0x000000000002ad10
                0x0000000020002ae8                __log_dynamic_data_start__ = .
 *(SORT_BY_NAME(.log_dynamic_data*))
                0x0000000020002ae8                __log_dynamic_data_end__ = (__log_dynamic_data_start__ + SIZEOF (.log_dynamic_data))
                0x0000000000000000                __log_dynamic_data_size__ = SIZEOF (.log_dynamic_data)
                0x000000000002ad10                __log_dynamic_data_load_end__ = (__log_dynamic_data_load_start__ + SIZEOF (.log_dynamic_data))
                0x0000000000000001                . = ASSERT (((__log_dynamic_data_load_start__ == __log_dynamic_data_load_end__) || ((__log_dynamic_data_load_end__ - __FLASH_segment_start__) <= __FLASH_segment_size__)), error: .log_dynamic_data is too large to fit in FLASH memory segment)

.log_dynamic_data_run
                0x0000000020002ae8        0x0
                0x0000000020002ae8                __log_dynamic_data_run_start__ = .
                0x0000000020002ae8                __start_log_dynamic_data = __log_dynamic_data_run_start__
                0x0000000020002ae8                . = MAX ((__log_dynamic_data_run_start__ + SIZEOF (.log_dynamic_data)), .)
                0x0000000020002ae8                __log_dynamic_data_run_end__ = (__log_dynamic_data_run_start__ + SIZEOF (.log_dynamic_data_run))
                0x0000000000000000                __log_dynamic_data_run_size__ = SIZEOF (.log_dynamic_data_run)
                0x0000000020002ae8                __stop_log_dynamic_data = __log_dynamic_data_run_end__
                0x0000000020002ae8                __log_dynamic_data_run_load_end__ = __log_dynamic_data_run_end__
                0x0000000000000001                . = ASSERT (((__log_dynamic_data_run_start__ == __log_dynamic_data_run_end__) || ((__log_dynamic_data_run_end__ - __RAM1_segment_start__) <= __RAM1_segment_size__)), error: .log_dynamic_data_run is too large to fit in RAM1 memory segment)
                0x000000000002ad10                __log_filter_data_load_start__ = ALIGN ((__log_dynamic_data_load_start__ + SIZEOF (.log_dynamic_data)), 0x4)

.log_filter_data
                0x0000000020002ae8        0x0 load address 0x000000000002ad10
                0x0000000020002ae8                __log_filter_data_start__ = .
 *(SORT_BY_NAME(.log_filter_data*))
                0x0000000020002ae8                __log_filter_data_end__ = (__log_filter_data_start__ + SIZEOF (.log_filter_data))
                0x0000000000000000                __log_filter_data_size__ = SIZEOF (.log_filter_data)
                0x000000000002ad10                __log_filter_data_load_end__ = (__log_filter_data_load_start__ + SIZEOF (.log_filter_data))
                0x0000000000000001                . = ASSERT (((__log_filter_data_load_start__ == __log_filter_data_load_end__) || ((__log_filter_data_load_end__ - __FLASH_segment_start__) <= __FLASH_segment_size__)), error: .log_filter_data is too large to fit in FLASH memory segment)

.log_filter_data_run
                0x0000000020002ae8        0x0
                0x0000000020002ae8                __log_filter_data_run_start__ = .
                0x0000000020002ae8                __start_log_filter_data = __log_filter_data_run_start__
                0x0000000020002ae8                . = MAX ((__log_filter_data_run_start__ + SIZEOF (.log_filter_data)), .)
                0x0000000020002ae8                __log_filter_data_run_end__ = (__log_filter_data_run_start__ + SIZEOF (.log_filter_data_run))
                0x0000000000000000                __log_filter_data_run_size__ = SIZEOF (.log_filter_data_run)
                0x0000000020002ae8                __stop_log_filter_data = __log_filter_data_run_end__
                0x0000000020002ae8                __log_filter_data_run_load_end__ = __log_filter_data_run_end__
                0x0000000000000001                . = ASSERT (((__log_filter_data_run_start__ == __log_filter_data_run_end__) || ((__log_filter_data_run_end__ - __RAM1_segment_start__) <= __RAM1_segment_size__)), error: .log_filter_data_run is too large to fit in RAM1 memory segment)
                0x0000000020002ae8                __nrf_sections_run_end_load_start__ = ALIGN (__log_filter_data_run_end__, 0x4)

.nrf_sections_run_end
                0x0000000020002ae8        0x0
                0x0000000020002ae8                __nrf_sections_run_end_start__ = .
                0x0000000020002ae8                __end_nrf_sections_run = __nrf_sections_run_end_start__
 *(.nrf_sections_run_end .nrf_sections_run_end.*)
                0x0000000020002ae8                __nrf_sections_run_end_end__ = (__nrf_sections_run_end_start__ + SIZEOF (.nrf_sections_run_end))
                0x0000000000000000                __nrf_sections_run_end_size__ = SIZEOF (.nrf_sections_run_end)
                0x0000000020002ae8                __nrf_sections_run_end_load_end__ = __nrf_sections_run_end_end__
                0x0000000000000001                . = ASSERT (((__nrf_sections_run_end_start__ == __nrf_sections_run_end_end__) || ((__nrf_sections_run_end_end__ - __RAM1_segment_start__) <= __RAM1_segment_size__)), error: .nrf_sections_run_end is too large to fit in RAM1 memory segment)
                0x000000000002ad10                __dtors_load_start__ = ALIGN ((__log_filter_data_load_start__ + SIZEOF (.log_filter_data)), 0x4)

.dtors          0x000000000002ad10        0x0
                0x000000000002ad10                __dtors_start__ = .
 *(SORT_BY_NAME(.dtors.*))
 *(.dtors)
 *(.fini_array)
 *(SORT_BY_NAME(.fini_array.*))
                0x000000000002ad10                __dtors_end__ = (__dtors_start__ + SIZEOF (.dtors))
                0x0000000000000000                __dtors_size__ = SIZEOF (.dtors)
                0x000000000002ad10                __dtors_load_end__ = __dtors_end__
                0x0000000000000001                . = ASSERT (((__dtors_start__ == __dtors_end__) || ((__dtors_end__ - __FLASH_segment_start__) <= __FLASH_segment_size__)), error: .dtors is too large to fit in FLASH memory segment)
                0x000000000002ad10                __ctors_load_start__ = ALIGN (__dtors_end__, 0x4)

.ctors          0x000000000002ad10        0x0
                0x000000000002ad10                __ctors_start__ = .
 *(SORT_BY_NAME(.ctors.*))
 *(.ctors)
 *(.init_array)
 *(SORT_BY_NAME(.init_array.*))
                0x000000000002ad10                __ctors_end__ = (__ctors_start__ + SIZEOF (.ctors))
                0x0000000000000000                __ctors_size__ = SIZEOF (.ctors)
                0x000000000002ad10                __ctors_load_end__ = __ctors_end__
                0x0000000000000001                . = ASSERT (((__ctors_start__ == __ctors_end__) || ((__ctors_end__ - __FLASH_segment_start__) <= __FLASH_segment_size__)), error: .ctors is too large to fit in FLASH memory segment)
                0x000000000002ad10                __rodata_load_start__ = ALIGN (__ctors_end__, 0x4)

.rodata         0x000000000002ad10       0xbf
                0x000000000002ad10                __rodata_start__ = .
 *(.rodata .rodata.* .gnu.linkonce.r.*)
 .rodata        0x000000000002ad10        0x4 Output/Release/Obj/ble_app_uart_pca10056_s140/app_timer2.o
 .rodata.m_app_timer_sortlist
                0x000000000002ad14        0xc Output/Release/Obj/ble_app_uart_pca10056_s140/app_timer2.o
 .rodata.delay_machine_code.8444
                0x000000000002ad20        0x6 Output/Release/Obj/ble_app_uart_pca10056_s140/drv_rtc.o
 *fill*         0x000000000002ad26        0x2 
 .rodata.pwr_mgmt_data
                0x000000000002ad28        0xc Output/Release/Obj/ble_app_uart_pca10056_s140/nrf_pwr_mgmt.o
 .rodata.CSWTCH.6
                0x000000000002ad34        0x4 Output/Release/Obj/ble_app_uart_pca10056_s140/system_nrf52840.o
 .rodata.m_board_btn_list
                0x000000000002ad38        0x4 Output/Release/Obj/ble_app_uart_pca10056_s140/boards.o
 .rodata.m_board_led_list
                0x000000000002ad3c        0x4 Output/Release/Obj/ble_app_uart_pca10056_s140/boards.o
 .rodata.repeated_timer_handler.str1.1
                0x000000000002ad40        0x7 Output/Release/Obj/ble_app_uart_pca10056_s140/main.o
 .rodata.main.str1.1
                0x000000000002ad47        0xc Output/Release/Obj/ble_app_uart_pca10056_s140/main.o
 *fill*         0x000000000002ad53        0x1 
 .rodata.m_repeated_timer_id
                0x000000000002ad54        0x4 Output/Release/Obj/ble_app_uart_pca10056_s140/main.o
 .rodata        0x000000000002ad58       0x10 Output/Release/Obj/ble_app_uart_pca10056_s140/ble_nus.o
 .rodata        0x000000000002ad68        0x4 Output/Release/Obj/ble_app_uart_pca10056_s140/nrf_sdh.o
 .rodata.sdh_req_observers
                0x000000000002ad6c        0xc Output/Release/Obj/ble_app_uart_pca10056_s140/nrf_sdh.o
 .rodata.sdh_stack_observers
                0x000000000002ad78        0xc Output/Release/Obj/ble_app_uart_pca10056_s140/nrf_sdh.o
 .rodata.sdh_state_observers
                0x000000000002ad84        0xc Output/Release/Obj/ble_app_uart_pca10056_s140/nrf_sdh.o
 .rodata.sdh_ble_observers
                0x000000000002ad90        0xc Output/Release/Obj/ble_app_uart_pca10056_s140/nrf_sdh_ble.o
 .rodata.sdh_soc_observers
                0x000000000002ad9c        0xc Output/Release/Obj/ble_app_uart_pca10056_s140/nrf_sdh_soc.o
 .rodata.libc.__RAL_hex_lc
                0x000000000002ada8       0x10 /opt/lib/libc_v7em_fpv4_sp_d16_hard_t_le_eabi.a(libc2.o)
                0x000000000002ada8                __RAL_hex_lc
 .rodata.libc.__RAL_hex_uc
                0x000000000002adb8       0x10 /opt/lib/libc_v7em_fpv4_sp_d16_hard_t_le_eabi.a(libc2.o)
                0x000000000002adb8                __RAL_hex_uc
 .rodata.libc.__vfprintf_int.str1.4
                0x000000000002adc8        0x7 /opt/lib/libc_v7em_fpv4_sp_d16_hard_t_le_eabi.a(libvfprintf.o)
                0x000000000002adcf                __rodata_end__ = (__rodata_start__ + SIZEOF (.rodata))
                0x00000000000000bf                __rodata_size__ = SIZEOF (.rodata)
                0x000000000002adcf                __rodata_load_end__ = __rodata_end__

.rel.dyn        0x000000000002add0        0x0
 .rel.iplt      0x000000000002add0        0x0 Output/Release/Obj/ble_app_uart_pca10056_s140/thumb_crt0.o
                0x0000000000000001                . = ASSERT (((__rodata_start__ == __rodata_end__) || ((__rodata_end__ - __FLASH_segment_start__) <= __FLASH_segment_size__)), error: .rodata is too large to fit in FLASH memory segment)
                0x000000000002add0                __ARM.exidx_load_start__ = ALIGN (__rodata_end__, 0x4)

.ARM.exidx      0x000000000002add0        0x0
                0x000000000002add0                __ARM.exidx_start__ = .
                0x000000000002add0                __exidx_start = __ARM.exidx_start__
 *(.ARM.exidx .ARM.exidx.*)
                0x000000000002add0                __ARM.exidx_end__ = (__ARM.exidx_start__ + SIZEOF (.ARM.exidx))
                0x0000000000000000                __ARM.exidx_size__ = SIZEOF (.ARM.exidx)
                0x000000000002add0                __exidx_end = __ARM.exidx_end__
                0x000000000002add0                __ARM.exidx_load_end__ = __ARM.exidx_end__
                0x0000000000000001                . = ASSERT (((__ARM.exidx_start__ == __ARM.exidx_end__) || ((__ARM.exidx_end__ - __FLASH_segment_start__) <= __FLASH_segment_size__)), error: .ARM.exidx is too large to fit in FLASH memory segment)
                0x000000000002add0                __fast_load_start__ = ALIGN (__ARM.exidx_end__, 0x4)

.fast           0x0000000020002ae8        0x0 load address 0x000000000002add0
                0x0000000020002ae8                __fast_start__ = .
 *(.fast .fast.*)
                0x0000000020002ae8                __fast_end__ = (__fast_start__ + SIZEOF (.fast))
                0x0000000000000000                __fast_size__ = SIZEOF (.fast)
                0x000000000002add0                __fast_load_end__ = (__fast_load_start__ + SIZEOF (.fast))
                0x0000000000000001                . = ASSERT (((__fast_load_start__ == __fast_load_end__) || ((__fast_load_end__ - __FLASH_segment_start__) <= __FLASH_segment_size__)), error: .fast is too large to fit in FLASH memory segment)

.fast_run       0x0000000020002ae8        0x0
                0x0000000020002ae8                __fast_run_start__ = .
                0x0000000020002ae8                . = MAX ((__fast_run_start__ + SIZEOF (.fast)), .)
                0x0000000020002ae8                __fast_run_end__ = (__fast_run_start__ + SIZEOF (.fast_run))
                0x0000000000000000                __fast_run_size__ = SIZEOF (.fast_run)
                0x0000000020002ae8                __fast_run_load_end__ = __fast_run_end__
                0x0000000000000001                . = ASSERT (((__fast_run_start__ == __fast_run_end__) || ((__fast_run_end__ - __RAM1_segment_start__) <= __RAM1_segment_size__)), error: .fast_run is too large to fit in RAM1 memory segment)
                0x000000000002add0                __data_load_start__ = ALIGN ((__fast_load_start__ + SIZEOF (.fast)), 0x4)

.data           0x0000000020002ae8       0x4c load address 0x000000000002add0
                0x0000000020002ae8                __data_start__ = .
 *(.data .data.* .gnu.linkonce.d.*)
 .data.m_rtc_inst
                0x0000000020002ae8        0x8 Output/Release/Obj/ble_app_uart_pca10056_s140/app_timer2.o
 .data.app_uart_inst
                0x0000000020002af0       0x14 Output/Release/Obj/ble_app_uart_pca10056_s140/app_uart_fifo.o
 .data.SystemCoreClock
                0x0000000020002b04        0x4 Output/Release/Obj/ble_app_uart_pca10056_s140/system_nrf52840.o
                0x0000000020002b04                SystemCoreClock
 .data.m_adv_uuids
                0x0000000020002b08        0x4 Output/Release/Obj/ble_app_uart_pca10056_s140/main.o
 .data.m_ble_nus_max_data_len
                0x0000000020002b0c        0x2 Output/Release/Obj/ble_app_uart_pca10056_s140/main.o
 .data.m_conn_handle
                0x0000000020002b0e        0x2 Output/Release/Obj/ble_app_uart_pca10056_s140/main.o
 .data.m_nus    0x0000000020002b10       0x1c Output/Release/Obj/ble_app_uart_pca10056_s140/main.o
 .data.m_nus_link_ctx_storage
                0x0000000020002b2c        0x8 Output/Release/Obj/ble_app_uart_pca10056_s140/main.o
                0x0000000020002b34                __data_end__ = (__data_start__ + SIZEOF (.data))
                0x000000000000004c                __data_size__ = SIZEOF (.data)
                0x000000000002ae1c                __data_load_end__ = (__data_load_start__ + SIZEOF (.data))

.igot.plt       0x0000000100000000        0x0
 .igot.plt      0x0000000100000000        0x0 Output/Release/Obj/ble_app_uart_pca10056_s140/thumb_crt0.o
                0x0000000000000001                . = ASSERT (((__data_load_start__ == __data_load_end__) || ((__data_load_end__ - __FLASH_segment_start__) <= __FLASH_segment_size__)), error: .data is too large to fit in FLASH memory segment)

.data_run       0x0000000020002ae8       0x4c load address 0x000000000002add0
                0x0000000020002ae8                __data_run_start__ = .
                0x0000000020002b34                . = MAX ((__data_run_start__ + SIZEOF (.data)), .)
 *fill*         0x0000000020002ae8       0x4c 
                0x0000000020002b34                __data_run_end__ = (__data_run_start__ + SIZEOF (.data_run))
                0x000000000000004c                __data_run_size__ = SIZEOF (.data_run)
                0x0000000020002b34                __data_run_load_end__ = __data_run_end__
                0x0000000000000001                . = ASSERT (((__data_run_start__ == __data_run_end__) || ((__data_run_end__ - __RAM1_segment_start__) <= __RAM1_segment_size__)), error: .data_run is too large to fit in RAM1 memory segment)
                0x000000000002ae1c                __tdata_load_start__ = ALIGN ((__data_load_start__ + SIZEOF (.data)), 0x4)

.tdata          0x0000000020002b34        0x0 load address 0x000000000002ae1c
                0x0000000020002b34                __tdata_start__ = .
 *(.tdata .tdata.*)
                0x0000000020002b34                __tdata_end__ = (__tdata_start__ + SIZEOF (.tdata))
                0x0000000000000000                __tdata_size__ = SIZEOF (.tdata)
                0x000000000002ae1c                __tdata_load_end__ = (__tdata_load_start__ + SIZEOF (.tdata))
                0x000000000002ae1c                __FLASH_segment_used_end__ = (ALIGN ((__data_load_start__ + SIZEOF (.data)), 0x4) + SIZEOF (.tdata))
                0x000000000002ae1c                __FLASH_segment_used_size__ = (__FLASH_segment_used_end__ - __FLASH_segment_start__)
                0x0000000000000001                . = ASSERT (((__tdata_load_start__ == __tdata_load_end__) || ((__tdata_load_end__ - __FLASH_segment_start__) <= __FLASH_segment_size__)), error: .tdata is too large to fit in FLASH memory segment)

.tdata_run      0x0000000020002b34        0x0
                0x0000000020002b34                __tdata_run_start__ = .
                0x0000000020002b34                . = MAX ((__tdata_run_start__ + SIZEOF (.tdata)), .)
                0x0000000020002b34                __tdata_run_end__ = (__tdata_run_start__ + SIZEOF (.tdata_run))
                0x0000000000000000                __tdata_run_size__ = SIZEOF (.tdata_run)
                0x0000000020002b34                __tdata_run_load_end__ = __tdata_run_end__
                0x0000000000000001                . = ASSERT (((__tdata_run_start__ == __tdata_run_end__) || ((__tdata_run_end__ - __RAM1_segment_start__) <= __RAM1_segment_size__)), error: .tdata_run is too large to fit in RAM1 memory segment)
                0x0000000020002b34                __bss_load_start__ = ALIGN (__tdata_run_end__, 0x4)

.bss            0x0000000020002b34      0x768
                0x0000000020002b34                __bss_start__ = .
 *(.bss .bss.* .gnu.linkonce.b.*)
 .bss.m_app_timer_sortlist_sortlist_cb
                0x0000000020002b34        0x4 Output/Release/Obj/ble_app_uart_pca10056_s140/app_timer2.o
 .bss.m_base_counter
                0x0000000020002b38        0x8 Output/Release/Obj/ble_app_uart_pca10056_s140/app_timer2.o
 .bss.m_global_active
                0x0000000020002b40        0x1 Output/Release/Obj/ble_app_uart_pca10056_s140/app_timer2.o
 *fill*         0x0000000020002b41        0x3 
 .bss.m_req_fifo_data
                0x0000000020002b44       0x58 Output/Release/Obj/ble_app_uart_pca10056_s140/app_timer2.o
 .bss.m_req_fifo_inst
                0x0000000020002b9c       0x10 Output/Release/Obj/ble_app_uart_pca10056_s140/app_timer2.o
 *fill*         0x0000000020002bac        0x4 
 .bss.m_stamp64
                0x0000000020002bb0        0x8 Output/Release/Obj/ble_app_uart_pca10056_s140/app_timer2.o
 .bss.mp_active_timer
                0x0000000020002bb8        0x4 Output/Release/Obj/ble_app_uart_pca10056_s140/app_timer2.o
 .bss.m_tx_fifo
                0x0000000020002bbc       0x10 Output/Release/Obj/ble_app_uart_pca10056_s140/app_uart_fifo.o
 .bss.tx_buffer
                0x0000000020002bcc        0x1 Output/Release/Obj/ble_app_uart_pca10056_s140/app_uart_fifo.o
 *fill*         0x0000000020002bcd        0x3 
 .bss.nrf_nvic_state
                0x0000000020002bd0        0xc Output/Release/Obj/ble_app_uart_pca10056_s140/app_util_platform.o
                0x0000000020002bd0                nrf_nvic_state
 .bss.m_cb      0x0000000020002bdc        0x8 Output/Release/Obj/ble_app_uart_pca10056_s140/drv_rtc.o
 .bss.m_handlers
                0x0000000020002be4        0x4 Output/Release/Obj/ble_app_uart_pca10056_s140/drv_rtc.o
 .bss.m_handlers_iter
                0x0000000020002be8        0x8 Output/Release/Obj/ble_app_uart_pca10056_s140/nrf_pwr_mgmt.o
 .bss.m_shutdown_started
                0x0000000020002bf0        0x1 Output/Release/Obj/ble_app_uart_pca10056_s140/nrf_pwr_mgmt.o
 *fill*         0x0000000020002bf1        0x3 
 .bss.m_sysoff_mtx
                0x0000000020002bf4        0x4 Output/Release/Obj/ble_app_uart_pca10056_s140/nrf_pwr_mgmt.o
 .bss.m_clock_cb
                0x0000000020002bf8       0x14 Output/Release/Obj/ble_app_uart_pca10056_s140/nrf_drv_clock.o
 .bss.nrf_drv_uart_use_easy_dma
                0x0000000020002c0c        0x2 Output/Release/Obj/ble_app_uart_pca10056_s140/nrf_drv_uart.o
                0x0000000020002c0c                nrf_drv_uart_use_easy_dma
 *fill*         0x0000000020002c0e        0x2 
 .bss.m_clock_cb
                0x0000000020002c10        0x8 Output/Release/Obj/ble_app_uart_pca10056_s140/nrfx_clock.o
 .bss.m_cb      0x0000000020002c18       0x6c Output/Release/Obj/ble_app_uart_pca10056_s140/nrfx_gpiote.o
 .bss.m_prs_box_4
                0x0000000020002c84        0x8 Output/Release/Obj/ble_app_uart_pca10056_s140/nrfx_prs.o
 .bss.m_cb      0x0000000020002c8c       0x2c Output/Release/Obj/ble_app_uart_pca10056_s140/nrfx_uart.o
 .bss.m_cb      0x0000000020002cb8       0x24 Output/Release/Obj/ble_app_uart_pca10056_s140/nrfx_uarte.o
 .bss.m_alert_on
                0x0000000020002cdc        0x1 Output/Release/Obj/ble_app_uart_pca10056_s140/bsp.o
 *fill*         0x0000000020002cdd        0x3 
 .bss.m_bsp_alert_tmr_data
                0x0000000020002ce0       0x20 Output/Release/Obj/ble_app_uart_pca10056_s140/bsp.o
 .bss.m_bsp_leds_tmr_data
                0x0000000020002d00       0x20 Output/Release/Obj/ble_app_uart_pca10056_s140/bsp.o
 .bss.m_events_list
                0x0000000020002d20        0xc Output/Release/Obj/ble_app_uart_pca10056_s140/bsp.o
 .bss.m_indication_type
                0x0000000020002d2c        0x4 Output/Release/Obj/ble_app_uart_pca10056_s140/bsp.o
 .bss.m_leds_clear
                0x0000000020002d30        0x1 Output/Release/Obj/ble_app_uart_pca10056_s140/bsp.o
 .bss.m_stable_state
                0x0000000020002d31        0x1 Output/Release/Obj/ble_app_uart_pca10056_s140/bsp.o
 *fill*         0x0000000020002d32        0x2 
 .bss.m_error_handler
                0x0000000020002d34        0x4 Output/Release/Obj/ble_app_uart_pca10056_s140/bsp_btn_ble.o
 .bss.m_num_connections
                0x0000000020002d38        0x4 Output/Release/Obj/ble_app_uart_pca10056_s140/bsp_btn_ble.o
 .bss.buff      0x0000000020002d3c        0x8 Output/Release/Obj/ble_app_uart_pca10056_s140/main.o
                0x0000000020002d3c                buff
 .bss.count     0x0000000020002d44        0x4 Output/Release/Obj/ble_app_uart_pca10056_s140/main.o
                0x0000000020002d44                count
 .bss.m_advertising
                0x0000000020002d48      0x434 Output/Release/Obj/ble_app_uart_pca10056_s140/main.o
 .bss.m_gatt    0x000000002000317c       0x14 Output/Release/Obj/ble_app_uart_pca10056_s140/main.o
 .bss.m_nus_link_ctx_storage_ctx_data_pool
                0x0000000020003190        0x4 Output/Release/Obj/ble_app_uart_pca10056_s140/main.o
 .bss.m_qwr     0x0000000020003194        0xc Output/Release/Obj/ble_app_uart_pca10056_s140/main.o
 .bss.m_repeated_timer_id_data
                0x00000000200031a0       0x20 Output/Release/Obj/ble_app_uart_pca10056_s140/main.o
 .bss.m_conn_params_config
                0x00000000200031c0       0x1c Output/Release/Obj/ble_app_uart_pca10056_s140/ble_conn_params.o
 .bss.m_conn_params_instances
                0x00000000200031dc       0x14 Output/Release/Obj/ble_app_uart_pca10056_s140/ble_conn_params.o
 .bss.m_preferred_conn_params
                0x00000000200031f0        0x8 Output/Release/Obj/ble_app_uart_pca10056_s140/ble_conn_params.o
 .bss.m_timer_data
                0x00000000200031f8       0x20 Output/Release/Obj/ble_app_uart_pca10056_s140/ble_conn_params.o
 .bss.m_bcs     0x0000000020003218       0x7c Output/Release/Obj/ble_app_uart_pca10056_s140/ble_conn_state.o
 .bss.m_nrf_sdh_continue
                0x0000000020003294        0x1 Output/Release/Obj/ble_app_uart_pca10056_s140/nrf_sdh.o
 .bss.m_nrf_sdh_enabled
                0x0000000020003295        0x1 Output/Release/Obj/ble_app_uart_pca10056_s140/nrf_sdh.o
 .bss.m_nrf_sdh_suspended
                0x0000000020003296        0x1 Output/Release/Obj/ble_app_uart_pca10056_s140/nrf_sdh.o
 .bss.m_stack_is_enabled
                0x0000000020003297        0x1 Output/Release/Obj/ble_app_uart_pca10056_s140/nrf_sdh_ble.o
 .bss.libc.__user_format_extender
                0x0000000020003298        0x4 /opt/lib/libc_v7em_fpv4_sp_d16_hard_t_le_eabi.a(libc2.o)
                0x0000000020003298                __user_format_extender
 *(COMMON)
                0x000000002000329c                __bss_end__ = (__bss_start__ + SIZEOF (.bss))
                0x0000000000000768                __bss_size__ = SIZEOF (.bss)
                0x000000002000329c                __bss_load_end__ = __bss_end__
                0x0000000000000001                . = ASSERT (((__bss_start__ == __bss_end__) || ((__bss_end__ - __RAM1_segment_start__) <= __RAM1_segment_size__)), error: .bss is too large to fit in RAM1 memory segment)
                0x000000002000329c                __tbss_load_start__ = ALIGN (__bss_end__, 0x4)

.tbss           0x000000002000329c        0x0
                0x000000002000329c                __tbss_start__ = .
 *(.tbss .tbss.*)
                0x000000002000329c                __tbss_end__ = (__tbss_start__ + SIZEOF (.tbss))
                0x0000000000000000                __tbss_size__ = SIZEOF (.tbss)
                0x000000002000329c                __tbss_load_end__ = __tbss_end__
                0x0000000000000001                . = ASSERT (((__tbss_start__ == __tbss_end__) || ((__tbss_end__ - __RAM1_segment_start__) <= __RAM1_segment_size__)), error: .tbss is too large to fit in RAM1 memory segment)
                0x000000002000329c                __non_init_load_start__ = ALIGN (__tbss_end__, 0x4)

.non_init       0x000000002000329c        0x0
                0x000000002000329c                __non_init_start__ = .
 *(.non_init .non_init.*)
                0x000000002000329c                __non_init_end__ = (__non_init_start__ + SIZEOF (.non_init))
                0x0000000000000000                __non_init_size__ = SIZEOF (.non_init)
                0x000000002000329c                __non_init_load_end__ = __non_init_end__
                0x0000000000000001                . = ASSERT (((__non_init_start__ == __non_init_end__) || ((__non_init_end__ - __RAM1_segment_start__) <= __RAM1_segment_size__)), error: .non_init is too large to fit in RAM1 memory segment)
                0x000000002000329c                __heap_load_start__ = ALIGN (__non_init_end__, 0x4)

.heap           0x000000002000329c     0x2000
                0x000000002000329c                __heap_start__ = .
 *(.heap .heap.*)
                0x000000002000529c                . = ALIGN (MAX ((__heap_start__ + __HEAPSIZE__), .), 0x4)
 *fill*         0x000000002000329c     0x2000 
                0x000000002000529c                __heap_end__ = (__heap_start__ + SIZEOF (.heap))
                0x0000000000002000                __heap_size__ = SIZEOF (.heap)
                0x000000002000529c                __heap_load_end__ = __heap_end__
                0x0000000000000001                . = ASSERT (((__heap_start__ == __heap_end__) || ((__heap_end__ - __RAM1_segment_start__) <= __RAM1_segment_size__)), error: .heap is too large to fit in RAM1 memory segment)
                0x000000002003e000                __stack_load_start__ = (__RAM1_segment_start__ + (__RAM1_segment_size__ - 0x2000))

.stack          0x000000002003e000     0x2000
                0x000000002003e000                __stack_start__ = .